Component: ARM Compiler 5.06 update 5 (build 528) Tool: armlink [4d35e2]

==============================================================================

Section Cross References

    system_stm32f10x.o(i.SetSysClock) refers to system_stm32f10x.o(i.SetSysClockTo72) for SetSysClockTo72
    system_stm32f10x.o(i.SystemCoreClockUpdate) refers to system_stm32f10x.o(.data) for .data
    system_stm32f10x.o(i.SystemInit) refers to system_stm32f10x.o(i.SetSysClock) for SetSysClock
    startup_stm32f10x_md.o(RESET) refers to startup_stm32f10x_md.o(STACK) for __initial_sp
    startup_stm32f10x_md.o(RESET) refers to startup_stm32f10x_md.o(.text) for Reset_Handler
    startup_stm32f10x_md.o(RESET) refers to stm32f10x_it.o(i.NMI_Handler) for NMI_Handler
    startup_stm32f10x_md.o(RESET) refers to stm32f10x_it.o(i.HardFault_Handler) for HardFault_Handler
    startup_stm32f10x_md.o(RESET) refers to stm32f10x_it.o(i.MemManage_Handler) for MemManage_Handler
    startup_stm32f10x_md.o(RESET) refers to stm32f10x_it.o(i.BusFault_Handler) for BusFault_Handler
    startup_stm32f10x_md.o(RESET) refers to stm32f10x_it.o(i.UsageFault_Handler) for UsageFault_Handler
    startup_stm32f10x_md.o(RESET) refers to stm32f10x_it.o(i.SVC_Handler) for SVC_Handler
    startup_stm32f10x_md.o(RESET) refers to stm32f10x_it.o(i.DebugMon_Handler) for DebugMon_Handler
    startup_stm32f10x_md.o(RESET) refers to stm32f10x_it.o(i.PendSV_Handler) for PendSV_Handler
    startup_stm32f10x_md.o(RESET) refers to stm32f10x_it.o(i.SysTick_Handler) for SysTick_Handler
    startup_stm32f10x_md.o(RESET) refers to find_flag.o(i.EXTI4_IRQHandler) for EXTI4_IRQHandler
    startup_stm32f10x_md.o(RESET) refers to control.o(i.TIM1_UP_IRQHandler) for TIM1_UP_IRQHandler
    startup_stm32f10x_md.o(RESET) refers to ultrasonic.o(i.TIM3_IRQHandler) for TIM3_IRQHandler
    startup_stm32f10x_md.o(RESET) refers to usart.o(i.USART1_IRQHandler) for USART1_IRQHandler
    startup_stm32f10x_md.o(RESET) refers to usart.o(i.USART2_IRQHandler) for USART2_IRQHandler
    startup_stm32f10x_md.o(RESET) refers to usart.o(i.USART3_IRQHandler) for USART3_IRQHandler
    startup_stm32f10x_md.o(.text) refers to system_stm32f10x.o(i.SystemInit) for SystemInit
    startup_stm32f10x_md.o(.text) refers to entry.o(.ARM.Collect$$$$00000000) for __main
    stm32f10x_adc.o(i.ADC_DeInit) refers to stm32f10x_rcc.o(i.RCC_APB2PeriphResetCmd) for RCC_APB2PeriphResetCmd
    stm32f10x_bkp.o(i.BKP_DeInit) refers to stm32f10x_rcc.o(i.RCC_BackupResetCmd) for RCC_BackupResetCmd
    stm32f10x_can.o(i.CAN_DeInit) refers to stm32f10x_rcc.o(i.RCC_APB1PeriphResetCmd) for RCC_APB1PeriphResetCmd
    stm32f10x_can.o(i.CAN_GetITStatus) refers to stm32f10x_can.o(i.CheckITStatus) for CheckITStatus
    stm32f10x_cec.o(i.CEC_DeInit) refers to stm32f10x_rcc.o(i.RCC_APB1PeriphResetCmd) for RCC_APB1PeriphResetCmd
    stm32f10x_dac.o(i.DAC_DeInit) refers to stm32f10x_rcc.o(i.RCC_APB1PeriphResetCmd) for RCC_APB1PeriphResetCmd
    stm32f10x_flash.o(i.FLASH_EnableWriteProtection) refers to stm32f10x_flash.o(i.FLASH_WaitForLastOperation) for FLASH_WaitForLastOperation
    stm32f10x_flash.o(i.FLASH_EraseAllBank1Pages) refers to stm32f10x_flash.o(i.FLASH_WaitForLastBank1Operation) for FLASH_WaitForLastBank1Operation
    stm32f10x_flash.o(i.FLASH_EraseAllPages) refers to stm32f10x_flash.o(i.FLASH_WaitForLastOperation) for FLASH_WaitForLastOperation
    stm32f10x_flash.o(i.FLASH_EraseOptionBytes) refers to stm32f10x_flash.o(i.FLASH_GetReadOutProtectionStatus) for FLASH_GetReadOutProtectionStatus
    stm32f10x_flash.o(i.FLASH_EraseOptionBytes) refers to stm32f10x_flash.o(i.FLASH_WaitForLastOperation) for FLASH_WaitForLastOperation
    stm32f10x_flash.o(i.FLASH_ErasePage) refers to stm32f10x_flash.o(i.FLASH_WaitForLastOperation) for FLASH_WaitForLastOperation
    stm32f10x_flash.o(i.FLASH_ProgramHalfWord) refers to stm32f10x_flash.o(i.FLASH_WaitForLastOperation) for FLASH_WaitForLastOperation
    stm32f10x_flash.o(i.FLASH_ProgramOptionByteData) refers to stm32f10x_flash.o(i.FLASH_WaitForLastOperation) for FLASH_WaitForLastOperation
    stm32f10x_flash.o(i.FLASH_ProgramWord) refers to stm32f10x_flash.o(i.FLASH_WaitForLastOperation) for FLASH_WaitForLastOperation
    stm32f10x_flash.o(i.FLASH_ReadOutProtection) refers to stm32f10x_flash.o(i.FLASH_WaitForLastOperation) for FLASH_WaitForLastOperation
    stm32f10x_flash.o(i.FLASH_UserOptionByteConfig) refers to stm32f10x_flash.o(i.FLASH_WaitForLastOperation) for FLASH_WaitForLastOperation
    stm32f10x_flash.o(i.FLASH_WaitForLastBank1Operation) refers to stm32f10x_flash.o(i.FLASH_GetBank1Status) for FLASH_GetBank1Status
    stm32f10x_flash.o(i.FLASH_WaitForLastOperation) refers to stm32f10x_flash.o(i.FLASH_GetBank1Status) for FLASH_GetBank1Status
    stm32f10x_gpio.o(i.GPIO_AFIODeInit) refers to stm32f10x_rcc.o(i.RCC_APB2PeriphResetCmd) for RCC_APB2PeriphResetCmd
    stm32f10x_gpio.o(i.GPIO_DeInit) refers to stm32f10x_rcc.o(i.RCC_APB2PeriphResetCmd) for RCC_APB2PeriphResetCmd
[...]
    ../clib/microlib/printf/printf.c         0x00000000   Number         0  printfa.o ABSOLUTE
    ../clib/microlib/printf/printf.c         0x00000000   Number         0  printf8.o ABSOLUTE
    ../clib/microlib/printf/printf.c         0x00000000   Number         0  printfb.o ABSOLUTE
    ../clib/microlib/printf/printf.c         0x00000000   Number         0  printf0.o ABSOLUTE
    ../clib/microlib/printf/printf.c         0x00000000   Number         0  printf1.o ABSOLUTE
    ../clib/microlib/printf/printf.c         0x00000000   Number         0  printf2.o ABSOLUTE
    ../clib/microlib/printf/printf.c         0x00000000   Number         0  printf3.o ABSOLUTE
    ../clib/microlib/printf/printf.c         0x00000000   Number         0  printf6.o ABSOLUTE
    ../clib/microlib/printf/printf.c         0x00000000   Number         0  printf4.o ABSOLUTE
    ../clib/microlib/printf/printf.c         0x00000000   Number         0  printf5.o ABSOLUTE
    ../clib/microlib/printf/stubs.s          0x00000000   Number         0  stubs.o ABSOLUTE
    ../clib/microlib/stdio/streams.c         0x00000000   Number         0  stdout.o ABSOLUTE
    ../clib/microlib/string/memcmp.c         0x00000000   Number         0  memcmp.o ABSOLUTE
    ../clib/microlib/string/memset.c         0x00000000   Number         0  memseta.o ABSOLUTE
    ../clib/microlib/string/strcmp.c         0x00000000   Number         0  strcmp.o ABSOLUTE
    ../clib/microlib/stubs.s                 0x00000000   Number         0  iusefp.o ABSOLUTE
    ../fplib/microlib/d2f.c                  0x00000000   Number         0  d2f.o ABSOLUTE
    ../fplib/microlib/f2d.c                  0x00000000   Number         0  f2d.o ABSOLUTE
    ../fplib/microlib/fpadd.c                0x00000000   Number         0  fadd.o ABSOLUTE
    ../fplib/microlib/fpadd.c                0x00000000   Number         0  dadd.o ABSOLUTE
    ../fplib/microlib/fpdiv.c                0x00000000   Number         0  fdiv.o ABSOLUTE
    ../fplib/microlib/fpdiv.c                0x00000000   Number         0  ddiv.o ABSOLUTE
    ../fplib/microlib/fpepilogue.c           0x00000000   Number         0  depilogue.o ABSOLUTE
    ../fplib/microlib/fpepilogue.c           0x00000000   Number         0  fepilogue.o ABSOLUTE
    ../fplib/microlib/fpfix.c                0x00000000   Number         0  dfixi.o ABSOLUTE
    ../fplib/microlib/fpfix.c                0x00000000   Number         0  ffixi.o ABSOLUTE
    ../fplib/microlib/fpfix.c                0x00000000   Number         0  ffixui.o ABSOLUTE
    ../fplib/microlib/fpfix.c                0x00000000   Number         0  dfixul.o ABSOLUTE
    ../fplib/microlib/fpflt.c                0x00000000   Number         0  dflti.o ABSOLUTE
    ../fplib/microlib/fpflt.c                0x00000000   Number         0  fflti.o ABSOLUTE
    ../fplib/microlib/fpflt.c                0x00000000   Number         0  ffltui.o ABSOLUTE
    ../fplib/microlib/fpmul.c                0x00000000   Number         0  dmul.o ABSOLUTE
    ../fplib/microlib/fpmul.c                0x00000000   Number         0  fmul.o ABSOLUTE
    ../fplib/microlib/fpscalb.c              0x00000000   Number         0  fscalb.o ABSOLUTE
    ../fplib/microlib/fpscalb.c              0x00000000   Number         0  dscalb.o ABSOLUTE
    ../fplib/microlib/fpsqrt.c               0x00000000   Number         0  dsqrt.o ABSOLUTE
    ../mathlib/asin.c                        0x00000000   Number         0  asin.o ABSOLUTE
    ../mathlib/asin.c                        0x00000000   Number         0  asin_x.o ABSOLUTE
    ../mathlib/atan.c                        0x00000000   Number         0  atan.o ABSOLUTE
    ../mathlib/atan.c                        0x00000000   Number         0  atan_x.o ABSOLUTE
    ../mathlib/atan2.c                       0x00000000   Number         0  atan2.o ABSOLUTE
    ../mathlib/atan2.c                       0x00000000   Number         0  atan2_x.o ABSOLUTE
    ../mathlib/dunder.c                      0x00000000   Number         0  dunder.o ABSOLUTE
    ../mathlib/fpclassify.c                  0x00000000   Number         0  fpclassify.o ABSOLUTE
    ../mathlib/poly.c                        0x00000000   Number         0  poly.o ABSOLUTE
    ../mathlib/qnan.c                        0x00000000   Number         0  qnan.o ABSOLUTE
    ../mathlib/sqrt.c                        0x00000000   Number         0  sqrt.o ABSOLUTE
    ../mathlib/sqrt.c                        0x00000000   Number         0  sqrt_x.o ABSOLUTE
    Hardware\Find_flag.c                     0x00000000   Number         0  find_flag.o ABSOLUTE
    Hardware\Key.c                           0x00000000   Number         0  key.o ABSOLUTE
    Hardware\MPU6050\inv_mpu.c               0x00000000   Number         0  inv_mpu.o ABSOLUTE
    Hardware\MPU6050\inv_mpu_dmp_motion_driver.c 0x00000000   Number         0  inv_mpu_dmp_motion_driver.o ABSOLUTE
    Hardware\MPU6050\mpu6050.c               0x00000000   Number         0  mpu6050.o ABSOLUTE
    Hardware\MPU6050\mpuiic.c                0x00000000   Number         0  mpuiic.o ABSOLUTE
    Hardware\Motor.c                         0x00000000   Number         0  motor.o ABSOLUTE
    Hardware\Trail.c                         0x00000000   Number         0  trail.o ABSOLUTE
    Hardware\Ultrasonic.c                    0x00000000   Number         0  ultrasonic.o ABSOLUTE
    Hardware\encode.c                        0x00000000   Number         0  encode.o ABSOLUTE
    Hardware\oled.c                          0x00000000   Number         0  oled.o ABSOLUTE
    Library\misc.c                           0x00000000   Number         0  misc.o ABSOLUTE
    Library\stm32f10x_adc.c                  0x00000000   Number         0  stm32f10x_adc.o ABSOLUTE
    Library\stm32f10x_bkp.c                  0x00000000   Number         0  stm32f10x_bkp.o ABSOLUTE
    Library\stm32f10x_can.c                  0x00000000   Number         0  stm32f10x_can.o ABSOLUTE
    Library\stm32f10x_cec.c                  0x00000000   Number         0  stm32f10x_cec.o ABSOLUTE
    Library\stm32f10x_crc.c                  0x00000000   Number         0  stm32f10x_crc.o ABSOLUTE
    Library\stm32f10x_dac.c                  0x00000000   Number         0  stm32f10x_dac.o ABSOLUTE
    Library\stm32f10x_dbgmcu.c               0x00000000   Number         0  stm32f10x_dbgmcu.o ABSOLUTE
    Library\stm32f10x_dma.c                  0x00000000   Number         0  stm32f10x_dma.o ABSOLUTE
    Library\stm32f10x_exti.c                 0x00000000   Number         0  stm32f10x_exti.o ABSOLUTE
    Library\stm32f10x_flash.c                0x00000000   Number         0  stm32f10x_flash.o ABSOLUTE
    Library\stm32f10x_fsmc.c                 0x00000000   Number         0  stm32f10x_fsmc.o ABSOLUTE
    Library\stm32f10x_gpio.c                 0x00000000   Number         0  stm32f10x_gpio.o ABSOLUTE
    Library\stm32f10x_i2c.c                  0x00000000   Number         0  stm32f10x_i2c.o ABSOLUTE
    Library\stm32f10x_iwdg.c                 0x00000000   Number         0  stm32f10x_iwdg.o ABSOLUTE
    Library\stm32f10x_pwr.c                  0x00000000   Number         0  stm32f10x_pwr.o ABSOLUTE
    Library\stm32f10x_rcc.c                  0x00000000   Number         0  stm32f10x_rcc.o ABSOLUTE
    Library\stm32f10x_rtc.c                  0x00000000   Number         0  stm32f10x_rtc.o ABSOLUTE
    Library\stm32f10x_sdio.c                 0x00000000   Number         0  stm32f10x_sdio.o ABSOLUTE
    Library\stm32f10x_spi.c                  0x00000000   Number         0  stm32f10x_spi.o ABSOLUTE
    Library\stm32f10x_tim.c                  0x00000000   Number         0  stm32f10x_tim.o ABSOLUTE
    Library\stm32f10x_usart.c                0x00000000   Number         0  stm32f10x_usart.o ABSOLUTE
    Library\stm32f10x_wwdg.c                 0x00000000   Number         0  stm32f10x_wwdg.o ABSOLUTE
    Start\\core_cm3.c                        0x00000000   Number         0  core_cm3.o ABSOLUTE
    Start\core_cm3.c                         0x00000000   Number         0  core_cm3.o ABSOLUTE
    Start\startup_stm32f10x_md.s             0x00000000   Number         0  startup_stm32f10x_md.o ABSOLUTE
    Start\system_stm32f10x.c                 0x00000000   Number         0  system_stm32f10x.o ABSOLUTE
    System\ADC.c                             0x00000000   Number         0  adc.o ABSOLUTE
    System\Delay.c                           0x00000000   Number         0  delay.o ABSOLUTE
    System\PWM.c                             0x00000000   Number         0  pwm.o ABSOLUTE
    System\Timer.c                           0x00000000   Number         0  timer.o ABSOLUTE
    System\sys.c                             0x00000000   Number         0  sys.o ABSOLUTE
    System\usart.c                           0x00000000   Number         0  usart.o ABSOLUTE
    User\GUI_control.c                       0x00000000   Number         0  gui_control.o ABSOLUTE
    User\control.c                           0x00000000   Number         0  control.o ABSOLUTE
    User\main.c                              0x00000000   Number         0  main.o ABSOLUTE
    User\stm32f10x_it.c                      0x00000000   Number         0  stm32f10x_it.o ABSOLUTE
    cdcmple.s                                0x00000000   Number         0  cdcmple.o ABSOLUTE
    cdrcmple.s                               0x00000000   Number         0  cdrcmple.o ABSOLUTE
    dc.s                                     0x00000000   Number         0  dc.o ABSOLUTE
    handlers.s                               0x00000000   Number         0  handlers.o ABSOLUTE
    init.s                                   0x00000000   Number         0  init.o ABSOLUTE
    RESET                                    0x08000000   Section      236  startup_stm32f10x_md.o(RESET)
    .ARM.Collect$$$$00000000                 0x080000ec   Section        0  entry.o(.ARM.Collect$$$$00000000)
    .ARM.Collect$$$$00000001                 0x080000ec   Section        4  entry2.o(.ARM.Collect$$$$00000001)
    .ARM.Collect$$$$00000004                 0x080000f0   Section        4  entry5.o(.ARM.Collect$$$$00000004)
    .ARM.Collect$$$$00000008                 0x080000f4   Section        0  entry7b.o(.ARM.Collect$$$$00000008)
    .ARM.Collect$$$$0000000A                 0x080000f4   Section        0  entry8b.o(.ARM.Collect$$$$0000000A)
    .ARM.Collect$$$$0000000B                 0x080000f4   Section        8  entry9a.o(.ARM.Collect$$$$0000000B)
    .ARM.Collect$$$$0000000D                 0x080000fc   Section        0  entry10a.o(.ARM.Collect$$$$0000000D)
    .ARM.Collect$$$$0000000F                 0x080000fc   Section        0  entry11a.o(.ARM.Collect$$$$0000000F)
    .ARM.Collect$$$$00002712                 0x080000fc   Section        4  entry2.o(.ARM.Collect$$$$00002712)
    __lit__00000000                          0x080000fc   Data           4  entry2.o(.ARM.Collect$$$$00002712)
    .text                                    0x08000100   Section       36  startup_stm32f10x_md.o(.text)
    .text                                    0x08000124   Section        0  memseta.o(.text)
    .text                                    0x08000148   Section        0  strcmp.o(.text)
    .text                                    0x08000164   Section        0  fadd.o(.text)
    .text                                    0x08000214   Section        0  fmul.o(.text)
    .text                                    0x08000278   Section        0  fdiv.o(.text)
    .text                                    0x080002f4   Section        0  dadd.o(.text)
    .text                                    0x08000442   Section        0  dmul.o(.text)
    .text                                    0x08000526   Section        0  ddiv.o(.text)
    .text                                    0x08000604   Section        0  fflti.o(.text)
    .text                                    0x08000616   Section        0  ffltui.o(.text)
    .text                                    0x08000620   Section        0  ffixi.o(.text)
    .text                                    0x08000652   Section        0  uidiv.o(.text)
    .text                                    0x0800067e   Section        0  uldiv.o(.text)
    .text                                    0x080006e0   Section        0  llshl.o(.text)
    .text                                    0x080006fe   Section        0  llushr.o(.text)
    .text                                    0x0800071e   Section        0  llsshr.o(.text)
    .text                                    0x08000742   Section        0  iusefp.o(.text)
    .text                                    0x08000742   Section        0  fepilogue.o(.text)
    .text                                    0x080007b0   Section        0  depilogue.o(.text)
    .text                                    0x0800086a   Section        0  dfixul.o(.text)
    .text                                    0x0800089c   Section       48  cdrcmple.o(.text)
    .text                                    0x080008cc   Section       36  init.o(.text)
    .text                                    0x080008f0   Section        0  __dczerorl2.o(.text)
    i.BusFault_Handler                       0x08000946   Section        0  stm32f10x_it.o(i.BusFault_Handler)
    i.DebugMon_Handler                       0x08000948   Section        0  stm32f10x_it.o(i.DebugMon_Handler)
    i.EXTI4_IRQHandler                       0x0800094c   Section        0  find_flag.o(i.EXTI4_IRQHandler)
    i.EXTI_ClearITPendingBit                 0x08000974   Section        0  stm32f10x_exti.o(i.EXTI_ClearITPendingBit)
    i.EXTI_Init                              0x08000980   Section        0  stm32f10x_exti.o(i.EXTI_Init)
    i.FLASH_ErasePage                        0x080009f4   Section        0  stm32f10x_flash.o(i.FLASH_ErasePage)
    i.FLASH_GetBank1Status                   0x08000a30   Section        0  stm32f10x_flash.o(i.FLASH_GetBank1Status)
    i.FLASH_Lock                             0x08000a58   Section        0  stm32f10x_flash.o(i.FLASH_Lock)
    i.FLASH_ProgramWord                      0x08000a68   Section        0  stm32f10x_flash.o(i.FLASH_ProgramWord)
    i.FLASH_Unlock                           0x08000ac4   Section        0  stm32f10x_flash.o(i.FLASH_Unlock)
    i.FLASH_WaitForLastOperation             0x08000adc   Section        0  stm32f10x_flash.o(i.FLASH_WaitForLastOperation)
    i.Find_line_init                         0x08000afc   Section        0  find_flag.o(i.Find_line_init)
    i.GPIO_EXTILineConfig                    0x08000b6c   Section        0  stm32f10x_gpio.o(i.GPIO_EXTILineConfig)
    i.GPIO_Init                              0x08000b94   Section        0  stm32f10x_gpio.o(i.GPIO_Init)
    i.GPIO_PinRemapConfig                    0x08000c3c   Section        0  stm32f10x_gpio.o(i.GPIO_PinRemapConfig)
    i.GPIO_ReadInputDataBit                  0x08000c98   Section        0  stm32f10x_gpio.o(i.GPIO_ReadInputDataBit)
    i.GPIO_ResetBits                         0x08000ca6   Section        0  stm32f10x_gpio.o(i.GPIO_ResetBits)
    i.GPIO_SetBits                           0x08000caa   Section        0  stm32f10x_gpio.o(i.GPIO_SetBits)
    i.GUI_control_PID                        0x08000cb0   Section        0  gui_control.o(i.GUI_control_PID)
    i.Go_Forward                             0x08001354   Section        0  motor.o(i.Go_Forward)
    i.HardFault_Handler                      0x08001368   Section        0  stm32f10x_it.o(i.HardFault_Handler)
    i.I2C_Start                              0x0800136c   Section        0  oled.o(i.I2C_Start)
    i.I2C_Stop                               0x080013a4   Section        0  oled.o(i.I2C_Stop)
    i.I2C_WaitAck                            0x080013cc   Section        0  oled.o(i.I2C_WaitAck)
    i.IIC_delay                              0x080013fc   Section        0  oled.o(i.IIC_delay)
    i.KEY_Scan                               0x08001408   Section        0  key.o(i.KEY_Scan)
    i.Key_Init                               0x080014f4   Section        0  key.o(i.Key_Init)
    i.LEncoder_Init                          0x08001520   Section        0  encode.o(i.LEncoder_Init)
    i.LMotor_Setspeed                        0x080015c4   Section        0  motor.o(i.LMotor_Setspeed)
    i.LPID_realize                           0x0800160c   Section        0  control.o(i.LPID_realize)
    i.MemManage_Handler                      0x0800165c   Section        0  stm32f10x_it.o(i.MemManage_Handler)
    i.Mod_Select                             0x08001660   Section        0  main.o(i.Mod_Select)
    i.Motor_Init                             0x0800178c   Section        0  motor.o(i.Motor_Init)
    i.Motor_L                                0x080017d4   Section        0  motor.o(i.Motor_L)
    i.Motor_R                                0x080017d8   Section        0  motor.o(i.Motor_R)
    i.NMI_Handler                            0x080017dc   Section        0  stm32f10x_it.o(i.NMI_Handler)
    i.NVIC_Init                              0x080017e0   Section        0  misc.o(i.NVIC_Init)
    i.NVIC_PriorityGroupConfig               0x08001844   Section        0  misc.o(i.NVIC_PriorityGroupConfig)
    i.OLED_Clear                             0x08001858   Section        0  oled.o(i.OLED_Clear)
    i.OLED_DrawPoint                         0x08001884   Section        0  oled.o(i.OLED_DrawPoint)
    i.OLED_Init                              0x080018b4   Section        0  oled.o(i.OLED_Init)
    i.OLED_Pow                               0x080019ec   Section        0  oled.o(i.OLED_Pow)
    i.OLED_Refresh                           0x080019fc   Section        0  oled.o(i.OLED_Refresh)
    i.OLED_ShowChar                          0x08001a60   Section        0  oled.o(i.OLED_ShowChar)
    i.OLED_ShowNum                           0x08001b58   Section        0  oled.o(i.OLED_ShowNum)
    i.OLED_ShowString                        0x08001bd2   Section        0  oled.o(i.OLED_ShowString)
    i.OLED_WR_Byte                           0x08001c0e   Section        0  oled.o(i.OLED_WR_Byte)
    i.OLED_clearare                          0x08001c48   Section        0  oled.o(i.OLED_clearare)
    i.OLED_printf                            0x08001c78   Section        0  oled.o(i.OLED_printf)
    i.PWM_Init                               0x08001cb0   Section        0  pwm.o(i.PWM_Init)
    i.PWM_SetCompare1                        0x08001d5c   Section        0  pwm.o(i.PWM_SetCompare1)
    i.PWM_SetCompare2                        0x08001d66   Section        0  pwm.o(i.PWM_SetCompare2)
    i.PendSV_Handler                         0x08001d70   Section        0  stm32f10x_it.o(i.PendSV_Handler)
    i.Position_PID                           0x08001d74   Section        0  control.o(i.Position_PID)
    i.RCC_APB1PeriphClockCmd                 0x08001df4   Section        0  stm32f10x_rcc.o(i.RCC_APB1PeriphClockCmd)
    i.RCC_APB2PeriphClockCmd                 0x08001e10   Section        0  stm32f10x_rcc.o(i.RCC_APB2PeriphClockCmd)
    i.RCC_GetClocksFreq                      0x08001e2c   Section        0  stm32f10x_rcc.o(i.RCC_GetClocksFreq)
    i.REncoder_Init                          0x08001ed8   Section        0  encode.o(i.REncoder_Init)
    i.RMotor_Setspeed                        0x08001f7c   Section        0  motor.o(i.RMotor_Setspeed)
    i.RPID_realize                           0x08001fc4   Section        0  control.o(i.RPID_realize)
    i.Read_EncoderL                          0x08002014   Section        0  encode.o(i.Read_EncoderL)
    i.Read_EncoderR                          0x08002028   Section        0  encode.o(i.Read_EncoderR)
    i.SVC_Handler                            0x0800203c   Section        0  stm32f10x_it.o(i.SVC_Handler)
    i.Send_Byte                              0x08002040   Section        0  oled.o(i.Send_Byte)
    i.SetSysClock                            0x08002088   Section        0  system_stm32f10x.o(i.SetSysClock)
    SetSysClock                              0x08002089   Thumb Code     4  system_stm32f10x.o(i.SetSysClock)
    i.SetSysClockTo72                        0x0800208c   Section        0  system_stm32f10x.o(i.SetSysClockTo72)
    SetSysClockTo72                          0x0800208d   Thumb Code   166  system_stm32f10x.o(i.SetSysClockTo72)
    i.Set_Pwm                                0x0800213c   Section        0  control.o(i.Set_Pwm)
    i.Show_roe                               0x08002150   Section        0  main.o(i.Show_roe)
    i.SysTick_Handler                        0x080021b8   Section        0  stm32f10x_it.o(i.SysTick_Handler)
    i.SystemInit                             0x080021bc   Section        0  system_stm32f10x.o(i.SystemInit)
    i.TI1_Config                             0x0800220c   Section        0  stm32f10x_tim.o(i.TI1_Config)
    TI1_Config                               0x0800220d   Thumb Code    94  stm32f10x_tim.o(i.TI1_Config)
    i.TI2_Config                             0x08002280   Section        0  stm32f10x_tim.o(i.TI2_Config)
    TI2_Config                               0x08002281   Thumb Code   102  stm32f10x_tim.o(i.TI2_Config)
    i.TI3_Config                             0x080022fc   Section        0  stm32f10x_tim.o(i.TI3_Config)
    TI3_Config                               0x080022fd   Thumb Code    98  stm32f10x_tim.o(i.TI3_Config)
    i.TI4_Config                             0x08002374   Section        0  stm32f10x_tim.o(i.TI4_Config)
    TI4_Config                               0x08002375   Thumb Code   102  stm32f10x_tim.o(i.TI4_Config)
    i.TIM1_UP_IRQHandler                     0x080023f0   Section        0  control.o(i.TIM1_UP_IRQHandler)
    i.TIM3_IRQHandler                        0x080024d0   Section        0  ultrasonic.o(i.TIM3_IRQHandler)
    i.TIM_ClearFlag                          0x08002650   Section        0  stm32f10x_tim.o(i.TIM_ClearFlag)
    i.TIM_ClearITPendingBit                  0x08002656   Section        0  stm32f10x_tim.o(i.TIM_ClearITPendingBit)
    i.TIM_Cmd                                0x0800265c   Section        0  stm32f10x_tim.o(i.TIM_Cmd)
    i.TIM_EncoderInterfaceConfig             0x08002674   Section        0  stm32f10x_tim.o(i.TIM_EncoderInterfaceConfig)
    i.TIM_GetCapture1                        0x080026a6   Section        0  stm32f10x_tim.o(i.TIM_GetCapture1)
    i.TIM_GetCapture2                        0x080026aa   Section        0  stm32f10x_tim.o(i.TIM_GetCapture2)
    i.TIM_GetCapture3                        0x080026ae   Section        0  stm32f10x_tim.o(i.TIM_GetCapture3)
    i.TIM_GetITStatus                        0x080026b2   Section        0  stm32f10x_tim.o(i.TIM_GetITStatus)
    i.TIM_ICInit                             0x080026cc   Section        0  stm32f10x_tim.o(i.TIM_ICInit)
    i.TIM_ICStructInit                       0x08002758   Section        0  stm32f10x_tim.o(i.TIM_ICStructInit)
    i.TIM_ITConfig                           0x08002768   Section        0  stm32f10x_tim.o(i.TIM_ITConfig)
    i.TIM_InternalClockConfig                0x0800277c   Section        0  stm32f10x_tim.o(i.TIM_InternalClockConfig)
    i.TIM_OC1Init                            0x08002788   Section        0  stm32f10x_tim.o(i.TIM_OC1Init)
    i.TIM_OC1PolarityConfig                  0x08002810   Section        0  stm32f10x_tim.o(i.TIM_OC1PolarityConfig)
    i.TIM_OC2Init                            0x0800281c   Section        0  stm32f10x_tim.o(i.TIM_OC2Init)
    i.TIM_OC2PolarityConfig                  0x080028a4   Section        0  stm32f10x_tim.o(i.TIM_OC2PolarityConfig)
    i.TIM_OC3PolarityConfig                  0x080028b8   Section        0  stm32f10x_tim.o(i.TIM_OC3PolarityConfig)
    i.TIM_OCStructInit                       0x080028cc   Section        0  stm32f10x_tim.o(i.TIM_OCStructInit)
    i.TIM_SetCompare1                        0x080028e0   Section        0  stm32f10x_tim.o(i.TIM_SetCompare1)
    i.TIM_SetCompare2                        0x080028e4   Section        0  stm32f10x_tim.o(i.TIM_SetCompare2)
    i.TIM_SetCounter                         0x080028e8   Section        0  stm32f10x_tim.o(i.TIM_SetCounter)
    i.TIM_SetIC1Prescaler                    0x080028ec   Section        0  stm32f10x_tim.o(i.TIM_SetIC1Prescaler)
    i.TIM_SetIC2Prescaler                    0x080028fc   Section        0  stm32f10x_tim.o(i.TIM_SetIC2Prescaler)
    i.TIM_SetIC3Prescaler                    0x08002914   Section        0  stm32f10x_tim.o(i.TIM_SetIC3Prescaler)
    i.TIM_SetIC4Prescaler                    0x08002924   Section        0  stm32f10x_tim.o(i.TIM_SetIC4Prescaler)
    i.TIM_TimeBaseInit                       0x0800293c   Section        0  stm32f10x_tim.o(i.TIM_TimeBaseInit)
    i.TIM_TimeBaseStructInit                 0x080029d8   Section        0  stm32f10x_tim.o(i.TIM_TimeBaseStructInit)
    i.Timer_Init                             0x080029ec   Section        0  timer.o(i.Timer_Init)
    i.UART_Init                              0x08002a68   Section        0  usart.o(i.UART_Init)
    i.USART1_IRQHandler                      0x08002c50   Section        0  usart.o(i.USART1_IRQHandler)
    i.USART2_IRQHandler                      0x08002ccc   Section        0  usart.o(i.USART2_IRQHandler)
    i.USART3_IRQHandler                      0x08002e00   Section        0  usart.o(i.USART3_IRQHandler)
    i.USART_ClearITPendingBit                0x08002e2c   Section        0  stm32f10x_usart.o(i.USART_ClearITPendingBit)
    i.USART_Cmd                              0x08002e3c   Section        0  stm32f10x_usart.o(i.USART_Cmd)
    i.USART_GetFlagStatus                    0x08002e54   Section        0  stm32f10x_usart.o(i.USART_GetFlagStatus)
    i.USART_GetITStatus                      0x08002e62   Section        0  stm32f10x_usart.o(i.USART_GetITStatus)
    i.USART_ITConfig                         0x08002ea2   Section        0  stm32f10x_usart.o(i.USART_ITConfig)
    i.USART_Init                             0x08002ed8   Section        0  stm32f10x_usart.o(i.USART_Init)
    i.USART_ReceiveData                      0x08002f94   Section        0  stm32f10x_usart.o(i.USART_ReceiveData)
    i.USART_SendData                         0x08002f9c   Section        0  stm32f10x_usart.o(i.USART_SendData)
    i.UsageFault_Handler                     0x08002fa4   Section        0  stm32f10x_it.o(i.UsageFault_Handler)
    i.Xianfu_PWM1                            0x08002fa8   Section        0  control.o(i.Xianfu_PWM1)
    i.Xianfu_Pwm                             0x08002fd4   Section        0  control.o(i.Xianfu_Pwm)
    i.__0printf                              0x08003000   Section        0  printfa.o(i.__0printf)
    i.__0vsprintf                            0x08003020   Section        0  printfa.o(i.__0vsprintf)
    i.__scatterload_copy                     0x08003044   Section       14  handlers.o(i.__scatterload_copy)
    i.__scatterload_null                     0x08003052   Section        2  handlers.o(i.__scatterload_null)
    i.__scatterload_zeroinit                 0x08003054   Section       14  handlers.o(i.__scatterload_zeroinit)
    i._fp_digits                             0x08003064   Section        0  printfa.o(i._fp_digits)
    _fp_digits                               0x08003065   Thumb Code   366  printfa.o(i._fp_digits)
    i._printf_core                           0x080031e8   Section        0  printfa.o(i._printf_core)
    _printf_core                             0x080031e9   Thumb Code  1744  printfa.o(i._printf_core)
    i._printf_post_padding                   0x080038c4   Section        0  printfa.o(i._printf_post_padding)
    _printf_post_padding                     0x080038c5   Thumb Code    36  printfa.o(i._printf_post_padding)
    i._printf_pre_padding                    0x080038e8   Section        0  printfa.o(i._printf_pre_padding)
    _printf_pre_padding                      0x080038e9   Thumb Code    46  printfa.o(i._printf_pre_padding)
    i._sputc                                 0x08003916   Section        0  printfa.o(i._sputc)
    _sputc                                   0x08003917   Thumb Code    10  printfa.o(i._sputc)
    i.delay_ms                               0x08003920   Section        0  delay.o(i.delay_ms)
    i.delay_us                               0x08003938   Section        0  delay.o(i.delay_us)
    i.enter_step                             0x08003958   Section        0  main.o(i.enter_step)
    i.fputc                                  0x080039b4   Section        0  usart.o(i.fputc)
    i.main                                   0x080039d8   Section        0  main.o(i.main)
    i.out_step                               0x080041b4   Section        0  main.o(i.out_step)
    i.topic_select                           0x08004210   Section        0  gui_control.o(i.topic_select)
    .constdata                               0x08004298   Section     7696  oled.o(.constdata)
    .data                                    0x20000000   Section       20  stm32f10x_rcc.o(.data)
    ADCPrescTable                            0x20000000   Data           4  stm32f10x_rcc.o(.data)
    APBAHBPrescTable                         0x20000004   Data          16  stm32f10x_rcc.o(.data)
    .data                                    0x20000014   Section        8  main.o(.data)
    .data                                    0x2000001c   Section      144  control.o(.data)
    err                                      0x20000064   Data           4  control.o(.data)
    err_last                                 0x20000068   Data           4  control.o(.data)
    Kp                                       0x2000006c   Data           4  control.o(.data)
    Ki                                       0x20000070   Data           4  control.o(.data)
    Kd                                       0x20000074   Data           4  control.o(.data)
    integral                                 0x20000078   Data           4  control.o(.data)
    output_val                               0x2000007c   Data           4  control.o(.data)
    err                                      0x20000080   Data           4  control.o(.data)
    err_last                                 0x20000084   Data           4  control.o(.data)
    Kp                                       0x20000088   Data           4  control.o(.data)
    Ki                                       0x2000008c   Data           4  control.o(.data)
    Kd                                       0x20000090   Data           4  control.o(.data)
    integral                                 0x20000094   Data           4  control.o(.data)
    output_val                               0x20000098   Data           4  control.o(.data)
    Bias                                     0x2000009c   Data           4  control.o(.data)
    Pwm                                      0x200000a0   Data           4  control.o(.data)
    Integral_bias                            0x200000a4   Data           4  control.o(.data)
    Last_Bias                                0x200000a8   Data           4  control.o(.data)
    .data                                    0x200000ac   Section       76  gui_control.o(.data)
    mod                                      0x200000ac   Data           1  gui_control.o(.data)
    page                                     0x200000ad   Data           1  gui_control.o(.data)
    mod                                      0x200000ae   Data           1  gui_control.o(.data)
    .data                                    0x200000f8   Section       28  usart.o(.data)
    Rxstate                                  0x200000fb   Data           1  usart.o(.data)
    pRxPacket                                0x200000fc   Data           1  usart.o(.data)
    RxCounter1                               0x200000fd   Data           1  usart.o(.data)
    RxState                                  0x200000fe   Data           1  usart.o(.data)
    RxFlag1                                  0x200000ff   Data           1  usart.o(.data)
    .data                                    0x20000114   Section        1  key.o(.data)
    key_up                                   0x20000114   Data           1  key.o(.data)
    .data                                    0x20000118   Section       20  ultrasonic.o(.data)
    .data                                    0x2000012c   Section        8  find_flag.o(.data)
    .data                                    0x20000134   Section        4  stdout.o(.data)
    .bss                                     0x20000138   Section      114  usart.o(.bss)
    RxBuffer1                                0x20000138   Data          14  usart.o(.bss)
    .bss                                     0x200001aa   Section     1152  oled.o(.bss)
    STACK                                    0x20000630   Section     1024  startup_stm32f10x_md.o(STACK)

    Global Symbols

    Symbol Name                              Value     Ov Type        Size  Object(Section)

    BuildAttributes$$THM_ISAv4$P$D$K$B$S$PE$A:L22UL41UL21$X:L11$S22US41US21$IEEE1$IW$USESV6$~STKCKD$USESV7$~SHL$OTIME$ROPI$IEEEX$EBA8$MICROLIB$REQ8$PRES8$EABIv2 0x00000000   Number         0  anon$$obj.o ABSOLUTE
    __ARM_use_no_argv                        0x00000000   Number         0  main.o ABSOLUTE
    _printf_a                                0x00000000   Number         0  stubs.o ABSOLUTE
    _printf_c                                0x00000000   Number         0  stubs.o ABSOLUTE
    _printf_charcount                        0x00000000   Number         0  stubs.o ABSOLUTE
    _printf_d                                0x00000000   Number         0  stubs.o ABSOLUTE
    _printf_e                                0x00000000   Number         0  stubs.o ABSOLUTE
    _printf_f                                0x00000000   Number         0  stubs.o ABSOLUTE
    _printf_flags                            0x00000000   Number         0  stubs.o ABSOLUTE
    _printf_fp_dec                           0x00000000   Number         0  stubs.o ABSOLUTE
    _printf_fp_hex                           0x00000000   Number         0  stubs.o ABSOLUTE
    _printf_g                                0x00000000   Number         0  stubs.o ABSOLUTE
    _printf_i                                0x00000000   Number         0  stubs.o ABSOLUTE
    _printf_int_dec                          0x00000000   Number         0  stubs.o ABSOLUTE
    _printf_l                                0x00000000   Number         0  stubs.o ABSOLUTE
    _printf_lc                               0x00000000   Number         0  stubs.o ABSOLUTE
    _printf_ll                               0x00000000   Number         0  stubs.o ABSOLUTE
    _printf_lld                              0x00000000   Number         0  stubs.o ABSOLUTE
    _printf_lli                              0x00000000   Number         0  stubs.o ABSOLUTE
    _printf_llo                              0x00000000   Number         0  stubs.o ABSOLUTE
    _printf_llu                              0x00000000   Number         0  stubs.o ABSOLUTE
    _printf_llx                              0x00000000   Number         0  stubs.o ABSOLUTE
    _printf_longlong_dec                     0x00000000   Number         0  stubs.o ABSOLUTE
    _printf_longlong_hex                     0x00000000   Number         0  stubs.o ABSOLUTE
    _printf_longlong_oct                     0x00000000   Number         0  stubs.o ABSOLUTE
    _printf_ls                               0x00000000   Number         0  stubs.o ABSOLUTE
    _printf_mbtowc                           0x00000000   Number         0  stubs.o ABSOLUTE
    _printf_n                                0x00000000   Number         0  stubs.o ABSOLUTE
    _printf_o                                0x00000000   Number         0  stubs.o ABSOLUTE
    _printf_p                                0x00000000   Number         0  stubs.o ABSOLUTE
    _printf_percent                          0x00000000   Number         0  stubs.o ABSOLUTE
    _printf_pre_padding                      0x00000000   Number         0  stubs.o ABSOLUTE
    _printf_return_value                     0x00000000   Number         0  stubs.o ABSOLUTE
    _printf_s                                0x00000000   Number         0  stubs.o ABSOLUTE
    _printf_sizespec                         0x00000000   Number         0  stubs.o ABSOLUTE
    _printf_str                              0x00000000   Number         0  stubs.o ABSOLUTE
    _printf_truncate_signed                  0x00000000   Number         0  stubs.o ABSOLUTE
    _printf_truncate_unsigned                0x00000000   Number         0  stubs.o ABSOLUTE
    _printf_u                                0x00000000   Number         0  stubs.o ABSOLUTE
    _printf_wc                               0x00000000   Number         0  stubs.o ABSOLUTE
    _printf_wctomb                           0x00000000   Number         0  stubs.o ABSOLUTE
    _printf_widthprec                        0x00000000   Number         0  stubs.o ABSOLUTE
    _printf_x                                0x00000000   Number         0  stubs.o ABSOLUTE
    __cpp_initialize__aeabi_                  - Undefined Weak Reference
    __cxa_finalize                            - Undefined Weak Reference
    _clock_init                               - Undefined Weak Reference
    _microlib_exit                            - Undefined Weak Reference
    __Vectors_Size                           0x000000ec   Number         0  startup_stm32f10x_md.o ABSOLUTE
    __Vectors                                0x08000000   Data           4  startup_stm32f10x_md.o(RESET)
    __Vectors_End                            0x080000ec   Data           0  startup_stm32f10x_md.o(RESET)
    __main                                   0x080000ed   Thumb Code     0  entry.o(.ARM.Collect$$$$00000000)
    _main_stk                                0x080000ed   Thumb Code     0  entry2.o(.ARM.Collect$$$$00000001)
    _main_scatterload                        0x080000f1   Thumb Code     0  entry5.o(.ARM.Collect$$$$00000004)
    __main_after_scatterload                 0x080000f5   Thumb Code     0  entry5.o(.ARM.Collect$$$$00000004)
    _main_clock                              0x080000f5   Thumb Code     0  entry7b.o(.ARM.Collect$$$$00000008)
    _main_cpp_init                           0x080000f5   Thumb Code     0  entry8b.o(.ARM.Collect$$$$0000000A)
    _main_init                               0x080000f5   Thumb Code     0  entry9a.o(.ARM.Collect$$$$0000000B)
    __rt_final_cpp                           0x080000fd   Thumb Code     0  entry10a.o(.ARM.Collect$$$$0000000D)
    __rt_final_exit                          0x080000fd   Thumb Code     0  entry11a.o(.ARM.Collect$$$$0000000F)
    Reset_Handler                            0x08000101   Thumb Code     8  startup_stm32f10x_md.o(.text)
    ADC1_2_IRQHandler                        0x0800011b   Thumb Code     0  startup_stm32f10x_md.o(.text)
    CAN1_RX1_IRQHandler                      0x0800011b   Thumb Code     0  startup_stm32f10x_md.o(.text)
    CAN1_SCE_IRQHandler                      0x0800011b   Thumb Code     0  startup_stm32f10x_md.o(.text)
    DMA1_Channel1_IRQHandler                 0x0800011b   Thumb Code     0  startup_stm32f10x_md.o(.text)
    DMA1_Channel2_IRQHandler                 0x0800011b   Thumb Code     0  startup_stm32f10x_md.o(.text)
    DMA1_Channel3_IRQHandler                 0x0800011b   Thumb Code     0  startup_stm32f10x_md.o(.text)
    DMA1_Channel4_IRQHandler                 0x0800011b   Thumb Code     0  startup_stm32f10x_md.o(.text)
    DMA1_Channel5_IRQHandler                 0x0800011b   Thumb Code     0  startup_stm32f10x_md.o(.text)
    DMA1_Channel6_IRQHandler                 0x0800011b   Thumb Code     0  startup_stm32f10x_md.o(.text)
    DMA1_Channel7_IRQHandler                 0x0800011b   Thumb Code     0  startup_stm32f10x_md.o(.text)
    EXTI0_IRQHandler                         0x0800011b   Thumb Code     0  startup_stm32f10x_md.o(.text)
    EXTI15_10_IRQHandler                     0x0800011b   Thumb Code     0  startup_stm32f10x_md.o(.text)
    EXTI1_IRQHandler                         0x0800011b   Thumb Code     0  startup_stm32f10x_md.o(.text)
    EXTI2_IRQHandler                         0x0800011b   Thumb Code     0  startup_stm32f10x_md.o(.text)
    EXTI3_IRQHandler                         0x0800011b   Thumb Code     0  startup_stm32f10x_md.o(.text)
    EXTI9_5_IRQHandler                       0x0800011b   Thumb Code     0  startup_stm32f10x_md.o(.text)
    FLASH_IRQHandler                         0x0800011b   Thumb Code     0  startup_stm32f10x_md.o(.text)
    I2C1_ER_IRQHandler                       0x0800011b   Thumb Code     0  startup_stm32f10x_md.o(.text)
    I2C1_EV_IRQHandler                       0x0800011b   Thumb Code     0  startup_stm32f10x_md.o(.text)
    I2C2_ER_IRQHandler                       0x0800011b   Thumb Code     0  startup_stm32f10x_md.o(.text)
    I2C2_EV_IRQHandler                       0x0800011b   Thumb Code     0  startup_stm32f10x_md.o(.text)
    PVD_IRQHandler                           0x0800011b   Thumb Code     0  startup_stm32f10x_md.o(.text)
    RCC_IRQHandler                           0x0800011b   Thumb Code     0  startup_stm32f10x_md.o(.text)
    RTCAlarm_IRQHandler                      0x0800011b   Thumb Code     0  startup_stm32f10x_md.o(.text)
    RTC_IRQHandler                           0x0800011b   Thumb Code     0  startup_stm32f10x_md.o(.text)
    SPI1_IRQHandler                          0x0800011b   Thumb Code     0  startup_stm32f10x_md.o(.text)
    SPI2_IRQHandler                          0x0800011b   Thumb Code     0  startup_stm32f10x_md.o(.text)
    TAMPER_IRQHandler                        0x0800011b   Thumb Code     0  startup_stm32f10x_md.o(.text)
    TIM1_BRK_IRQHandler                      0x0800011b   Thumb Code     0  startup_stm32f10x_md.o(.text)
    TIM1_CC_IRQHandler                       0x0800011b   Thumb Code     0  startup_stm32f10x_md.o(.text)
    TIM1_TRG_COM_IRQHandler                  0x0800011b   Thumb Code     0  startup_stm32f10x_md.o(.text)
    TIM2_IRQHandler                          0x0800011b   Thumb Code     0  startup_stm32f10x_md.o(.text)
    TIM4_IRQHandler                          0x0800011b   Thumb Code     0  startup_stm32f10x_md.o(.text)
    USBWakeUp_IRQHandler                     0x0800011b   Thumb Code     0  startup_stm32f10x_md.o(.text)
    USB_HP_CAN1_TX_IRQHandler                0x0800011b   Thumb Code     0  startup_stm32f10x_md.o(.text)
    USB_LP_CAN1_RX0_IRQHandler               0x0800011b   Thumb Code     0  startup_stm32f10x_md.o(.text)
    WWDG_IRQHandler                          0x0800011b   Thumb Code     0  startup_stm32f10x_md.o(.text)
    __aeabi_memset                           0x08000125   Thumb Code    14  memseta.o(.text)
    __aeabi_memset4                          0x08000125   Thumb Code     0  memseta.o(.text)
    __aeabi_memset8                          0x08000125   Thumb Code     0  memseta.o(.text)
    __aeabi_memclr                           0x08000133   Thumb Code     4  memseta.o(.text)
    __aeabi_memclr4                          0x08000133   Thumb Code     0  memseta.o(.text)
    __aeabi_memclr8                          0x08000133   Thumb Code     0  memseta.o(.text)
    _memset$wrapper                          0x08000137   Thumb Code    18  memseta.o(.text)
    strcmp                                   0x08000149   Thumb Code    28  strcmp.o(.text)
    __aeabi_fadd                             0x08000165   Thumb Code   164  fadd.o(.text)
    __aeabi_fsub                             0x08000209   Thumb Code     6  fadd.o(.text)
    __aeabi_frsub                            0x0800020f   Thumb Code     6  fadd.o(.text)
    __aeabi_fmul                             0x08000215   Thumb Code   100  fmul.o(.text)
    __aeabi_fdiv                             0x08000279   Thumb Code   124  fdiv.o(.text)
    __aeabi_dadd                             0x080002f5   Thumb Code   322  dadd.o(.text)
    __aeabi_dsub                             0x08000437   Thumb Code     6  dadd.o(.text)
    __aeabi_drsub                            0x0800043d   Thumb Code     6  dadd.o(.text)
    __aeabi_dmul                             0x08000443   Thumb Code   228  dmul.o(.text)
    __aeabi_ddiv                             0x08000527   Thumb Code   222  ddiv.o(.text)
    __aeabi_i2f                              0x08000605   Thumb Code    18  fflti.o(.text)
    __aeabi_ui2f                             0x08000617   Thumb Code    10  ffltui.o(.text)
    __aeabi_f2iz                             0x08000621   Thumb Code    50  ffixi.o(.text)
    __aeabi_uidiv                            0x08000653   Thumb Code     0  uidiv.o(.text)
    __aeabi_uidivmod                         0x08000653   Thumb Code    44  uidiv.o(.text)
    __aeabi_uldivmod                         0x0800067f   Thumb Code    98  uldiv.o(.text)
    __aeabi_llsl                             0x080006e1   Thumb Code    30  llshl.o(.text)
    _ll_shift_l                              0x080006e1   Thumb Code     0  llshl.o(.text)
    __aeabi_llsr                             0x080006ff   Thumb Code    32  llushr.o(.text)
    _ll_ushift_r                             0x080006ff   Thumb Code     0  llushr.o(.text)
    __aeabi_lasr                             0x0800071f   Thumb Code    36  llsshr.o(.text)
    _ll_sshift_r                             0x0800071f   Thumb Code     0  llsshr.o(.text)
    __I$use$fp                               0x08000743   Thumb Code     0  iusefp.o(.text)
    _float_round                             0x08000743   Thumb Code    18  fepilogue.o(.text)
    _float_epilogue                          0x08000755   Thumb Code    92  fepilogue.o(.text)
    _double_round                            0x080007b1   Thumb Code    30  depilogue.o(.text)
    _double_epilogue                         0x080007cf   Thumb Code   156  depilogue.o(.text)
    __aeabi_d2ulz                            0x0800086b   Thumb Code    48  dfixul.o(.text)
    __aeabi_cdrcmple                         0x0800089d   Thumb Code    48  cdrcmple.o(.text)
    __scatterload                            0x080008cd   Thumb Code    28  init.o(.text)
    __scatterload_rt2                        0x080008cd   Thumb Code     0  init.o(.text)
    __decompress                             0x080008f1   Thumb Code     0  __dczerorl2.o(.text)
    __decompress1                            0x080008f1   Thumb Code    86  __dczerorl2.o(.text)
    BusFault_Handler                         0x08000947   Thumb Code     2  stm32f10x_it.o(i.BusFault_Handler)
    DebugMon_Handler                         0x08000949   Thumb Code     2  stm32f10x_it.o(i.DebugMon_Handler)
    EXTI4_IRQHandler                         0x0800094d   Thumb Code    30  find_flag.o(i.EXTI4_IRQHandler)
    EXTI_ClearITPendingBit                   0x08000975   Thumb Code     6  stm32f10x_exti.o(i.EXTI_ClearITPendingBit)
    EXTI_Init                                0x08000981   Thumb Code   110  stm32f10x_exti.o(i.EXTI_Init)
    FLASH_ErasePage                          0x080009f5   Thumb Code    56  stm32f10x_flash.o(i.FLASH_ErasePage)
    FLASH_GetBank1Status                     0x08000a31   Thumb Code    34  stm32f10x_flash.o(i.FLASH_GetBank1Status)
    FLASH_Lock                               0x08000a59   Thumb Code    12  stm32f10x_flash.o(i.FLASH_Lock)
    FLASH_ProgramWord                        0x08000a69   Thumb Code    86  stm32f10x_flash.o(i.FLASH_ProgramWord)
    FLASH_Unlock                             0x08000ac5   Thumb Code    12  stm32f10x_flash.o(i.FLASH_Unlock)
    FLASH_WaitForLastOperation               0x08000add   Thumb Code    32  stm32f10x_flash.o(i.FLASH_WaitForLastOperation)
    Find_line_init                           0x08000afd   Thumb Code   108  find_flag.o(i.Find_line_init)
    GPIO_EXTILineConfig                      0x08000b6d   Thumb Code    34  stm32f10x_gpio.o(i.GPIO_EXTILineConfig)
    GPIO_Init                                0x08000b95   Thumb Code   166  stm32f10x_gpio.o(i.GPIO_Init)
    GPIO_PinRemapConfig                      0x08000c3d   Thumb Code    86  stm32f10x_gpio.o(i.GPIO_PinRemapConfig)
    GPIO_ReadInputDataBit                    0x08000c99   Thumb Code    14  stm32f10x_gpio.o(i.GPIO_ReadInputDataBit)
    GPIO_ResetBits                           0x08000ca7   Thumb Code     4  stm32f10x_gpio.o(i.GPIO_ResetBits)
    GPIO_SetBits                             0x08000cab   Thumb Code     4  stm32f10x_gpio.o(i.GPIO_SetBits)
    GUI_control_PID                          0x08000cb1   Thumb Code  1686  gui_control.o(i.GUI_control_PID)
    Go_Forward                               0x08001355   Thumb Code    20  motor.o(i.Go_Forward)
    HardFault_Handler                        0x08001369   Thumb Code     2  stm32f10x_it.o(i.HardFault_Handler)
    I2C_Start                                0x0800136d   Thumb Code    52  oled.o(i.I2C_Start)
    I2C_Stop                                 0x080013a5   Thumb Code    36  oled.o(i.I2C_Stop)
    I2C_WaitAck                              0x080013cd   Thumb Code    44  oled.o(i.I2C_WaitAck)
    IIC_delay                                0x080013fd   Thumb Code    10  oled.o(i.IIC_delay)
    KEY_Scan                                 0x08001409   Thumb Code   226  key.o(i.KEY_Scan)
    Key_Init                                 0x080014f5   Thumb Code    40  key.o(i.Key_Init)
    LEncoder_Init                            0x08001521   Thumb Code   156  encode.o(i.LEncoder_Init)
    LMotor_Setspeed                          0x080015c5   Thumb Code    66  motor.o(i.LMotor_Setspeed)
    LPID_realize                             0x0800160d   Thumb Code    76  control.o(i.LPID_realize)
    MemManage_Handler                        0x0800165d   Thumb Code     2  stm32f10x_it.o(i.MemManage_Handler)
    Mod_Select                               0x08001661   Thumb Code   218  main.o(i.Mod_Select)
    Motor_Init                               0x0800178d   Thumb Code    62  motor.o(i.Motor_Init)
    Motor_L                                  0x080017d5   Thumb Code     4  motor.o(i.Motor_L)
    Motor_R                                  0x080017d9   Thumb Code     4  motor.o(i.Motor_R)
    NMI_Handler                              0x080017dd   Thumb Code     2  stm32f10x_it.o(i.NMI_Handler)
    NVIC_Init                                0x080017e1   Thumb Code    96  misc.o(i.NVIC_Init)
    NVIC_PriorityGroupConfig                 0x08001845   Thumb Code    10  misc.o(i.NVIC_PriorityGroupConfig)
    OLED_Clear                               0x08001859   Thumb Code    38  oled.o(i.OLED_Clear)
    OLED_DrawPoint                           0x08001885   Thumb Code    44  oled.o(i.OLED_DrawPoint)
    OLED_Init                                0x080018b5   Thumb Code   300  oled.o(i.OLED_Init)
    OLED_Pow                                 0x080019ed   Thumb Code    16  oled.o(i.OLED_Pow)
    OLED_Refresh                             0x080019fd   Thumb Code    96  oled.o(i.OLED_Refresh)
    OLED_ShowChar                            0x08001a61   Thumb Code   230  oled.o(i.OLED_ShowChar)
    OLED_ShowNum                             0x08001b59   Thumb Code   122  oled.o(i.OLED_ShowNum)
    OLED_ShowString                          0x08001bd3   Thumb Code    60  oled.o(i.OLED_ShowString)
    OLED_WR_Byte                             0x08001c0f   Thumb Code    58  oled.o(i.OLED_WR_Byte)
    OLED_clearare                            0x08001c49   Thumb Code    48  oled.o(i.OLED_clearare)
    OLED_printf                              0x08001c79   Thumb Code    56  oled.o(i.OLED_printf)
    PWM_Init                                 0x08001cb1   Thumb Code   166  pwm.o(i.PWM_Init)
    PWM_SetCompare1                          0x08001d5d   Thumb Code    10  pwm.o(i.PWM_SetCompare1)
    PWM_SetCompare2                          0x08001d67   Thumb Code    10  pwm.o(i.PWM_SetCompare2)
    PendSV_Handler                           0x08001d71   Thumb Code     2  stm32f10x_it.o(i.PendSV_Handler)
    Position_PID                             0x08001d75   Thumb Code   114  control.o(i.Position_PID)
    RCC_APB1PeriphClockCmd                   0x08001df5   Thumb Code    22  stm32f10x_rcc.o(i.RCC_APB1PeriphClockCmd)
    RCC_APB2PeriphClockCmd                   0x08001e11   Thumb Code    22  stm32f10x_rcc.o(i.RCC_APB2PeriphClockCmd)
    RCC_GetClocksFreq                        0x08001e2d   Thumb Code   154  stm32f10x_rcc.o(i.RCC_GetClocksFreq)
    REncoder_Init                            0x08001ed9   Thumb Code   156  encode.o(i.REncoder_Init)
    RMotor_Setspeed                          0x08001f7d   Thumb Code    66  motor.o(i.RMotor_Setspeed)
    RPID_realize                             0x08001fc5   Thumb Code    76  control.o(i.RPID_realize)
    Read_EncoderL                            0x08002015   Thumb Code    16  encode.o(i.Read_EncoderL)
    Read_EncoderR                            0x08002029   Thumb Code    16  encode.o(i.Read_EncoderR)
    SVC_Handler                              0x0800203d   Thumb Code     2  stm32f10x_it.o(i.SVC_Handler)
    Send_Byte                                0x08002041   Thumb Code    68  oled.o(i.Send_Byte)
    Set_Pwm                                  0x0800213d   Thumb Code    20  control.o(i.Set_Pwm)
    Show_roe                                 0x08002151   Thumb Code    84  main.o(i.Show_roe)
    SysTick_Handler                          0x080021b9   Thumb Code     2  stm32f10x_it.o(i.SysTick_Handler)
    SystemInit                               0x080021bd   Thumb Code    64  system_stm32f10x.o(i.SystemInit)
    TIM1_UP_IRQHandler                       0x080023f1   Thumb Code   208  control.o(i.TIM1_UP_IRQHandler)
    TIM3_IRQHandler                          0x080024d1   Thumb Code   374  ultrasonic.o(i.TIM3_IRQHandler)
    TIM_ClearFlag                            0x08002651   Thumb Code     6  stm32f10x_tim.o(i.TIM_ClearFlag)
    TIM_ClearITPendingBit                    0x08002657   Thumb Code     6  stm32f10x_tim.o(i.TIM_ClearITPendingBit)
    TIM_Cmd                                  0x0800265d   Thumb Code    24  stm32f10x_tim.o(i.TIM_Cmd)
    TIM_EncoderInterfaceConfig               0x08002675   Thumb Code    50  stm32f10x_tim.o(i.TIM_EncoderInterfaceConfig)
    TIM_GetCapture1                          0x080026a7   Thumb Code     4  stm32f10x_tim.o(i.TIM_GetCapture1)
    TIM_GetCapture2                          0x080026ab   Thumb Code     4  stm32f10x_tim.o(i.TIM_GetCapture2)
    TIM_GetCapture3                          0x080026af   Thumb Code     4  stm32f10x_tim.o(i.TIM_GetCapture3)
    TIM_GetITStatus                          0x080026b3   Thumb Code    24  stm32f10x_tim.o(i.TIM_GetITStatus)
    TIM_ICInit                               0x080026cd   Thumb Code   122  stm32f10x_tim.o(i.TIM_ICInit)
    TIM_ICStructInit                         0x08002759   Thumb Code    16  stm32f10x_tim.o(i.TIM_ICStructInit)
    TIM_ITConfig                             0x08002769   Thumb Code    20  stm32f10x_tim.o(i.TIM_ITConfig)
    TIM_InternalClockConfig                  0x0800277d   Thumb Code    10  stm32f10x_tim.o(i.TIM_InternalClockConfig)
    TIM_OC1Init                              0x08002789   Thumb Code   114  stm32f10x_tim.o(i.TIM_OC1Init)
    TIM_OC1PolarityConfig                    0x08002811   Thumb Code    12  stm32f10x_tim.o(i.TIM_OC1PolarityConfig)
    TIM_OC2Init                              0x0800281d   Thumb Code   128  stm32f10x_tim.o(i.TIM_OC2Init)
    TIM_OC2PolarityConfig                    0x080028a5   Thumb Code    20  stm32f10x_tim.o(i.TIM_OC2PolarityConfig)
    TIM_OC3PolarityConfig                    0x080028b9   Thumb Code    20  stm32f10x_tim.o(i.TIM_OC3PolarityConfig)
    TIM_OCStructInit                         0x080028cd   Thumb Code    20  stm32f10x_tim.o(i.TIM_OCStructInit)
    TIM_SetCompare1                          0x080028e1   Thumb Code     4  stm32f10x_tim.o(i.TIM_SetCompare1)
    TIM_SetCompare2                          0x080028e5   Thumb Code     4  stm32f10x_tim.o(i.TIM_SetCompare2)
    TIM_SetCounter                           0x080028e9   Thumb Code     4  stm32f10x_tim.o(i.TIM_SetCounter)
    TIM_SetIC1Prescaler                      0x080028ed   Thumb Code    16  stm32f10x_tim.o(i.TIM_SetIC1Prescaler)
    TIM_SetIC2Prescaler                      0x080028fd   Thumb Code    24  stm32f10x_tim.o(i.TIM_SetIC2Prescaler)
    TIM_SetIC3Prescaler                      0x08002915   Thumb Code    16  stm32f10x_tim.o(i.TIM_SetIC3Prescaler)
    TIM_SetIC4Prescaler                      0x08002925   Thumb Code    24  stm32f10x_tim.o(i.TIM_SetIC4Prescaler)
    TIM_TimeBaseInit                         0x0800293d   Thumb Code   114  stm32f10x_tim.o(i.TIM_TimeBaseInit)
    TIM_TimeBaseStructInit                   0x080029d9   Thumb Code    18  stm32f10x_tim.o(i.TIM_TimeBaseStructInit)
    Timer_Init                               0x080029ed   Thumb Code   118  timer.o(i.Timer_Init)
    UART_Init                                0x08002a69   Thumb Code   466  usart.o(i.UART_Init)
    USART1_IRQHandler                        0x08002c51   Thumb Code   110  usart.o(i.USART1_IRQHandler)
    USART2_IRQHandler                        0x08002ccd   Thumb Code   294  usart.o(i.USART2_IRQHandler)
    USART3_IRQHandler                        0x08002e01   Thumb Code    40  usart.o(i.USART3_IRQHandler)
    USART_ClearITPendingBit                  0x08002e2d   Thumb Code    16  stm32f10x_usart.o(i.USART_ClearITPendingBit)
    USART_Cmd                                0x08002e3d   Thumb Code    24  stm32f10x_usart.o(i.USART_Cmd)
    USART_GetFlagStatus                      0x08002e55   Thumb Code    14  stm32f10x_usart.o(i.USART_GetFlagStatus)
    USART_GetITStatus                        0x08002e63   Thumb Code    64  stm32f10x_usart.o(i.USART_GetITStatus)
    USART_ITConfig                           0x08002ea3   Thumb Code    54  stm32f10x_usart.o(i.USART_ITConfig)
    USART_Init                               0x08002ed9   Thumb Code   182  stm32f10x_usart.o(i.USART_Init)
    USART_ReceiveData                        0x08002f95   Thumb Code     8  stm32f10x_usart.o(i.USART_ReceiveData)
    USART_SendData                           0x08002f9d   Thumb Code     8  stm32f10x_usart.o(i.USART_SendData)
    UsageFault_Handler                       0x08002fa5   Thumb Code     2  stm32f10x_it.o(i.UsageFault_Handler)
    Xianfu_PWM1                              0x08002fa9   Thumb Code    38  control.o(i.Xianfu_PWM1)
    Xianfu_Pwm                               0x08002fd5   Thumb Code    38  control.o(i.Xianfu_Pwm)
    __0printf                                0x08003001   Thumb Code    22  printfa.o(i.__0printf)
    __1printf                                0x08003001   Thumb Code     0  printfa.o(i.__0printf)
    __2printf                                0x08003001   Thumb Code     0  printfa.o(i.__0printf)
    __c89printf                              0x08003001   Thumb Code     0  printfa.o(i.__0printf)
    printf                                   0x08003001   Thumb Code     0  printfa.o(i.__0printf)
    __0vsprintf                              0x08003021   Thumb Code    30  printfa.o(i.__0vsprintf)
    __1vsprintf                              0x08003021   Thumb Code     0  printfa.o(i.__0vsprintf)
    __2vsprintf                              0x08003021   Thumb Code     0  printfa.o(i.__0vsprintf)
    __c89vsprintf                            0x08003021   Thumb Code     0  printfa.o(i.__0vsprintf)
    vsprintf                                 0x08003021   Thumb Code     0  printfa.o(i.__0vsprintf)
    __scatterload_copy                       0x08003045   Thumb Code    14  handlers.o(i.__scatterload_copy)
    __scatterload_null                       0x08003053   Thumb Code     2  handlers.o(i.__scatterload_null)
    __scatterload_zeroinit                   0x08003055   Thumb Code    14  handlers.o(i.__scatterload_zeroinit)
    delay_ms                                 0x08003921   Thumb Code    24  delay.o(i.delay_ms)
    delay_us                                 0x08003939   Thumb Code    32  delay.o(i.delay_us)
    enter_step                               0x08003959   Thumb Code    90  main.o(i.enter_step)
    fputc                                    0x080039b5   Thumb Code    30  usart.o(i.fputc)
    main                                     0x080039d9   Thumb Code  1974  main.o(i.main)
    out_step                                 0x080041b5   Thumb Code    90  main.o(i.out_step)
    topic_select                             0x08004211   Thumb Code   104  gui_control.o(i.topic_select)
    asc2_0806                                0x08004298   Data         552  oled.o(.constdata)
    asc2_1206                                0x080044c0   Data        1140  oled.o(.constdata)
    asc2_1608                                0x08004934   Data        1520  oled.o(.constdata)
    asc2_2412                                0x08004f24   Data        3420  oled.o(.constdata)
    Hzk1                                     0x08005c80   Data         352  oled.o(.constdata)
    Hzk2                                     0x08005de0   Data          72  oled.o(.constdata)
    Hzk3                                     0x08005e28   Data         128  oled.o(.constdata)
    Hzk4                                     0x08005ea8   Data         512  oled.o(.constdata)
    Region$$Table$$Base                      0x080060a8   Number         0  anon$$obj.o(Region$$Table)
    Region$$Table$$Limit                     0x080060c8   Number         0  anon$$obj.o(Region$$Table)
    slave_mod                                0x20000014   Data           1  main.o(.data)
    start_over_flag                          0x20000015   Data           1  main.o(.data)
    set_speed                                0x20000018   Data           4  main.o(.data)
    control_flag                             0x2000001c   Data           1  control.o(.data)
    Position_KP                              0x20000020   Data           4  control.o(.data)
    Position_KI                              0x20000024   Data           4  control.o(.data)
    Position_KD                              0x20000028   Data           4  control.o(.data)
    L_set                                    0x2000002c   Data           4  control.o(.data)
    R_set                                    0x20000030   Data           4  control.o(.data)
    speedL                                   0x20000034   Data           4  control.o(.data)
    speedR                                   0x20000038   Data           4  control.o(.data)
    MOTO1                                    0x2000003c   Data           4  control.o(.data)
    MOTO2                                    0x20000040   Data           4  control.o(.data)
    MOTOL                                    0x20000044   Data           4  control.o(.data)
    MOTOR                                    0x20000048   Data           4  control.o(.data)
    PWM_out1                                 0x2000004c   Data           4  control.o(.data)
    tim1                                     0x20000050   Data           4  control.o(.data)
    tim2                                     0x20000054   Data           4  control.o(.data)
    time2                                    0x20000058   Data           4  control.o(.data)
    flag_time                                0x2000005c   Data           4  control.o(.data)
    time3                                    0x20000060   Data           4  control.o(.data)
    topic_num                                0x200000af   Data           1  gui_control.o(.data)
    p1                                       0x200000b0   Data           4  gui_control.o(.data)
    p2                                       0x200000b4   Data           4  gui_control.o(.data)
    p3                                       0x200000b8   Data           4  gui_control.o(.data)
    i1                                       0x200000bc   Data           4  gui_control.o(.data)
    i2                                       0x200000c0   Data           4  gui_control.o(.data)
    i3                                       0x200000c4   Data           4  gui_control.o(.data)
    d1                                       0x200000c8   Data           4  gui_control.o(.data)
    d2                                       0x200000cc   Data           4  gui_control.o(.data)
    d3                                       0x200000d0   Data           4  gui_control.o(.data)
    P1                                       0x200000d4   Data           4  gui_control.o(.data)
    P2                                       0x200000d8   Data           4  gui_control.o(.data)
    P3                                       0x200000dc   Data           4  gui_control.o(.data)
    I1                                       0x200000e0   Data           4  gui_control.o(.data)
    I2                                       0x200000e4   Data           4  gui_control.o(.data)
    I3                                       0x200000e8   Data           4  gui_control.o(.data)
    D1                                       0x200000ec   Data           4  gui_control.o(.data)
    D2                                       0x200000f0   Data           4  gui_control.o(.data)
    D3                                       0x200000f4   Data           4  gui_control.o(.data)
    reo                                      0x200000f8   Data           1  usart.o(.data)
    flag                                     0x200000f9   Data           1  usart.o(.data)
    RX1Flag                                  0x200000fa   Data           1  usart.o(.data)
    tt_roe                                   0x20000100   Data           4  usart.o(.data)
    ttt_roe                                  0x20000104   Data           4  usart.o(.data)
    last_roe                                 0x20000108   Data           4  usart.o(.data)
    last_flag                                0x2000010c   Data           4  usart.o(.data)
    tt_flag                                  0x20000110   Data           4  usart.o(.data)
    TIM3CH1_CAPTURE_STA                      0x20000118   Data           1  ultrasonic.o(.data)
    TIM3CH2_CAPTURE_STA                      0x20000119   Data           1  ultrasonic.o(.data)
    TIM3CH3_CAPTURE_STA                      0x2000011a   Data           1  ultrasonic.o(.data)
    TIM3CH1_CAPTURE_VAL                      0x2000011c   Data           2  ultrasonic.o(.data)
    TIM3CH2_CAPTURE_VAL                      0x2000011e   Data           2  ultrasonic.o(.data)
    TIM3CH3_CAPTURE_VAL                      0x20000120   Data           2  ultrasonic.o(.data)
    time                                     0x20000124   Data           4  ultrasonic.o(.data)
    Distance                                 0x20000128   Data           4  ultrasonic.o(.data)
    Interrupt_flag                           0x2000012c   Data           1  find_flag.o(.data)
    line_num                                 0x20000130   Data           4  find_flag.o(.data)
    __stdout                                 0x20000134   Data           4  stdout.o(.data)
    RX1_Packet                               0x20000146   Data         100  usart.o(.bss)
    OLED_GRAM                                0x200001aa   Data        1152  oled.o(.bss)
    __initial_sp                             0x20000a30   Data           0  startup_stm32f10x_md.o(STACK)



==============================================================================

Memory Map of the image

  Image Entry point : 0x080000ed

  Load Region LR_IROM1 (Base: 0x08000000, Size: 0x00006200, Max: 0x00010000, ABSOLUTE, COMPRESSED[0x000060ec])

    Execution Region ER_IROM1 (Exec base: 0x08000000, Load base: 0x08000000, Size: 0x000060c8, Max: 0x00010000, ABSOLUTE)

    Exec Addr    Load Addr    Size         Type   Attr      Idx    E Section Name        Object

    0x08000000   0x08000000   0x000000ec   Data   RO          132    RESET               startup_stm32f10x_md.o
    0x080000ec   0x080000ec   0x00000000   Code   RO         4708  * .ARM.Collect$$$$00000000  mc_w.l(entry.o)
    0x080000ec   0x080000ec   0x00000004   Code   RO         5049    .ARM.Collect$$$$00000001  mc_w.l(entry2.o)
    0x080000f0   0x080000f0   0x00000004   Code   RO         5052    .ARM.Collect$$$$00000004  mc_w.l(entry5.o)
    0x080000f4   0x080000f4   0x00000000   Code   RO         5054    .ARM.Collect$$$$00000008  mc_w.l(entry7b.o)
    0x080000f4   0x080000f4   0x00000000   Code   RO         5056    .ARM.Collect$$$$0000000A  mc_w.l(entry8b.o)
    0x080000f4   0x080000f4   0x00000008   Code   RO         5057    .ARM.Collect$$$$0000000B  mc_w.l(entry9a.o)
    0x080000fc   0x080000fc   0x00000000   Code   RO         5059    .ARM.Collect$$$$0000000D  mc_w.l(entry10a.o)
    0x080000fc   0x080000fc   0x00000000   Code   RO         5061    .ARM.Collect$$$$0000000F  mc_w.l(entry11a.o)
    0x080000fc   0x080000fc   0x00000004   Code   RO         5050    .ARM.Collect$$$$00002712  mc_w.l(entry2.o)
    0x08000100   0x08000100   0x00000024   Code   RO          133    .text               startup_stm32f10x_md.o
    0x08000124   0x08000124   0x00000024   Code   RO         4713    .text               mc_w.l(memseta.o)
    0x08000148   0x08000148   0x0000001c   Code   RO         4715    .text               mc_w.l(strcmp.o)
    0x08000164   0x08000164   0x000000b0   Code   RO         4980    .text               mf_w.l(fadd.o)
    0x08000214   0x08000214   0x00000064   Code   RO         4982    .text               mf_w.l(fmul.o)
    0x08000278   0x08000278   0x0000007c   Code   RO         4984    .text               mf_w.l(fdiv.o)
    0x080002f4   0x080002f4   0x0000014e   Code   RO         4988    .text               mf_w.l(dadd.o)
    0x08000442   0x08000442   0x000000e4   Code   RO         4990    .text               mf_w.l(dmul.o)
    0x08000526   0x08000526   0x000000de   Code   RO         4992    .text               mf_w.l(ddiv.o)
    0x08000604   0x08000604   0x00000012   Code   RO         4996    .text               mf_w.l(fflti.o)
    0x08000616   0x08000616   0x0000000a   Code   RO         4998    .text               mf_w.l(ffltui.o)
    0x08000620   0x08000620   0x00000032   Code   RO         5002    .text               mf_w.l(ffixi.o)
    0x08000652   0x08000652   0x0000002c   Code   RO         5064    .text               mc_w.l(uidiv.o)
    0x0800067e   0x0800067e   0x00000062   Code   RO         5066    .text               mc_w.l(uldiv.o)
    0x080006e0   0x080006e0   0x0000001e   Code   RO         5068    .text               mc_w.l(llshl.o)
    0x080006fe   0x080006fe   0x00000020   Code   RO         5070    .text               mc_w.l(llushr.o)
    0x0800071e   0x0800071e   0x00000024   Code   RO         5072    .text               mc_w.l(llsshr.o)
    0x08000742   0x08000742   0x00000000   Code   RO         5081    .text               mc_w.l(iusefp.o)
    0x08000742   0x08000742   0x0000006e   Code   RO         5082    .text               mf_w.l(fepilogue.o)
    0x080007b0   0x080007b0   0x000000ba   Code   RO         5084    .text               mf_w.l(depilogue.o)
    0x0800086a   0x0800086a   0x00000030   Code   RO         5086    .text               mf_w.l(dfixul.o)
    0x0800089a   0x0800089a   0x00000002   PAD
    0x0800089c   0x0800089c   0x00000030   Code   RO         5088    .text               mf_w.l(cdrcmple.o)
    0x080008cc   0x080008cc   0x00000024   Code   RO         5090    .text               mc_w.l(init.o)
    0x080008f0   0x080008f0   0x00000056   Code   RO         5104    .text               mc_w.l(__dczerorl2.o)
    0x08000946   0x08000946   0x00000002   Code   RO         3295    i.BusFault_Handler  stm32f10x_it.o
    0x08000948   0x08000948   0x00000002   Code   RO         3296    i.DebugMon_Handler  stm32f10x_it.o
    0x0800094a   0x0800094a   0x00000002   PAD
    0x0800094c   0x0800094c   0x00000028   Code   RO         4665    i.EXTI4_IRQHandler  find_flag.o
    0x08000974   0x08000974   0x0000000c   Code   RO          985    i.EXTI_ClearITPendingBit  stm32f10x_exti.o
    0x08000980   0x08000980   0x00000074   Code   RO          990    i.EXTI_Init         stm32f10x_exti.o
    0x080009f4   0x080009f4   0x0000003c   Code   RO         1046    i.FLASH_ErasePage   stm32f10x_flash.o
    0x08000a30   0x08000a30   0x00000028   Code   RO         1047    i.FLASH_GetBank1Status  stm32f10x_flash.o
    0x08000a58   0x08000a58   0x00000010   Code   RO         1056    i.FLASH_Lock        stm32f10x_flash.o
    0x08000a68   0x08000a68   0x0000005c   Code   RO         1061    i.FLASH_ProgramWord  stm32f10x_flash.o
    0x08000ac4   0x08000ac4   0x00000018   Code   RO         1064    i.FLASH_Unlock      stm32f10x_flash.o
    0x08000adc   0x08000adc   0x00000020   Code   RO         1068    i.FLASH_WaitForLastOperation  stm32f10x_flash.o
    0x08000afc   0x08000afc   0x00000070   Code   RO         4666    i.Find_line_init    find_flag.o
    0x08000b6c   0x08000b6c   0x00000028   Code   RO         1344    i.GPIO_EXTILineConfig  stm32f10x_gpio.o
    0x08000b94   0x08000b94   0x000000a6   Code   RO         1347    i.GPIO_Init         stm32f10x_gpio.o
    0x08000c3a   0x08000c3a   0x00000002   PAD
    0x08000c3c   0x08000c3c   0x0000005c   Code   RO         1349    i.GPIO_PinRemapConfig  stm32f10x_gpio.o
    0x08000c98   0x08000c98   0x0000000e   Code   RO         1351    i.GPIO_ReadInputDataBit  stm32f10x_gpio.o
    0x08000ca6   0x08000ca6   0x00000004   Code   RO         1354    i.GPIO_ResetBits    stm32f10x_gpio.o
    0x08000caa   0x08000caa   0x00000004   Code   RO         1355    i.GPIO_SetBits      stm32f10x_gpio.o
    0x08000cae   0x08000cae   0x00000002   PAD
    0x08000cb0   0x08000cb0   0x000006a4   Code   RO         3428    i.GUI_control_PID   gui_control.o
    0x08001354   0x08001354   0x00000014   Code   RO         3679    i.Go_Forward        motor.o
    0x08001368   0x08001368   0x00000002   Code   RO         3297    i.HardFault_Handler  stm32f10x_it.o
    0x0800136a   0x0800136a   0x00000002   PAD
    0x0800136c   0x0800136c   0x00000038   Code   RO         3796    i.I2C_Start         oled.o
    0x080013a4   0x080013a4   0x00000028   Code   RO         3797    i.I2C_Stop          oled.o
    0x080013cc   0x080013cc   0x00000030   Code   RO         3798    i.I2C_WaitAck       oled.o
    0x080013fc   0x080013fc   0x0000000a   Code   RO         3799    i.IIC_delay         oled.o
    0x08001406   0x08001406   0x00000002   PAD
    0x08001408   0x08001408   0x000000ec   Code   RO         3656    i.KEY_Scan          key.o
    0x080014f4   0x080014f4   0x0000002c   Code   RO         3657    i.Key_Init          key.o
    0x08001520   0x08001520   0x000000a4   Code   RO         3766    i.LEncoder_Init     encode.o
    0x080015c4   0x080015c4   0x00000048   Code   RO         3680    i.LMotor_Setspeed   motor.o
    0x0800160c   0x0800160c   0x00000050   Code   RO         3358    i.LPID_realize      control.o
    0x0800165c   0x0800165c   0x00000002   Code   RO         3298    i.MemManage_Handler  stm32f10x_it.o
    0x0800165e   0x0800165e   0x00000002   PAD
    0x08001660   0x08001660   0x0000012c   Code   RO         3196    i.Mod_Select        main.o
    0x0800178c   0x0800178c   0x00000048   Code   RO         3681    i.Motor_Init        motor.o
    0x080017d4   0x080017d4   0x00000004   Code   RO         3682    i.Motor_L           motor.o
    0x080017d8   0x080017d8   0x00000004   Code   RO         3683    i.Motor_R           motor.o
    0x080017dc   0x080017dc   0x00000002   Code   RO         3299    i.NMI_Handler       stm32f10x_it.o
    0x080017de   0x080017de   0x00000002   PAD
    0x080017e0   0x080017e0   0x00000064   Code   RO          137    i.NVIC_Init         misc.o
    0x08001844   0x08001844   0x00000014   Code   RO          138    i.NVIC_PriorityGroupConfig  misc.o
    0x08001858   0x08001858   0x0000002c   Code   RO         3800    i.OLED_Clear        oled.o
    0x08001884   0x08001884   0x00000030   Code   RO         3807    i.OLED_DrawPoint    oled.o
    0x080018b4   0x080018b4   0x00000138   Code   RO         3808    i.OLED_Init         oled.o
    0x080019ec   0x080019ec   0x00000010   Code   RO         3809    i.OLED_Pow          oled.o
    0x080019fc   0x080019fc   0x00000064   Code   RO         3810    i.OLED_Refresh      oled.o
    0x08001a60   0x08001a60   0x000000f8   Code   RO         3812    i.OLED_ShowChar     oled.o
    0x08001b58   0x08001b58   0x0000007a   Code   RO         3814    i.OLED_ShowNum      oled.o
    0x08001bd2   0x08001bd2   0x0000003c   Code   RO         3816    i.OLED_ShowString   oled.o
    0x08001c0e   0x08001c0e   0x0000003a   Code   RO         3817    i.OLED_WR_Byte      oled.o
    0x08001c48   0x08001c48   0x00000030   Code   RO         3818    i.OLED_clearare     oled.o
    0x08001c78   0x08001c78   0x00000038   Code   RO         3819    i.OLED_printf       oled.o
    0x08001cb0   0x08001cb0   0x000000ac   Code   RO         3522    i.PWM_Init          pwm.o
    0x08001d5c   0x08001d5c   0x0000000a   Code   RO         3523    i.PWM_SetCompare1   pwm.o
    0x08001d66   0x08001d66   0x0000000a   Code   RO         3524    i.PWM_SetCompare2   pwm.o
    0x08001d70   0x08001d70   0x00000002   Code   RO         3300    i.PendSV_Handler    stm32f10x_it.o
    0x08001d72   0x08001d72   0x00000002   PAD
    0x08001d74   0x08001d74   0x00000080   Code   RO         3359    i.Position_PID      control.o
    0x08001df4   0x08001df4   0x0000001c   Code   RO         1775    i.RCC_APB1PeriphClockCmd  stm32f10x_rcc.o
    0x08001e10   0x08001e10   0x0000001c   Code   RO         1777    i.RCC_APB2PeriphClockCmd  stm32f10x_rcc.o
    0x08001e2c   0x08001e2c   0x000000ac   Code   RO         1785    i.RCC_GetClocksFreq  stm32f10x_rcc.o
    0x08001ed8   0x08001ed8   0x000000a4   Code   RO         3767    i.REncoder_Init     encode.o
    0x08001f7c   0x08001f7c   0x00000048   Code   RO         3684    i.RMotor_Setspeed   motor.o
    0x08001fc4   0x08001fc4   0x00000050   Code   RO         3360    i.RPID_realize      control.o
    0x08002014   0x08002014   0x00000014   Code   RO         3768    i.Read_EncoderL     encode.o
    0x08002028   0x08002028   0x00000014   Code   RO         3769    i.Read_EncoderR     encode.o
    0x0800203c   0x0800203c   0x00000002   Code   RO         3301    i.SVC_Handler       stm32f10x_it.o
    0x0800203e   0x0800203e   0x00000002   PAD
    0x08002040   0x08002040   0x00000048   Code   RO         3820    i.Send_Byte         oled.o
    0x08002088   0x08002088   0x00000004   Code   RO           17    i.SetSysClock       system_stm32f10x.o
    0x0800208c   0x0800208c   0x000000b0   Code   RO           18    i.SetSysClockTo72   system_stm32f10x.o
    0x0800213c   0x0800213c   0x00000014   Code   RO         3361    i.Set_Pwm           control.o
    0x08002150   0x08002150   0x00000068   Code   RO         3197    i.Show_roe          main.o
    0x080021b8   0x080021b8   0x00000002   Code   RO         3302    i.SysTick_Handler   stm32f10x_it.o
    0x080021ba   0x080021ba   0x00000002   PAD
    0x080021bc   0x080021bc   0x00000050   Code   RO           20    i.SystemInit        system_stm32f10x.o
    0x0800220c   0x0800220c   0x00000074   Code   RO         2405    i.TI1_Config        stm32f10x_tim.o
    0x08002280   0x08002280   0x0000007c   Code   RO         2406    i.TI2_Config        stm32f10x_tim.o
    0x080022fc   0x080022fc   0x00000078   Code   RO         2407    i.TI3_Config        stm32f10x_tim.o
    0x08002374   0x08002374   0x0000007c   Code   RO         2408    i.TI4_Config        stm32f10x_tim.o
    0x080023f0   0x080023f0   0x000000e0   Code   RO         3362    i.TIM1_UP_IRQHandler  control.o
    0x080024d0   0x080024d0   0x00000180   Code   RO         3730    i.TIM3_IRQHandler   ultrasonic.o
    0x08002650   0x08002650   0x00000006   Code   RO         2415    i.TIM_ClearFlag     stm32f10x_tim.o
    0x08002656   0x08002656   0x00000006   Code   RO         2416    i.TIM_ClearITPendingBit  stm32f10x_tim.o
    0x0800265c   0x0800265c   0x00000018   Code   RO         2421    i.TIM_Cmd           stm32f10x_tim.o
    0x08002674   0x08002674   0x00000032   Code   RO         2430    i.TIM_EncoderInterfaceConfig  stm32f10x_tim.o
    0x080026a6   0x080026a6   0x00000004   Code   RO         2436    i.TIM_GetCapture1   stm32f10x_tim.o
    0x080026aa   0x080026aa   0x00000004   Code   RO         2437    i.TIM_GetCapture2   stm32f10x_tim.o
    0x080026ae   0x080026ae   0x00000004   Code   RO         2438    i.TIM_GetCapture3   stm32f10x_tim.o
    0x080026b2   0x080026b2   0x00000018   Code   RO         2442    i.TIM_GetITStatus   stm32f10x_tim.o
    0x080026ca   0x080026ca   0x00000002   PAD
    0x080026cc   0x080026cc   0x0000008c   Code   RO         2444    i.TIM_ICInit        stm32f10x_tim.o
    0x08002758   0x08002758   0x00000010   Code   RO         2445    i.TIM_ICStructInit  stm32f10x_tim.o
    0x08002768   0x08002768   0x00000014   Code   RO         2446    i.TIM_ITConfig      stm32f10x_tim.o
    0x0800277c   0x0800277c   0x0000000a   Code   RO         2448    i.TIM_InternalClockConfig  stm32f10x_tim.o
    0x08002786   0x08002786   0x00000002   PAD
    0x08002788   0x08002788   0x00000088   Code   RO         2450    i.TIM_OC1Init       stm32f10x_tim.o
    0x08002810   0x08002810   0x0000000c   Code   RO         2452    i.TIM_OC1PolarityConfig  stm32f10x_tim.o
    0x0800281c   0x0800281c   0x00000088   Code   RO         2455    i.TIM_OC2Init       stm32f10x_tim.o
    0x080028a4   0x080028a4   0x00000014   Code   RO         2457    i.TIM_OC2PolarityConfig  stm32f10x_tim.o
    0x080028b8   0x080028b8   0x00000014   Code   RO         2462    i.TIM_OC3PolarityConfig  stm32f10x_tim.o
    0x080028cc   0x080028cc   0x00000014   Code   RO         2468    i.TIM_OCStructInit  stm32f10x_tim.o
    0x080028e0   0x080028e0   0x00000004   Code   RO         2482    i.TIM_SetCompare1   stm32f10x_tim.o
    0x080028e4   0x080028e4   0x00000004   Code   RO         2483    i.TIM_SetCompare2   stm32f10x_tim.o
    0x080028e8   0x080028e8   0x00000004   Code   RO         2486    i.TIM_SetCounter    stm32f10x_tim.o
    0x080028ec   0x080028ec   0x00000010   Code   RO         2487    i.TIM_SetIC1Prescaler  stm32f10x_tim.o
    0x080028fc   0x080028fc   0x00000018   Code   RO         2488    i.TIM_SetIC2Prescaler  stm32f10x_tim.o
    0x08002914   0x08002914   0x00000010   Code   RO         2489    i.TIM_SetIC3Prescaler  stm32f10x_tim.o
    0x08002924   0x08002924   0x00000018   Code   RO         2490    i.TIM_SetIC4Prescaler  stm32f10x_tim.o
    0x0800293c   0x0800293c   0x0000009c   Code   RO         2492    i.TIM_TimeBaseInit  stm32f10x_tim.o
    0x080029d8   0x080029d8   0x00000012   Code   RO         2493    i.TIM_TimeBaseStructInit  stm32f10x_tim.o
    0x080029ea   0x080029ea   0x00000002   PAD
    0x080029ec   0x080029ec   0x0000007c   Code   RO         3510    i.Timer_Init        timer.o
    0x08002a68   0x08002a68   0x000001e8   Code   RO         3558    i.UART_Init         usart.o
    0x08002c50   0x08002c50   0x0000007c   Code   RO         3559    i.USART1_IRQHandler  usart.o
    0x08002ccc   0x08002ccc   0x00000134   Code   RO         3560    i.USART2_IRQHandler  usart.o
    0x08002e00   0x08002e00   0x0000002c   Code   RO         3561    i.USART3_IRQHandler  usart.o
    0x08002e2c   0x08002e2c   0x00000010   Code   RO         2957    i.USART_ClearITPendingBit  stm32f10x_usart.o
    0x08002e3c   0x08002e3c   0x00000018   Code   RO         2960    i.USART_Cmd         stm32f10x_usart.o
    0x08002e54   0x08002e54   0x0000000e   Code   RO         2963    i.USART_GetFlagStatus  stm32f10x_usart.o
    0x08002e62   0x08002e62   0x00000040   Code   RO         2964    i.USART_GetITStatus  stm32f10x_usart.o
    0x08002ea2   0x08002ea2   0x00000036   Code   RO         2966    i.USART_ITConfig    stm32f10x_usart.o
    0x08002ed8   0x08002ed8   0x000000bc   Code   RO         2967    i.USART_Init        stm32f10x_usart.o
    0x08002f94   0x08002f94   0x00000008   Code   RO         2974    i.USART_ReceiveData  stm32f10x_usart.o
    0x08002f9c   0x08002f9c   0x00000008   Code   RO         2977    i.USART_SendData    stm32f10x_usart.o
    0x08002fa4   0x08002fa4   0x00000002   Code   RO         3303    i.UsageFault_Handler  stm32f10x_it.o
    0x08002fa6   0x08002fa6   0x00000002   PAD
    0x08002fa8   0x08002fa8   0x0000002c   Code   RO         3363    i.Xianfu_PWM1       control.o
    0x08002fd4   0x08002fd4   0x0000002c   Code   RO         3364    i.Xianfu_Pwm        control.o
    0x08003000   0x08003000   0x00000020   Code   RO         4952    i.__0printf         mc_w.l(printfa.o)
    0x08003020   0x08003020   0x00000024   Code   RO         4958    i.__0vsprintf       mc_w.l(printfa.o)
    0x08003044   0x08003044   0x0000000e   Code   RO         5098    i.__scatterload_copy  mc_w.l(handlers.o)
    0x08003052   0x08003052   0x00000002   Code   RO         5099    i.__scatterload_null  mc_w.l(handlers.o)
    0x08003054   0x08003054   0x0000000e   Code   RO         5100    i.__scatterload_zeroinit  mc_w.l(handlers.o)
    0x08003062   0x08003062   0x00000002   PAD
    0x08003064   0x08003064   0x00000184   Code   RO         4959    i._fp_digits        mc_w.l(printfa.o)
    0x080031e8   0x080031e8   0x000006dc   Code   RO         4960    i._printf_core      mc_w.l(printfa.o)
    0x080038c4   0x080038c4   0x00000024   Code   RO         4961    i._printf_post_padding  mc_w.l(printfa.o)
    0x080038e8   0x080038e8   0x0000002e   Code   RO         4962    i._printf_pre_padding  mc_w.l(printfa.o)
    0x08003916   0x08003916   0x0000000a   Code   RO         4964    i._sputc            mc_w.l(printfa.o)
    0x08003920   0x08003920   0x00000018   Code   RO         3455    i.delay_ms          delay.o
    0x08003938   0x08003938   0x00000020   Code   RO         3457    i.delay_us          delay.o
    0x08003958   0x08003958   0x0000005a   Code   RO         3198    i.enter_step        main.o
    0x080039b2   0x080039b2   0x00000002   PAD
    0x080039b4   0x080039b4   0x00000024   Code   RO         3567    i.fputc             usart.o
    0x080039d8   0x080039d8   0x000007dc   Code   RO         3199    i.main              main.o
    0x080041b4   0x080041b4   0x0000005a   Code   RO         3200    i.out_step          main.o
    0x0800420e   0x0800420e   0x00000002   PAD
    0x08004210   0x08004210   0x00000088   Code   RO         3429    i.topic_select      gui_control.o
    0x08004298   0x08004298   0x00001e10   Data   RO         3822    .constdata          oled.o
    0x080060a8   0x080060a8   0x00000020   Data   RO         5096    Region$$Table       anon$$obj.o


    Execution Region RW_IRAM1 (Exec base: 0x20000000, Load base: 0x080060c8, Size: 0x00000a30, Max: 0x00005000, ABSOLUTE, COMPRESSED[0x00000024])

    Exec Addr    Load Addr    Size         Type   Attr      Idx    E Section Name        Object

    0x20000000   COMPRESSED   0x00000014   Data   RW         1805    .data               stm32f10x_rcc.o
    0x20000014   COMPRESSED   0x00000008   Data   RW         3202    .data               main.o
    0x2000001c   COMPRESSED   0x00000090   Data   RW         3365    .data               control.o
    0x200000ac   COMPRESSED   0x0000004c   Data   RW         3430    .data               gui_control.o
    0x200000f8   COMPRESSED   0x0000001c   Data   RW         3569    .data               usart.o
    0x20000114   COMPRESSED   0x00000001   Data   RW         3658    .data               key.o
    0x20000115   COMPRESSED   0x00000003   PAD
    0x20000118   COMPRESSED   0x00000014   Data   RW         3732    .data               ultrasonic.o
    0x2000012c   COMPRESSED   0x00000008   Data   RW         4667    .data               find_flag.o
    0x20000134   COMPRESSED   0x00000004   Data   RW         5063    .data               mc_w.l(stdout.o)
    0x20000138        -       0x00000072   Zero   RW         3568    .bss                usart.o
    0x200001aa        -       0x00000480   Zero   RW         3821    .bss                oled.o
    0x2000062a   COMPRESSED   0x00000006   PAD
    0x20000630        -       0x00000400   Zero   RW          130    STACK               startup_stm32f10x_md.o


==============================================================================

Image component sizes


      Code (inc. data)   RO Data    RW Data    ZI Data      Debug   Object Name

       620         50          0        144          0       4982   control.o
         0          0          0          0          0       4540   core_cm3.o
        56          0          0          0          0        926   delay.o
       368         24          0          0          0       2272   encode.o
       152         14          0          8          0       1302   find_flag.o
      1836         74          0         76          0       3063   gui_control.o
       280         14          0          1          0       1222   key.o
      2596        372          0          8          0       4302   main.o
       120         14          0          0          0     206935   misc.o
       244         22          0          0          0       2982   motor.o
      1338         60       7696          0       1152      11027   oled.o
       192          6          0          0          0       1523   pwm.o
        36          8        236          0       1024        780   startup_stm32f10x_md.o
         0          0          0          0          0       1652   stm32f10x_adc.o
       128         12          0          0          0       3617   stm32f10x_exti.o
       264         32          0          0          0      11094   stm32f10x_flash.o
       320         12          0          0          0      13256   stm32f10x_gpio.o
        18          0          0          0          0       3686   stm32f10x_it.o
       228         30          0         20          0      13134   stm32f10x_rcc.o
      1402        178          0          0          0      39392   stm32f10x_tim.o
       376          6          0          0          0      12759   stm32f10x_usart.o
       260         26          0          0          0      45161   system_stm32f10x.o
       124          6          0          0          0        545   timer.o
       384         10          0         20          0       1439   ultrasonic.o
      1000         60          0         28        114       6484   usart.o

    ----------------------------------------------------------------------
     12374       1030       7964        308       2296     398075   Object Totals
         0          0         32          0          0          0   (incl. Generated)
        32          0          0          3          6          0   (incl. Padding)

    ----------------------------------------------------------------------

      Code (inc. data)   RO Data    RW Data    ZI Data      Debug   Library Member Name

        86          0          0          0          0          0   __dczerorl2.o
         0          0          0          0          0          0   entry.o
         0          0          0          0          0          0   entry10a.o
         0          0          0          0          0          0   entry11a.o
         8          4          0          0          0          0   entry2.o
         4          0          0          0          0          0   entry5.o
         0          0          0          0          0          0   entry7b.o
         0          0          0          0          0          0   entry8b.o
         8          4          0          0          0          0   entry9a.o
        30          0          0          0          0          0   handlers.o
        36          8          0          0          0         68   init.o
         0          0          0          0          0          0   iusefp.o
        30          0          0          0          0         68   llshl.o
        36          0          0          0          0         68   llsshr.o
        32          0          0          0          0         68   llushr.o
        36          0          0          0          0        108   memseta.o
      2304         96          0          0          0        600   printfa.o
         0          0          0          4          0          0   stdout.o
        28          0          0          0          0         76   strcmp.o
        44          0          0          0          0         80   uidiv.o
        98          0          0          0          0         92   uldiv.o
        48          0          0          0          0         68   cdrcmple.o
       334          0          0          0          0        148   dadd.o
       222          0          0          0          0        100   ddiv.o
       186          0          0          0          0        176   depilogue.o
        48          0          0          0          0         68   dfixul.o
       228          0          0          0          0         96   dmul.o
       176          0          0          0          0        140   fadd.o
       124          0          0          0          0         88   fdiv.o
       110          0          0          0          0        168   fepilogue.o
        50          0          0          0          0         68   ffixi.o
        18          0          0          0          0         68   fflti.o
        10          0          0          0          0         68   ffltui.o
       100          0          0          0          0         76   fmul.o

    ----------------------------------------------------------------------
      4438        112          0          4          0       2560   Library Totals
         4          0          0          0          0          0   (incl. Padding)

    ----------------------------------------------------------------------

      Code (inc. data)   RO Data    RW Data    ZI Data      Debug   Library Name

      2780        112          0          4          0       1228   mc_w.l
      1654          0          0          0          0       1332   mf_w.l

    ----------------------------------------------------------------------
      4438        112          0          4          0       2560   Library Totals

    ----------------------------------------------------------------------

==============================================================================


      Code (inc. data)   RO Data    RW Data    ZI Data      Debug   

     16812       1142       7964        312       2296     393223   Grand Totals
     16812       1142       7964         36       2296     393223   ELF Image Totals (compressed)
     16812       1142       7964         36          0          0   ROM Totals

==============================================================================

    Total RO  Size (Code + RO Data)                24776 (  24.20kB)
    Total RW  Size (RW Data + ZI Data)              2608 (   2.55kB)
    Total ROM Size (Code + RO Data + RW Data)      24812 (  24.23kB)

==============================================================================

