Component: ARM Compiler 5.06 update 5 (build 528) Tool: armlink [4d35e2]

==============================================================================

Section Cross References

    system_stm32f10x.o(i.SetSysClock) refers to system_stm32f10x.o(i.SetSysClockTo72) for SetSysClockTo72
    system_stm32f10x.o(i.SystemCoreClockUpdate) refers to system_stm32f10x.o(.data) for .data
    system_stm32f10x.o(i.SystemInit) refers to system_stm32f10x.o(i.SetSysClock) for SetSysClock
    startup_stm32f10x_md.o(RESET) refers to startup_stm32f10x_md.o(STACK) for __initial_sp
    startup_stm32f10x_md.o(RESET) refers to startup_stm32f10x_md.o(.text) for Reset_Handler
    startup_stm32f10x_md.o(RESET) refers to stm32f10x_it.o(i.NMI_Handler) for NMI_Handler
    startup_stm32f10x_md.o(RESET) refers to stm32f10x_it.o(i.HardFault_Handler) for HardFault_Handler
    startup_stm32f10x_md.o(RESET) refers to stm32f10x_it.o(i.MemManage_Handler) for MemManage_Handler
    startup_stm32f10x_md.o(RESET) refers to stm32f10x_it.o(i.BusFault_Handler) for BusFault_Handler
    startup_stm32f10x_md.o(RESET) refers to stm32f10x_it.o(i.UsageFault_Handler) for UsageFault_Handler
    startup_stm32f10x_md.o(RESET) refers to stm32f10x_it.o(i.SVC_Handler) for SVC_Handler
    startup_stm32f10x_md.o(RESET) refers to stm32f10x_it.o(i.DebugMon_Handler) for DebugMon_Handler
    startup_stm32f10x_md.o(RESET) refers to stm32f10x_it.o(i.PendSV_Handler) for PendSV_Handler
    startup_stm32f10x_md.o(RESET) refers to stm32f10x_it.o(i.SysTick_Handler) for SysTick_Handler
    startup_stm32f10x_md.o(RESET) refers to find_flag.o(i.EXTI4_IRQHandler) for EXTI4_IRQHandler
    startup_stm32f10x_md.o(RESET) refers to control.o(i.TIM1_UP_IRQHandler) for TIM1_UP_IRQHandler
    startup_stm32f10x_md.o(RESET) refers to ultrasonic.o(i.TIM3_IRQHandler) for TIM3_IRQHandler
    startup_stm32f10x_md.o(RESET) refers to usart.o(i.USART1_IRQHandler) for USART1_IRQHandler
    startup_stm32f10x_md.o(RESET) refers to usart.o(i.USART2_IRQHandler) for USART2_IRQHandler
    startup_stm32f10x_md.o(RESET) refers to usart.o(i.USART3_IRQHandler) for USART3_IRQHandler
    startup_stm32f10x_md.o(.text) refers to system_stm32f10x.o(i.SystemInit) for SystemInit
    startup_stm32f10x_md.o(.text) refers to entry.o(.ARM.Collect$$$$00000000) for __main
    stm32f10x_adc.o(i.ADC_DeInit) refers to stm32f10x_rcc.o(i.RCC_APB2PeriphResetCmd) for RCC_APB2PeriphResetCmd
    stm32f10x_bkp.o(i.BKP_DeInit) refers to stm32f10x_rcc.o(i.RCC_BackupResetCmd) for RCC_BackupResetCmd
    stm32f10x_can.o(i.CAN_DeInit) refers to stm32f10x_rcc.o(i.RCC_APB1PeriphResetCmd) for RCC_APB1PeriphResetCmd
    stm32f10x_can.o(i.CAN_GetITStatus) refers to stm32f10x_can.o(i.CheckITStatus) for CheckITStatus
    stm32f10x_cec.o(i.CEC_DeInit) refers to stm32f10x_rcc.o(i.RCC_APB1PeriphResetCmd) for RCC_APB1PeriphResetCmd
    stm32f10x_dac.o(i.DAC_DeInit) refers to stm32f10x_rcc.o(i.RCC_APB1PeriphResetCmd) for RCC_APB1PeriphResetCmd
    stm32f10x_flash.o(i.FLASH_EnableWriteProtection) refers to stm32f10x_flash.o(i.FLASH_WaitForLastOperation) for FLASH_WaitForLastOperation
    stm32f10x_flash.o(i.FLASH_EraseAllBank1Pages) refers to stm32f10x_flash.o(i.FLASH_WaitForLastBank1Operation) for FLASH_WaitForLastBank1Operation
    stm32f10x_flash.o(i.FLASH_EraseAllPages) refers to stm32f10x_flash.o(i.FLASH_WaitForLastOperation) for FLASH_WaitForLastOperation
    stm32f10x_flash.o(i.FLASH_EraseOptionBytes) refers to stm32f10x_flash.o(i.FLASH_GetReadOutProtectionStatus) for FLASH_GetReadOutProtectionStatus
    stm32f10x_flash.o(i.FLASH_EraseOptionBytes) refers to stm32f10x_flash.o(i.FLASH_WaitForLastOperation) for FLASH_WaitForLastOperation
    stm32f10x_flash.o(i.FLASH_ErasePage) refers to stm32f10x_flash.o(i.FLASH_WaitForLastOperation) for FLASH_WaitForLastOperation
    stm32f10x_flash.o(i.FLASH_ProgramHalfWord) refers to stm32f10x_flash.o(i.FLASH_WaitForLastOperation) for FLASH_WaitForLastOperation
    stm32f10x_flash.o(i.FLASH_ProgramOptionByteData) refers to stm32f10x_flash.o(i.FLASH_WaitForLastOperation) for FLASH_WaitForLastOperation
    stm32f10x_flash.o(i.FLASH_ProgramWord) refers to stm32f10x_flash.o(i.FLASH_WaitForLastOperation) for FLASH_WaitForLastOperation
    stm32f10x_flash.o(i.FLASH_ReadOutProtection) refers to stm32f10x_flash.o(i.FLASH_WaitForLastOperation) for FLASH_WaitForLastOperation
    stm32f10x_flash.o(i.FLASH_UserOptionByteConfig) refers to stm32f10x_flash.o(i.FLASH_WaitForLastOperation) for FLASH_WaitForLastOperation
    stm32f10x_flash.o(i.FLASH_WaitForLastBank1Operation) refers to stm32f10x_flash.o(i.FLASH_GetBank1Status) for FLASH_GetBank1Status
    stm32f10x_flash.o(i.FLASH_WaitForLastOperation) refers to stm32f10x_flash.o(i.FLASH_GetBank1Status) for FLASH_GetBank1Status
    stm32f10x_gpio.o(i.GPIO_AFIODeInit) refers to stm32f10x_rcc.o(i.RCC_APB2PeriphResetCmd) for RCC_APB2PeriphResetCmd
    stm32f10x_gpio.o(i.GPIO_DeInit) refers to stm32f10x_rcc.o(i.RCC_APB2PeriphResetCmd) for RCC_APB2PeriphResetCmd
[...]
    ../fplib/microlib/d2f.c                  0x00000000   Number         0  d2f.o ABSOLUTE
    ../fplib/microlib/f2d.c                  0x00000000   Number         0  f2d.o ABSOLUTE
    ../fplib/microlib/fpadd.c                0x00000000   Number         0  dadd.o ABSOLUTE
    ../fplib/microlib/fpadd.c                0x00000000   Number         0  fadd.o ABSOLUTE
    ../fplib/microlib/fpdiv.c                0x00000000   Number         0  fdiv.o ABSOLUTE
    ../fplib/microlib/fpdiv.c                0x00000000   Number         0  ddiv.o ABSOLUTE
    ../fplib/microlib/fpepilogue.c           0x00000000   Number         0  depilogue.o ABSOLUTE
    ../fplib/microlib/fpepilogue.c           0x00000000   Number         0  fepilogue.o ABSOLUTE
    ../fplib/microlib/fpfix.c                0x00000000   Number         0  ffixui.o ABSOLUTE
    ../fplib/microlib/fpfix.c                0x00000000   Number         0  ffixi.o ABSOLUTE
    ../fplib/microlib/fpfix.c                0x00000000   Number         0  dfixi.o ABSOLUTE
    ../fplib/microlib/fpfix.c                0x00000000   Number         0  dfixul.o ABSOLUTE
    ../fplib/microlib/fpflt.c                0x00000000   Number         0  dflti.o ABSOLUTE
    ../fplib/microlib/fpflt.c                0x00000000   Number         0  fflti.o ABSOLUTE
    ../fplib/microlib/fpflt.c                0x00000000   Number         0  ffltui.o ABSOLUTE
    ../fplib/microlib/fpmul.c                0x00000000   Number         0  dmul.o ABSOLUTE
    ../fplib/microlib/fpmul.c                0x00000000   Number         0  fmul.o ABSOLUTE
    ../fplib/microlib/fpscalb.c              0x00000000   Number         0  dscalb.o ABSOLUTE
    ../fplib/microlib/fpscalb.c              0x00000000   Number         0  fscalb.o ABSOLUTE
    ../fplib/microlib/fpsqrt.c               0x00000000   Number         0  dsqrt.o ABSOLUTE
    ../mathlib/asin.c                        0x00000000   Number         0  asin.o ABSOLUTE
    ../mathlib/asin.c                        0x00000000   Number         0  asin_x.o ABSOLUTE
    ../mathlib/atan.c                        0x00000000   Number         0  atan.o ABSOLUTE
    ../mathlib/atan.c                        0x00000000   Number         0  atan_x.o ABSOLUTE
    ../mathlib/atan2.c                       0x00000000   Number         0  atan2_x.o ABSOLUTE
    ../mathlib/atan2.c                       0x00000000   Number         0  atan2.o ABSOLUTE
    ../mathlib/dunder.c                      0x00000000   Number         0  dunder.o ABSOLUTE
    ../mathlib/fpclassify.c                  0x00000000   Number         0  fpclassify.o ABSOLUTE
    ../mathlib/poly.c                        0x00000000   Number         0  poly.o ABSOLUTE
    ../mathlib/qnan.c                        0x00000000   Number         0  qnan.o ABSOLUTE
    ../mathlib/sqrt.c                        0x00000000   Number         0  sqrt_x.o ABSOLUTE
    ../mathlib/sqrt.c                        0x00000000   Number         0  sqrt.o ABSOLUTE
    Hardware\Find_flag.c                     0x00000000   Number         0  find_flag.o ABSOLUTE
    Hardware\Key.c                           0x00000000   Number         0  key.o ABSOLUTE
    Hardware\MPU6050\inv_mpu.c               0x00000000   Number         0  inv_mpu.o ABSOLUTE
    Hardware\MPU6050\inv_mpu_dmp_motion_driver.c 0x00000000   Number         0  inv_mpu_dmp_motion_driver.o ABSOLUTE
    Hardware\MPU6050\mpu6050.c               0x00000000   Number         0  mpu6050.o ABSOLUTE
    Hardware\MPU6050\mpuiic.c                0x00000000   Number         0  mpuiic.o ABSOLUTE
    Hardware\Motor.c                         0x00000000   Number         0  motor.o ABSOLUTE
    Hardware\Trail.c                         0x00000000   Number         0  trail.o ABSOLUTE
    Hardware\Ultrasonic.c                    0x00000000   Number         0  ultrasonic.o ABSOLUTE
    Hardware\encode.c                        0x00000000   Number         0  encode.o ABSOLUTE
    Hardware\oled.c                          0x00000000   Number         0  oled.o ABSOLUTE
    Library\misc.c                           0x00000000   Number         0  misc.o ABSOLUTE
    Library\stm32f10x_adc.c                  0x00000000   Number         0  stm32f10x_adc.o ABSOLUTE
    Library\stm32f10x_bkp.c                  0x00000000   Number         0  stm32f10x_bkp.o ABSOLUTE
    Library\stm32f10x_can.c                  0x00000000   Number         0  stm32f10x_can.o ABSOLUTE
    Library\stm32f10x_cec.c                  0x00000000   Number         0  stm32f10x_cec.o ABSOLUTE
    Library\stm32f10x_crc.c                  0x00000000   Number         0  stm32f10x_crc.o ABSOLUTE
    Library\stm32f10x_dac.c                  0x00000000   Number         0  stm32f10x_dac.o ABSOLUTE
    Library\stm32f10x_dbgmcu.c               0x00000000   Number         0  stm32f10x_dbgmcu.o ABSOLUTE
    Library\stm32f10x_dma.c                  0x00000000   Number         0  stm32f10x_dma.o ABSOLUTE
    Library\stm32f10x_exti.c                 0x00000000   Number         0  stm32f10x_exti.o ABSOLUTE
    Library\stm32f10x_flash.c                0x00000000   Number         0  stm32f10x_flash.o ABSOLUTE
    Library\stm32f10x_fsmc.c                 0x00000000   Number         0  stm32f10x_fsmc.o ABSOLUTE
    Library\stm32f10x_gpio.c                 0x00000000   Number         0  stm32f10x_gpio.o ABSOLUTE
    Library\stm32f10x_i2c.c                  0x00000000   Number         0  stm32f10x_i2c.o ABSOLUTE
    Library\stm32f10x_iwdg.c                 0x00000000   Number         0  stm32f10x_iwdg.o ABSOLUTE
    Library\stm32f10x_pwr.c                  0x00000000   Number         0  stm32f10x_pwr.o ABSOLUTE
    Library\stm32f10x_rcc.c                  0x00000000   Number         0  stm32f10x_rcc.o ABSOLUTE
    Library\stm32f10x_rtc.c                  0x00000000   Number         0  stm32f10x_rtc.o ABSOLUTE
    Library\stm32f10x_sdio.c                 0x00000000   Number         0  stm32f10x_sdio.o ABSOLUTE
    Library\stm32f10x_spi.c                  0x00000000   Number         0  stm32f10x_spi.o ABSOLUTE
    Library\stm32f10x_tim.c                  0x00000000   Number         0  stm32f10x_tim.o ABSOLUTE
    Library\stm32f10x_usart.c                0x00000000   Number         0  stm32f10x_usart.o ABSOLUTE
    Library\stm32f10x_wwdg.c                 0x00000000   Number         0  stm32f10x_wwdg.o ABSOLUTE
    Start\\core_cm3.c                        0x00000000   Number         0  core_cm3.o ABSOLUTE
    Start\core_cm3.c                         0x00000000   Number         0  core_cm3.o ABSOLUTE
    Start\startup_stm32f10x_md.s             0x00000000   Number         0  startup_stm32f10x_md.o ABSOLUTE
    Start\system_stm32f10x.c                 0x00000000   Number         0  system_stm32f10x.o ABSOLUTE
    System\ADC.c                             0x00000000   Number         0  adc.o ABSOLUTE
    System\Delay.c                           0x00000000   Number         0  delay.o ABSOLUTE
    System\PWM.c                             0x00000000   Number         0  pwm.o ABSOLUTE
    System\Timer.c                           0x00000000   Number         0  timer.o ABSOLUTE
    System\sys.c                             0x00000000   Number         0  sys.o ABSOLUTE
    System\usart.c                           0x00000000   Number         0  usart.o ABSOLUTE
    User\GUI_control.c                       0x00000000   Number         0  gui_control.o ABSOLUTE
    User\control.c                           0x00000000   Number         0  control.o ABSOLUTE
    User\main.c                              0x00000000   Number         0  main.o ABSOLUTE
    User\stm32f10x_it.c                      0x00000000   Number         0  stm32f10x_it.o ABSOLUTE
    cdcmple.s                                0x00000000   Number         0  cdcmple.o ABSOLUTE
    cdrcmple.s                               0x00000000   Number         0  cdrcmple.o ABSOLUTE
    dc.s                                     0x00000000   Number         0  dc.o ABSOLUTE
    handlers.s                               0x00000000   Number         0  handlers.o ABSOLUTE
    init.s                                   0x00000000   Number         0  init.o ABSOLUTE
    RESET                                    0x08000000   Section      236  startup_stm32f10x_md.o(RESET)
    .ARM.Collect$$$$00000000                 0x080000ec   Section        0  entry.o(.ARM.Collect$$$$00000000)
    .ARM.Collect$$$$00000001                 0x080000ec   Section        4  entry2.o(.ARM.Collect$$$$00000001)
    .ARM.Collect$$$$00000004                 0x080000f0   Section        4  entry5.o(.ARM.Collect$$$$00000004)
    .ARM.Collect$$$$00000008                 0x080000f4   Section        0  entry7b.o(.ARM.Collect$$$$00000008)
    .ARM.Collect$$$$0000000A                 0x080000f4   Section        0  entry8b.o(.ARM.Collect$$$$0000000A)
    .ARM.Collect$$$$0000000B                 0x080000f4   Section        8  entry9a.o(.ARM.Collect$$$$0000000B)
    .ARM.Collect$$$$0000000D                 0x080000fc   Section        0  entry10a.o(.ARM.Collect$$$$0000000D)
    .ARM.Collect$$$$0000000F                 0x080000fc   Section        0  entry11a.o(.ARM.Collect$$$$0000000F)
    .ARM.Collect$$$$00002712                 0x080000fc   Section        4  entry2.o(.ARM.Collect$$$$00002712)
    __lit__00000000                          0x080000fc   Data           4  entry2.o(.ARM.Collect$$$$00002712)
    .text                                    0x08000100   Section       36  startup_stm32f10x_md.o(.text)
    .text                                    0x08000124   Section        0  memseta.o(.text)
    .text                                    0x08000148   Section        0  strcmp.o(.text)
    .text                                    0x08000164   Section        0  fadd.o(.text)
    .text                                    0x08000214   Section        0  fmul.o(.text)
    .text                                    0x08000278   Section        0  fdiv.o(.text)
    .text                                    0x080002f4   Section        0  dadd.o(.text)
    .text                                    0x08000442   Section        0  dmul.o(.text)
    .text                                    0x08000526   Section        0  ddiv.o(.text)
    .text                                    0x08000604   Section        0  fflti.o(.text)
    .text                                    0x08000616   Section        0  ffltui.o(.text)
    .text                                    0x08000620   Section        0  ffixi.o(.text)
    .text                                    0x08000652   Section        0  uidiv.o(.text)
    .text                                    0x0800067e   Section        0  uldiv.o(.text)
    .text                                    0x080006e0   Section        0  llshl.o(.text)
    .text                                    0x080006fe   Section        0  llushr.o(.text)
    .text                                    0x0800071e   Section        0  llsshr.o(.text)
    .text                                    0x08000742   Section        0  fepilogue.o(.text)
    .text                                    0x08000742   Section        0  iusefp.o(.text)
    .text                                    0x080007b0   Section        0  depilogue.o(.text)
    .text                                    0x0800086a   Section        0  dfixul.o(.text)
    .text                                    0x0800089c   Section       48  cdrcmple.o(.text)
    .text                                    0x080008cc   Section       36  init.o(.text)
    .text                                    0x080008f0   Section        0  __dczerorl.o(.text)
    i.BusFault_Handler                       0x0800092a   Section        0  stm32f10x_it.o(i.BusFault_Handler)
    i.DebugMon_Handler                       0x0800092c   Section        0  stm32f10x_it.o(i.DebugMon_Handler)
    i.EXTI4_IRQHandler                       0x08000930   Section        0  find_flag.o(i.EXTI4_IRQHandler)
    i.EXTI_ClearITPendingBit                 0x08000958   Section        0  stm32f10x_exti.o(i.EXTI_ClearITPendingBit)
    i.EXTI_Init                              0x08000964   Section        0  stm32f10x_exti.o(i.EXTI_Init)
    i.FLASH_ErasePage                        0x080009d8   Section        0  stm32f10x_flash.o(i.FLASH_ErasePage)
    i.FLASH_GetBank1Status                   0x08000a14   Section        0  stm32f10x_flash.o(i.FLASH_GetBank1Status)
    i.FLASH_Lock                             0x08000a3c   Section        0  stm32f10x_flash.o(i.FLASH_Lock)
    i.FLASH_ProgramWord                      0x08000a4c   Section        0  stm32f10x_flash.o(i.FLASH_ProgramWord)
    i.FLASH_Unlock                           0x08000aa8   Section        0  stm32f10x_flash.o(i.FLASH_Unlock)
    i.FLASH_WaitForLastOperation             0x08000ac0   Section        0  stm32f10x_flash.o(i.FLASH_WaitForLastOperation)
    i.Find_line_init                         0x08000ae0   Section        0  find_flag.o(i.Find_line_init)
    i.GPIO_EXTILineConfig                    0x08000b50   Section        0  stm32f10x_gpio.o(i.GPIO_EXTILineConfig)
    i.GPIO_Init                              0x08000b78   Section        0  stm32f10x_gpio.o(i.GPIO_Init)
    i.GPIO_PinRemapConfig                    0x08000c20   Section        0  stm32f10x_gpio.o(i.GPIO_PinRemapConfig)
    i.GPIO_ReadInputDataBit                  0x08000c7c   Section        0  stm32f10x_gpio.o(i.GPIO_ReadInputDataBit)
    i.GPIO_ResetBits                         0x08000c8a   Section        0  stm32f10x_gpio.o(i.GPIO_ResetBits)
    i.GPIO_SetBits                           0x08000c8e   Section        0  stm32f10x_gpio.o(i.GPIO_SetBits)
    i.GUI_control_PID                        0x08000c94   Section        0  gui_control.o(i.GUI_control_PID)
    i.Go_Forward                             0x08001338   Section        0  motor.o(i.Go_Forward)
    i.HardFault_Handler                      0x0800134c   Section        0  stm32f10x_it.o(i.HardFault_Handler)
    i.I2C_Start                              0x08001350   Section        0  oled.o(i.I2C_Start)
    i.I2C_Stop                               0x08001388   Section        0  oled.o(i.I2C_Stop)
    i.I2C_WaitAck                            0x080013b0   Section        0  oled.o(i.I2C_WaitAck)
    i.IIC_delay                              0x080013e0   Section        0  oled.o(i.IIC_delay)
    i.K210_turn                              0x080013ea   Section        0  main.o(i.K210_turn)
    i.KEY_Scan                               0x08001430   Section        0  key.o(i.KEY_Scan)
    i.Key_Init                               0x0800151c   Section        0  key.o(i.Key_Init)
    i.LEncoder_Init                          0x08001548   Section        0  encode.o(i.LEncoder_Init)
    i.LMotor_Setspeed                        0x080015ec   Section        0  motor.o(i.LMotor_Setspeed)
    i.LPID_realize                           0x08001634   Section        0  control.o(i.LPID_realize)
    i.MemManage_Handler                      0x08001684   Section        0  stm32f10x_it.o(i.MemManage_Handler)
    i.Mod_Select                             0x08001688   Section        0  main.o(i.Mod_Select)
    i.Motor_Init                             0x08001758   Section        0  motor.o(i.Motor_Init)
    i.Motor_L                                0x080017a0   Section        0  motor.o(i.Motor_L)
    i.Motor_R                                0x080017a4   Section        0  motor.o(i.Motor_R)
    i.NMI_Handler                            0x080017a8   Section        0  stm32f10x_it.o(i.NMI_Handler)
    i.NVIC_Init                              0x080017ac   Section        0  misc.o(i.NVIC_Init)
    i.NVIC_PriorityGroupConfig               0x08001810   Section        0  misc.o(i.NVIC_PriorityGroupConfig)
    i.OLED_Clear                             0x08001824   Section        0  oled.o(i.OLED_Clear)
    i.OLED_DrawPoint                         0x08001850   Section        0  oled.o(i.OLED_DrawPoint)
    i.OLED_Init                              0x08001880   Section        0  oled.o(i.OLED_Init)
    i.OLED_Pow                               0x080019b8   Section        0  oled.o(i.OLED_Pow)
    i.OLED_Refresh                           0x080019c8   Section        0  oled.o(i.OLED_Refresh)
    i.OLED_ShowChar                          0x08001a2c   Section        0  oled.o(i.OLED_ShowChar)
    i.OLED_ShowNum                           0x08001b24   Section        0  oled.o(i.OLED_ShowNum)
    i.OLED_ShowString                        0x08001b9e   Section        0  oled.o(i.OLED_ShowString)
    i.OLED_WR_Byte                           0x08001bda   Section        0  oled.o(i.OLED_WR_Byte)
    i.OLED_clearare                          0x08001c14   Section        0  oled.o(i.OLED_clearare)
    i.OLED_printf                            0x08001c44   Section        0  oled.o(i.OLED_printf)
    i.PWM_Init                               0x08001c7c   Section        0  pwm.o(i.PWM_Init)
    i.PWM_SetCompare1                        0x08001d28   Section        0  pwm.o(i.PWM_SetCompare1)
    i.PWM_SetCompare2                        0x08001d32   Section        0  pwm.o(i.PWM_SetCompare2)
    i.PendSV_Handler                         0x08001d3c   Section        0  stm32f10x_it.o(i.PendSV_Handler)
    i.Position_PID                           0x08001d40   Section        0  control.o(i.Position_PID)
    i.RCC_APB1PeriphClockCmd                 0x08001dbc   Section        0  stm32f10x_rcc.o(i.RCC_APB1PeriphClockCmd)
    i.RCC_APB2PeriphClockCmd                 0x08001dd8   Section        0  stm32f10x_rcc.o(i.RCC_APB2PeriphClockCmd)
    i.RCC_GetClocksFreq                      0x08001df4   Section        0  stm32f10x_rcc.o(i.RCC_GetClocksFreq)
    i.REncoder_Init                          0x08001ea0   Section        0  encode.o(i.REncoder_Init)
    i.RMotor_Setspeed                        0x08001f44   Section        0  motor.o(i.RMotor_Setspeed)
    i.RPID_realize                           0x08001f8c   Section        0  control.o(i.RPID_realize)
    i.Read_EncoderL                          0x08001fe0   Section        0  encode.o(i.Read_EncoderL)
    i.Read_EncoderR                          0x08001ff4   Section        0  encode.o(i.Read_EncoderR)
    i.SVC_Handler                            0x08002008   Section        0  stm32f10x_it.o(i.SVC_Handler)
    i.Send_Byte                              0x0800200c   Section        0  oled.o(i.Send_Byte)
    i.SetSysClock                            0x08002054   Section        0  system_stm32f10x.o(i.SetSysClock)
    SetSysClock                              0x08002055   Thumb Code     4  system_stm32f10x.o(i.SetSysClock)
    i.SetSysClockTo72                        0x08002058   Section        0  system_stm32f10x.o(i.SetSysClockTo72)
    SetSysClockTo72                          0x08002059   Thumb Code   166  system_stm32f10x.o(i.SetSysClockTo72)
    i.Set_Pwm                                0x08002108   Section        0  control.o(i.Set_Pwm)
    i.Show_roe                               0x0800211c   Section        0  main.o(i.Show_roe)
    i.SysTick_Handler                        0x08002184   Section        0  stm32f10x_it.o(i.SysTick_Handler)
    i.SystemInit                             0x08002188   Section        0  system_stm32f10x.o(i.SystemInit)
    i.TI1_Config                             0x080021d8   Section        0  stm32f10x_tim.o(i.TI1_Config)
    TI1_Config                               0x080021d9   Thumb Code    94  stm32f10x_tim.o(i.TI1_Config)
    i.TI2_Config                             0x0800224c   Section        0  stm32f10x_tim.o(i.TI2_Config)
    TI2_Config                               0x0800224d   Thumb Code   102  stm32f10x_tim.o(i.TI2_Config)
    i.TI3_Config                             0x080022c8   Section        0  stm32f10x_tim.o(i.TI3_Config)
    TI3_Config                               0x080022c9   Thumb Code    98  stm32f10x_tim.o(i.TI3_Config)
    i.TI4_Config                             0x08002340   Section        0  stm32f10x_tim.o(i.TI4_Config)
    TI4_Config                               0x08002341   Thumb Code   102  stm32f10x_tim.o(i.TI4_Config)
    i.TIM1_UP_IRQHandler                     0x080023bc   Section        0  control.o(i.TIM1_UP_IRQHandler)
    i.TIM3_IRQHandler                        0x080024b0   Section        0  ultrasonic.o(i.TIM3_IRQHandler)
    i.TIM_ClearFlag                          0x08002630   Section        0  stm32f10x_tim.o(i.TIM_ClearFlag)
    i.TIM_ClearITPendingBit                  0x08002636   Section        0  stm32f10x_tim.o(i.TIM_ClearITPendingBit)
    i.TIM_Cmd                                0x0800263c   Section        0  stm32f10x_tim.o(i.TIM_Cmd)
    i.TIM_EncoderInterfaceConfig             0x08002654   Section        0  stm32f10x_tim.o(i.TIM_EncoderInterfaceConfig)
    i.TIM_GetCapture1                        0x08002686   Section        0  stm32f10x_tim.o(i.TIM_GetCapture1)
    i.TIM_GetCapture2                        0x0800268a   Section        0  stm32f10x_tim.o(i.TIM_GetCapture2)
    i.TIM_GetCapture3                        0x0800268e   Section        0  stm32f10x_tim.o(i.TIM_GetCapture3)
    i.TIM_GetITStatus                        0x08002692   Section        0  stm32f10x_tim.o(i.TIM_GetITStatus)
    i.TIM_ICInit                             0x080026ac   Section        0  stm32f10x_tim.o(i.TIM_ICInit)
    i.TIM_ICStructInit                       0x08002738   Section        0  stm32f10x_tim.o(i.TIM_ICStructInit)
    i.TIM_ITConfig                           0x08002748   Section        0  stm32f10x_tim.o(i.TIM_ITConfig)
    i.TIM_InternalClockConfig                0x0800275c   Section        0  stm32f10x_tim.o(i.TIM_InternalClockConfig)
    i.TIM_OC1Init                            0x08002768   Section        0  stm32f10x_tim.o(i.TIM_OC1Init)
    i.TIM_OC1PolarityConfig                  0x080027f0   Section        0  stm32f10x_tim.o(i.TIM_OC1PolarityConfig)
    i.TIM_OC2Init                            0x080027fc   Section        0  stm32f10x_tim.o(i.TIM_OC2Init)
    i.TIM_OC2PolarityConfig                  0x08002884   Section        0  stm32f10x_tim.o(i.TIM_OC2PolarityConfig)
    i.TIM_OC3PolarityConfig                  0x08002898   Section        0  stm32f10x_tim.o(i.TIM_OC3PolarityConfig)
    i.TIM_OCStructInit                       0x080028ac   Section        0  stm32f10x_tim.o(i.TIM_OCStructInit)
    i.TIM_SetCompare1                        0x080028c0   Section        0  stm32f10x_tim.o(i.TIM_SetCompare1)
    i.TIM_SetCompare2                        0x080028c4   Section        0  stm32f10x_tim.o(i.TIM_SetCompare2)
    i.TIM_SetCounter                         0x080028c8   Section        0  stm32f10x_tim.o(i.TIM_SetCounter)
    i.TIM_SetIC1Prescaler                    0x080028cc   Section        0  stm32f10x_tim.o(i.TIM_SetIC1Prescaler)
    i.TIM_SetIC2Prescaler                    0x080028dc   Section        0  stm32f10x_tim.o(i.TIM_SetIC2Prescaler)
    i.TIM_SetIC3Prescaler                    0x080028f4   Section        0  stm32f10x_tim.o(i.TIM_SetIC3Prescaler)
    i.TIM_SetIC4Prescaler                    0x08002904   Section        0  stm32f10x_tim.o(i.TIM_SetIC4Prescaler)
    i.TIM_TimeBaseInit                       0x0800291c   Section        0  stm32f10x_tim.o(i.TIM_TimeBaseInit)
    i.TIM_TimeBaseStructInit                 0x080029b8   Section        0  stm32f10x_tim.o(i.TIM_TimeBaseStructInit)
    i.Timer_Init                             0x080029cc   Section        0  timer.o(i.Timer_Init)
    i.UART_Init                              0x08002a48   Section        0  usart.o(i.UART_Init)
    i.USART1_IRQHandler                      0x08002c40   Section        0  usart.o(i.USART1_IRQHandler)
    i.USART2_IRQHandler                      0x08002cc0   Section        0  usart.o(i.USART2_IRQHandler)
    i.USART3_IRQHandler                      0x08002e3c   Section        0  usart.o(i.USART3_IRQHandler)
    i.USART_ClearITPendingBit                0x08002e68   Section        0  stm32f10x_usart.o(i.USART_ClearITPendingBit)
    i.USART_Cmd                              0x08002e78   Section        0  stm32f10x_usart.o(i.USART_Cmd)
    i.USART_GetFlagStatus                    0x08002e90   Section        0  stm32f10x_usart.o(i.USART_GetFlagStatus)
    i.USART_GetITStatus                      0x08002e9e   Section        0  stm32f10x_usart.o(i.USART_GetITStatus)
    i.USART_ITConfig                         0x08002ede   Section        0  stm32f10x_usart.o(i.USART_ITConfig)
    i.USART_Init                             0x08002f14   Section        0  stm32f10x_usart.o(i.USART_Init)
    i.USART_ReceiveData                      0x08002fd0   Section        0  stm32f10x_usart.o(i.USART_ReceiveData)
    i.USART_SendData                         0x08002fd8   Section        0  stm32f10x_usart.o(i.USART_SendData)
    i.USART_printf                           0x08002fe0   Section        0  usart.o(i.USART_printf)
    i.UsageFault_Handler                     0x0800302a   Section        0  stm32f10x_it.o(i.UsageFault_Handler)
    i.Xianfu_PWM1                            0x0800302c   Section        0  control.o(i.Xianfu_PWM1)
    i.Xianfu_Pwm                             0x08003058   Section        0  control.o(i.Xianfu_Pwm)
    i.__0printf                              0x08003084   Section        0  printfa.o(i.__0printf)
    i.__0vsnprintf                           0x080030a4   Section        0  printfa.o(i.__0vsnprintf)
    i.__0vsprintf                            0x080030d0   Section        0  printfa.o(i.__0vsprintf)
    i.__scatterload_copy                     0x080030f4   Section       14  handlers.o(i.__scatterload_copy)
    i.__scatterload_null                     0x08003102   Section        2  handlers.o(i.__scatterload_null)
    i.__scatterload_zeroinit                 0x08003104   Section       14  handlers.o(i.__scatterload_zeroinit)
    i._fp_digits                             0x08003114   Section        0  printfa.o(i._fp_digits)
    _fp_digits                               0x08003115   Thumb Code   366  printfa.o(i._fp_digits)
    i._printf_core                           0x08003298   Section        0  printfa.o(i._printf_core)
    _printf_core                             0x08003299   Thumb Code  1744  printfa.o(i._printf_core)
    i._printf_post_padding                   0x08003974   Section        0  printfa.o(i._printf_post_padding)
    _printf_post_padding                     0x08003975   Thumb Code    36  printfa.o(i._printf_post_padding)
    i._printf_pre_padding                    0x08003998   Section        0  printfa.o(i._printf_pre_padding)
    _printf_pre_padding                      0x08003999   Thumb Code    46  printfa.o(i._printf_pre_padding)
    i._snputc                                0x080039c6   Section        0  printfa.o(i._snputc)
    _snputc                                  0x080039c7   Thumb Code    22  printfa.o(i._snputc)
    i._sputc                                 0x080039dc   Section        0  printfa.o(i._sputc)
    _sputc                                   0x080039dd   Thumb Code    10  printfa.o(i._sputc)
    i.delay_ms                               0x080039e6   Section        0  delay.o(i.delay_ms)
    i.delay_us                               0x080039fe   Section        0  delay.o(i.delay_us)
    i.enter_step                             0x08003a1e   Section        0  main.o(i.enter_step)
    i.fputc                                  0x08003a78   Section        0  usart.o(i.fputc)
    i.main                                   0x08003a9c   Section        0  main.o(i.main)
    i.out_step                               0x080042d0   Section        0  main.o(i.out_step)
    i.topic_select                           0x08004328   Section        0  gui_control.o(i.topic_select)
    .constdata                               0x080043b0   Section     7696  oled.o(.constdata)
    .data                                    0x20000000   Section       20  stm32f10x_rcc.o(.data)
    ADCPrescTable                            0x20000000   Data           4  stm32f10x_rcc.o(.data)
    APBAHBPrescTable                         0x20000004   Data          16  stm32f10x_rcc.o(.data)
    .data                                    0x20000014   Section        8  main.o(.data)
    .data                                    0x2000001c   Section      152  control.o(.data)
    err                                      0x2000006c   Data           4  control.o(.data)
    err_last                                 0x20000070   Data           4  control.o(.data)
    Kp                                       0x20000074   Data           4  control.o(.data)
    Ki                                       0x20000078   Data           4  control.o(.data)
    Kd                                       0x2000007c   Data           4  control.o(.data)
    integral                                 0x20000080   Data           4  control.o(.data)
    output_val                               0x20000084   Data           4  control.o(.data)
    err                                      0x20000088   Data           4  control.o(.data)
    err_last                                 0x2000008c   Data           4  control.o(.data)
    Kp                                       0x20000090   Data           4  control.o(.data)
    Ki                                       0x20000094   Data           4  control.o(.data)
    Kd                                       0x20000098   Data           4  control.o(.data)
    integral                                 0x2000009c   Data           4  control.o(.data)
    output_val                               0x200000a0   Data           4  control.o(.data)
    Bias                                     0x200000a4   Data           4  control.o(.data)
    Pwm                                      0x200000a8   Data           4  control.o(.data)
    Integral_bias                            0x200000ac   Data           4  control.o(.data)
    Last_Bias                                0x200000b0   Data           4  control.o(.data)
    .data                                    0x200000b4   Section       76  gui_control.o(.data)
    mod                                      0x200000b6   Data           1  gui_control.o(.data)
    .data                                    0x20000100   Section       20  usart.o(.data)
    Rxstate                                  0x20000103   Data           1  usart.o(.data)
    pRxPacket                                0x20000104   Data           1  usart.o(.data)
    RxCounter1                               0x20000105   Data           1  usart.o(.data)
    RxState                                  0x20000106   Data           1  usart.o(.data)
    RxFlag1                                  0x20000107   Data           1  usart.o(.data)
    .data                                    0x20000114   Section        1  key.o(.data)
    key_up                                   0x20000114   Data           1  key.o(.data)
    .data                                    0x20000118   Section       20  ultrasonic.o(.data)
    .data                                    0x2000012c   Section        8  find_flag.o(.data)
    .data                                    0x20000134   Section        4  stdout.o(.data)
    .bss                                     0x20000138   Section      270  usart.o(.bss)
    RxBuffer1                                0x20000138   Data          14  usart.o(.bss)
    .bss                                     0x20000246   Section     1152  oled.o(.bss)
    STACK                                    0x200006c8   Section     1024  startup_stm32f10x_md.o(STACK)

    Global Symbols

    Symbol Name                              Value     Ov Type        Size  Object(Section)

    BuildAttributes$$THM_ISAv4$P$D$K$B$S$PE$A:L22UL41UL21$X:L11$S22US41US21$IEEE1$IW$USESV6$~STKCKD$USESV7$~SHL$OTIME$ROPI$IEEEX$EBA8$MICROLIB$REQ8$PRES8$EABIv2 0x00000000   Number         0  anon$$obj.o ABSOLUTE
    __ARM_use_no_argv                        0x00000000   Number         0  main.o ABSOLUTE
    _printf_a                                0x00000000   Number         0  stubs.o ABSOLUTE
    _printf_c                                0x00000000   Number         0  stubs.o ABSOLUTE
    _printf_charcount                        0x00000000   Number         0  stubs.o ABSOLUTE
    _printf_d                                0x00000000   Number         0  stubs.o ABSOLUTE
    _printf_e                                0x00000000   Number         0  stubs.o ABSOLUTE
    _printf_f                                0x00000000   Number         0  stubs.o ABSOLUTE
    _printf_flags                            0x00000000   Number         0  stubs.o ABSOLUTE
    _printf_fp_dec                           0x00000000   Number         0  stubs.o ABSOLUTE
    _printf_fp_hex                           0x00000000   Number         0  stubs.o ABSOLUTE
    _printf_g                                0x00000000   Number         0  stubs.o ABSOLUTE
    _printf_i                                0x00000000   Number         0  stubs.o ABSOLUTE
    _printf_int_dec                          0x00000000   Number         0  stubs.o ABSOLUTE
    _printf_l                                0x00000000   Number         0  stubs.o ABSOLUTE
    _printf_lc                               0x00000000   Number         0  stubs.o ABSOLUTE
    _printf_ll                               0x00000000   Number         0  stubs.o ABSOLUTE
    _printf_lld                              0x00000000   Number         0  stubs.o ABSOLUTE
    _printf_lli                              0x00000000   Number         0  stubs.o ABSOLUTE
    _printf_llo                              0x00000000   Number         0  stubs.o ABSOLUTE
    _printf_llu                              0x00000000   Number         0  stubs.o ABSOLUTE
    _printf_llx                              0x00000000   Number         0  stubs.o ABSOLUTE
    _printf_longlong_dec                     0x00000000   Number         0  stubs.o ABSOLUTE
    _printf_longlong_hex                     0x00000000   Number         0  stubs.o ABSOLUTE
    _printf_longlong_oct                     0x00000000   Number         0  stubs.o ABSOLUTE
    _printf_ls                               0x00000000   Number         0  stubs.o ABSOLUTE
    _printf_mbtowc                           0x00000000   Number         0  stubs.o ABSOLUTE
    _printf_n                                0x00000000   Number         0  stubs.o ABSOLUTE
    _printf_o                                0x00000000   Number         0  stubs.o ABSOLUTE
    _printf_p                                0x00000000   Number         0  stubs.o ABSOLUTE
    _printf_percent                          0x00000000   Number         0  stubs.o ABSOLUTE
    _printf_pre_padding                      0x00000000   Number         0  stubs.o ABSOLUTE
    _printf_return_value                     0x00000000   Number         0  stubs.o ABSOLUTE
    _printf_s                                0x00000000   Number         0  stubs.o ABSOLUTE
    _printf_sizespec                         0x00000000   Number         0  stubs.o ABSOLUTE
    _printf_str                              0x00000000   Number         0  stubs.o ABSOLUTE
    _printf_truncate_signed                  0x00000000   Number         0  stubs.o ABSOLUTE
    _printf_truncate_unsigned                0x00000000   Number         0  stubs.o ABSOLUTE
    _printf_u                                0x00000000   Number         0  stubs.o ABSOLUTE
    _printf_wc                               0x00000000   Number         0  stubs.o ABSOLUTE
    _printf_wctomb                           0x00000000   Number         0  stubs.o ABSOLUTE
    _printf_widthprec                        0x00000000   Number         0  stubs.o ABSOLUTE
    _printf_x                                0x00000000   Number         0  stubs.o ABSOLUTE
    __cpp_initialize__aeabi_                  - Undefined Weak Reference
    __cxa_finalize                            - Undefined Weak Reference
    _clock_init                               - Undefined Weak Reference
    _microlib_exit                            - Undefined Weak Reference
    __Vectors_Size                           0x000000ec   Number         0  startup_stm32f10x_md.o ABSOLUTE
    __Vectors                                0x08000000   Data           4  startup_stm32f10x_md.o(RESET)
    __Vectors_End                            0x080000ec   Data           0  startup_stm32f10x_md.o(RESET)
    __main                                   0x080000ed   Thumb Code     0  entry.o(.ARM.Collect$$$$00000000)
    _main_stk                                0x080000ed   Thumb Code     0  entry2.o(.ARM.Collect$$$$00000001)
    _main_scatterload                        0x080000f1   Thumb Code     0  entry5.o(.ARM.Collect$$$$00000004)
    __main_after_scatterload                 0x080000f5   Thumb Code     0  entry5.o(.ARM.Collect$$$$00000004)
    _main_clock                              0x080000f5   Thumb Code     0  entry7b.o(.ARM.Collect$$$$00000008)
    _main_cpp_init                           0x080000f5   Thumb Code     0  entry8b.o(.ARM.Collect$$$$0000000A)
    _main_init                               0x080000f5   Thumb Code     0  entry9a.o(.ARM.Collect$$$$0000000B)
    __rt_final_cpp                           0x080000fd   Thumb Code     0  entry10a.o(.ARM.Collect$$$$0000000D)
    __rt_final_exit                          0x080000fd   Thumb Code     0  entry11a.o(.ARM.Collect$$$$0000000F)
    Reset_Handler                            0x08000101   Thumb Code     8  startup_stm32f10x_md.o(.text)
    ADC1_2_IRQHandler                        0x0800011b   Thumb Code     0  startup_stm32f10x_md.o(.text)
    CAN1_RX1_IRQHandler                      0x0800011b   Thumb Code     0  startup_stm32f10x_md.o(.text)
    CAN1_SCE_IRQHandler                      0x0800011b   Thumb Code     0  startup_stm32f10x_md.o(.text)
    DMA1_Channel1_IRQHandler                 0x0800011b   Thumb Code     0  startup_stm32f10x_md.o(.text)
    DMA1_Channel2_IRQHandler                 0x0800011b   Thumb Code     0  startup_stm32f10x_md.o(.text)
    DMA1_Channel3_IRQHandler                 0x0800011b   Thumb Code     0  startup_stm32f10x_md.o(.text)
    DMA1_Channel4_IRQHandler                 0x0800011b   Thumb Code     0  startup_stm32f10x_md.o(.text)
    DMA1_Channel5_IRQHandler                 0x0800011b   Thumb Code     0  startup_stm32f10x_md.o(.text)
    DMA1_Channel6_IRQHandler                 0x0800011b   Thumb Code     0  startup_stm32f10x_md.o(.text)
    DMA1_Channel7_IRQHandler                 0x0800011b   Thumb Code     0  startup_stm32f10x_md.o(.text)
    EXTI0_IRQHandler                         0x0800011b   Thumb Code     0  startup_stm32f10x_md.o(.text)
    EXTI15_10_IRQHandler                     0x0800011b   Thumb Code     0  startup_stm32f10x_md.o(.text)
    EXTI1_IRQHandler                         0x0800011b   Thumb Code     0  startup_stm32f10x_md.o(.text)
    EXTI2_IRQHandler                         0x0800011b   Thumb Code     0  startup_stm32f10x_md.o(.text)
    EXTI3_IRQHandler                         0x0800011b   Thumb Code     0  startup_stm32f10x_md.o(.text)
    EXTI9_5_IRQHandler                       0x0800011b   Thumb Code     0  startup_stm32f10x_md.o(.text)
    FLASH_IRQHandler                         0x0800011b   Thumb Code     0  startup_stm32f10x_md.o(.text)
    I2C1_ER_IRQHandler                       0x0800011b   Thumb Code     0  startup_stm32f10x_md.o(.text)
    I2C1_EV_IRQHandler                       0x0800011b   Thumb Code     0  startup_stm32f10x_md.o(.text)
    I2C2_ER_IRQHandler                       0x0800011b   Thumb Code     0  startup_stm32f10x_md.o(.text)
    I2C2_EV_IRQHandler                       0x0800011b   Thumb Code     0  startup_stm32f10x_md.o(.text)
    PVD_IRQHandler                           0x0800011b   Thumb Code     0  startup_stm32f10x_md.o(.text)
    RCC_IRQHandler                           0x0800011b   Thumb Code     0  startup_stm32f10x_md.o(.text)
    RTCAlarm_IRQHandler                      0x0800011b   Thumb Code     0  startup_stm32f10x_md.o(.text)
    RTC_IRQHandler                           0x0800011b   Thumb Code     0  startup_stm32f10x_md.o(.text)
    SPI1_IRQHandler                          0x0800011b   Thumb Code     0  startup_stm32f10x_md.o(.text)
    SPI2_IRQHandler                          0x0800011b   Thumb Code     0  startup_stm32f10x_md.o(.text)
    TAMPER_IRQHandler                        0x0800011b   Thumb Code     0  startup_stm32f10x_md.o(.text)
    TIM1_BRK_IRQHandler                      0x0800011b   Thumb Code     0  startup_stm32f10x_md.o(.text)
    TIM1_CC_IRQHandler                       0x0800011b   Thumb Code     0  startup_stm32f10x_md.o(.text)
    TIM1_TRG_COM_IRQHandler                  0x0800011b   Thumb Code     0  startup_stm32f10x_md.o(.text)
    TIM2_IRQHandler                          0x0800011b   Thumb Code     0  startup_stm32f10x_md.o(.text)
    TIM4_IRQHandler                          0x0800011b   Thumb Code     0  startup_stm32f10x_md.o(.text)
    USBWakeUp_IRQHandler                     0x0800011b   Thumb Code     0  startup_stm32f10x_md.o(.text)
    USB_HP_CAN1_TX_IRQHandler                0x0800011b   Thumb Code     0  startup_stm32f10x_md.o(.text)
    USB_LP_CAN1_RX0_IRQHandler               0x0800011b   Thumb Code     0  startup_stm32f10x_md.o(.text)
    WWDG_IRQHandler                          0x0800011b   Thumb Code     0  startup_stm32f10x_md.o(.text)
    __aeabi_memset                           0x08000125   Thumb Code    14  memseta.o(.text)
    __aeabi_memset4                          0x08000125   Thumb Code     0  memseta.o(.text)
    __aeabi_memset8                          0x08000125   Thumb Code     0  memseta.o(.text)
    __aeabi_memclr                           0x08000133   Thumb Code     4  memseta.o(.text)
    __aeabi_memclr4                          0x08000133   Thumb Code     0  memseta.o(.text)
    __aeabi_memclr8                          0x08000133   Thumb Code     0  memseta.o(.text)
    _memset$wrapper                          0x08000137   Thumb Code    18  memseta.o(.text)
    strcmp                                   0x08000149   Thumb Code    28  strcmp.o(.text)
    __aeabi_fadd                             0x08000165   Thumb Code   164  fadd.o(.text)
    __aeabi_fsub                             0x08000209   Thumb Code     6  fadd.o(.text)
    __aeabi_frsub                            0x0800020f   Thumb Code     6  fadd.o(.text)
    __aeabi_fmul                             0x08000215   Thumb Code   100  fmul.o(.text)
    __aeabi_fdiv                             0x08000279   Thumb Code   124  fdiv.o(.text)
    __aeabi_dadd                             0x080002f5   Thumb Code   322  dadd.o(.text)
    __aeabi_dsub                             0x08000437   Thumb Code     6  dadd.o(.text)
    __aeabi_drsub                            0x0800043d   Thumb Code     6  dadd.o(.text)
    __aeabi_dmul                             0x08000443   Thumb Code   228  dmul.o(.text)
    __aeabi_ddiv                             0x08000527   Thumb Code   222  ddiv.o(.text)
    __aeabi_i2f                              0x08000605   Thumb Code    18  fflti.o(.text)
    __aeabi_ui2f                             0x08000617   Thumb Code    10  ffltui.o(.text)
    __aeabi_f2iz                             0x08000621   Thumb Code    50  ffixi.o(.text)
    __aeabi_uidiv                            0x08000653   Thumb Code     0  uidiv.o(.text)
    __aeabi_uidivmod                         0x08000653   Thumb Code    44  uidiv.o(.text)
    __aeabi_uldivmod                         0x0800067f   Thumb Code    98  uldiv.o(.text)
    __aeabi_llsl                             0x080006e1   Thumb Code    30  llshl.o(.text)
    _ll_shift_l                              0x080006e1   Thumb Code     0  llshl.o(.text)
    __aeabi_llsr                             0x080006ff   Thumb Code    32  llushr.o(.text)
    _ll_ushift_r                             0x080006ff   Thumb Code     0  llushr.o(.text)
    __aeabi_lasr                             0x0800071f   Thumb Code    36  llsshr.o(.text)
    _ll_sshift_r                             0x0800071f   Thumb Code     0  llsshr.o(.text)
    __I$use$fp                               0x08000743   Thumb Code     0  iusefp.o(.text)
    _float_round                             0x08000743   Thumb Code    18  fepilogue.o(.text)
    _float_epilogue                          0x08000755   Thumb Code    92  fepilogue.o(.text)
    _double_round                            0x080007b1   Thumb Code    30  depilogue.o(.text)
    _double_epilogue                         0x080007cf   Thumb Code   156  depilogue.o(.text)
    __aeabi_d2ulz                            0x0800086b   Thumb Code    48  dfixul.o(.text)
    __aeabi_cdrcmple                         0x0800089d   Thumb Code    48  cdrcmple.o(.text)
    __scatterload                            0x080008cd   Thumb Code    28  init.o(.text)
    __scatterload_rt2                        0x080008cd   Thumb Code     0  init.o(.text)
    __decompress                             0x080008f1   Thumb Code     0  __dczerorl.o(.text)
    __decompress0                            0x080008f1   Thumb Code    58  __dczerorl.o(.text)
    BusFault_Handler                         0x0800092b   Thumb Code     2  stm32f10x_it.o(i.BusFault_Handler)
    DebugMon_Handler                         0x0800092d   Thumb Code     2  stm32f10x_it.o(i.DebugMon_Handler)
    EXTI4_IRQHandler                         0x08000931   Thumb Code    30  find_flag.o(i.EXTI4_IRQHandler)
    EXTI_ClearITPendingBit                   0x08000959   Thumb Code     6  stm32f10x_exti.o(i.EXTI_ClearITPendingBit)
    EXTI_Init                                0x08000965   Thumb Code   110  stm32f10x_exti.o(i.EXTI_Init)
    FLASH_ErasePage                          0x080009d9   Thumb Code    56  stm32f10x_flash.o(i.FLASH_ErasePage)
    FLASH_GetBank1Status                     0x08000a15   Thumb Code    34  stm32f10x_flash.o(i.FLASH_GetBank1Status)
    FLASH_Lock                               0x08000a3d   Thumb Code    12  stm32f10x_flash.o(i.FLASH_Lock)
    FLASH_ProgramWord                        0x08000a4d   Thumb Code    86  stm32f10x_flash.o(i.FLASH_ProgramWord)
    FLASH_Unlock                             0x08000aa9   Thumb Code    12  stm32f10x_flash.o(i.FLASH_Unlock)
    FLASH_WaitForLastOperation               0x08000ac1   Thumb Code    32  stm32f10x_flash.o(i.FLASH_WaitForLastOperation)
    Find_line_init                           0x08000ae1   Thumb Code   108  find_flag.o(i.Find_line_init)
    GPIO_EXTILineConfig                      0x08000b51   Thumb Code    34  stm32f10x_gpio.o(i.GPIO_EXTILineConfig)
    GPIO_Init                                0x08000b79   Thumb Code   166  stm32f10x_gpio.o(i.GPIO_Init)
    GPIO_PinRemapConfig                      0x08000c21   Thumb Code    86  stm32f10x_gpio.o(i.GPIO_PinRemapConfig)
    GPIO_ReadInputDataBit                    0x08000c7d   Thumb Code    14  stm32f10x_gpio.o(i.GPIO_ReadInputDataBit)
    GPIO_ResetBits                           0x08000c8b   Thumb Code     4  stm32f10x_gpio.o(i.GPIO_ResetBits)
    GPIO_SetBits                             0x08000c8f   Thumb Code     4  stm32f10x_gpio.o(i.GPIO_SetBits)
    GUI_control_PID                          0x08000c95   Thumb Code  1686  gui_control.o(i.GUI_control_PID)
    Go_Forward                               0x08001339   Thumb Code    20  motor.o(i.Go_Forward)
    HardFault_Handler                        0x0800134d   Thumb Code     2  stm32f10x_it.o(i.HardFault_Handler)
    I2C_Start                                0x08001351   Thumb Code    52  oled.o(i.I2C_Start)
    I2C_Stop                                 0x08001389   Thumb Code    36  oled.o(i.I2C_Stop)
    I2C_WaitAck                              0x080013b1   Thumb Code    44  oled.o(i.I2C_WaitAck)
    IIC_delay                                0x080013e1   Thumb Code    10  oled.o(i.IIC_delay)
    K210_turn                                0x080013eb   Thumb Code    68  main.o(i.K210_turn)
    KEY_Scan                                 0x08001431   Thumb Code   226  key.o(i.KEY_Scan)
    Key_Init                                 0x0800151d   Thumb Code    40  key.o(i.Key_Init)
    LEncoder_Init                            0x08001549   Thumb Code   156  encode.o(i.LEncoder_Init)
    LMotor_Setspeed                          0x080015ed   Thumb Code    66  motor.o(i.LMotor_Setspeed)
    LPID_realize                             0x08001635   Thumb Code    76  control.o(i.LPID_realize)
    MemManage_Handler                        0x08001685   Thumb Code     2  stm32f10x_it.o(i.MemManage_Handler)
    Mod_Select                               0x08001689   Thumb Code   134  main.o(i.Mod_Select)
    Motor_Init                               0x08001759   Thumb Code    62  motor.o(i.Motor_Init)
    Motor_L                                  0x080017a1   Thumb Code     4  motor.o(i.Motor_L)
    Motor_R                                  0x080017a5   Thumb Code     4  motor.o(i.Motor_R)
    NMI_Handler                              0x080017a9   Thumb Code     2  stm32f10x_it.o(i.NMI_Handler)
    NVIC_Init                                0x080017ad   Thumb Code    96  misc.o(i.NVIC_Init)
    NVIC_PriorityGroupConfig                 0x08001811   Thumb Code    10  misc.o(i.NVIC_PriorityGroupConfig)
    OLED_Clear                               0x08001825   Thumb Code    38  oled.o(i.OLED_Clear)
    OLED_DrawPoint                           0x08001851   Thumb Code    44  oled.o(i.OLED_DrawPoint)
    OLED_Init                                0x08001881   Thumb Code   300  oled.o(i.OLED_Init)
    OLED_Pow                                 0x080019b9   Thumb Code    16  oled.o(i.OLED_Pow)
    OLED_Refresh                             0x080019c9   Thumb Code    96  oled.o(i.OLED_Refresh)
    OLED_ShowChar                            0x08001a2d   Thumb Code   230  oled.o(i.OLED_ShowChar)
    OLED_ShowNum                             0x08001b25   Thumb Code   122  oled.o(i.OLED_ShowNum)
    OLED_ShowString                          0x08001b9f   Thumb Code    60  oled.o(i.OLED_ShowString)
    OLED_WR_Byte                             0x08001bdb   Thumb Code    58  oled.o(i.OLED_WR_Byte)
    OLED_clearare                            0x08001c15   Thumb Code    48  oled.o(i.OLED_clearare)
    OLED_printf                              0x08001c45   Thumb Code    56  oled.o(i.OLED_printf)
    PWM_Init                                 0x08001c7d   Thumb Code   166  pwm.o(i.PWM_Init)
    PWM_SetCompare1                          0x08001d29   Thumb Code    10  pwm.o(i.PWM_SetCompare1)
    PWM_SetCompare2                          0x08001d33   Thumb Code    10  pwm.o(i.PWM_SetCompare2)
    PendSV_Handler                           0x08001d3d   Thumb Code     2  stm32f10x_it.o(i.PendSV_Handler)
    Position_PID                             0x08001d41   Thumb Code   114  control.o(i.Position_PID)
    RCC_APB1PeriphClockCmd                   0x08001dbd   Thumb Code    22  stm32f10x_rcc.o(i.RCC_APB1PeriphClockCmd)
    RCC_APB2PeriphClockCmd                   0x08001dd9   Thumb Code    22  stm32f10x_rcc.o(i.RCC_APB2PeriphClockCmd)
    RCC_GetClocksFreq                        0x08001df5   Thumb Code   154  stm32f10x_rcc.o(i.RCC_GetClocksFreq)
    REncoder_Init                            0x08001ea1   Thumb Code   156  encode.o(i.REncoder_Init)
    RMotor_Setspeed                          0x08001f45   Thumb Code    66  motor.o(i.RMotor_Setspeed)
    RPID_realize                             0x08001f8d   Thumb Code    78  control.o(i.RPID_realize)
    Read_EncoderL                            0x08001fe1   Thumb Code    16  encode.o(i.Read_EncoderL)
    Read_EncoderR                            0x08001ff5   Thumb Code    16  encode.o(i.Read_EncoderR)
    SVC_Handler                              0x08002009   Thumb Code     2  stm32f10x_it.o(i.SVC_Handler)
    Send_Byte                                0x0800200d   Thumb Code    68  oled.o(i.Send_Byte)
    Set_Pwm                                  0x08002109   Thumb Code    20  control.o(i.Set_Pwm)
    Show_roe                                 0x0800211d   Thumb Code    84  main.o(i.Show_roe)
    SysTick_Handler                          0x08002185   Thumb Code     2  stm32f10x_it.o(i.SysTick_Handler)
    SystemInit                               0x08002189   Thumb Code    64  system_stm32f10x.o(i.SystemInit)
    TIM1_UP_IRQHandler                       0x080023bd   Thumb Code   226  control.o(i.TIM1_UP_IRQHandler)
    TIM3_IRQHandler                          0x080024b1   Thumb Code   374  ultrasonic.o(i.TIM3_IRQHandler)
    TIM_ClearFlag                            0x08002631   Thumb Code     6  stm32f10x_tim.o(i.TIM_ClearFlag)
    TIM_ClearITPendingBit                    0x08002637   Thumb Code     6  stm32f10x_tim.o(i.TIM_ClearITPendingBit)
    TIM_Cmd                                  0x0800263d   Thumb Code    24  stm32f10x_tim.o(i.TIM_Cmd)
    TIM_EncoderInterfaceConfig               0x08002655   Thumb Code    50  stm32f10x_tim.o(i.TIM_EncoderInterfaceConfig)
    TIM_GetCapture1                          0x08002687   Thumb Code     4  stm32f10x_tim.o(i.TIM_GetCapture1)
    TIM_GetCapture2                          0x0800268b   Thumb Code     4  stm32f10x_tim.o(i.TIM_GetCapture2)
    TIM_GetCapture3                          0x0800268f   Thumb Code     4  stm32f10x_tim.o(i.TIM_GetCapture3)
    TIM_GetITStatus                          0x08002693   Thumb Code    24  stm32f10x_tim.o(i.TIM_GetITStatus)
    TIM_ICInit                               0x080026ad   Thumb Code   122  stm32f10x_tim.o(i.TIM_ICInit)
    TIM_ICStructInit                         0x08002739   Thumb Code    16  stm32f10x_tim.o(i.TIM_ICStructInit)
    TIM_ITConfig                             0x08002749   Thumb Code    20  stm32f10x_tim.o(i.TIM_ITConfig)
    TIM_InternalClockConfig                  0x0800275d   Thumb Code    10  stm32f10x_tim.o(i.TIM_InternalClockConfig)
    TIM_OC1Init                              0x08002769   Thumb Code   114  stm32f10x_tim.o(i.TIM_OC1Init)
    TIM_OC1PolarityConfig                    0x080027f1   Thumb Code    12  stm32f10x_tim.o(i.TIM_OC1PolarityConfig)
    TIM_OC2Init                              0x080027fd   Thumb Code   128  stm32f10x_tim.o(i.TIM_OC2Init)
    TIM_OC2PolarityConfig                    0x08002885   Thumb Code    20  stm32f10x_tim.o(i.TIM_OC2PolarityConfig)
    TIM_OC3PolarityConfig                    0x08002899   Thumb Code    20  stm32f10x_tim.o(i.TIM_OC3PolarityConfig)
    TIM_OCStructInit                         0x080028ad   Thumb Code    20  stm32f10x_tim.o(i.TIM_OCStructInit)
    TIM_SetCompare1                          0x080028c1   Thumb Code     4  stm32f10x_tim.o(i.TIM_SetCompare1)
    TIM_SetCompare2                          0x080028c5   Thumb Code     4  stm32f10x_tim.o(i.TIM_SetCompare2)
    TIM_SetCounter                           0x080028c9   Thumb Code     4  stm32f10x_tim.o(i.TIM_SetCounter)
    TIM_SetIC1Prescaler                      0x080028cd   Thumb Code    16  stm32f10x_tim.o(i.TIM_SetIC1Prescaler)
    TIM_SetIC2Prescaler                      0x080028dd   Thumb Code    24  stm32f10x_tim.o(i.TIM_SetIC2Prescaler)
    TIM_SetIC3Prescaler                      0x080028f5   Thumb Code    16  stm32f10x_tim.o(i.TIM_SetIC3Prescaler)
    TIM_SetIC4Prescaler                      0x08002905   Thumb Code    24  stm32f10x_tim.o(i.TIM_SetIC4Prescaler)
    TIM_TimeBaseInit                         0x0800291d   Thumb Code   114  stm32f10x_tim.o(i.TIM_TimeBaseInit)
    TIM_TimeBaseStructInit                   0x080029b9   Thumb Code    18  stm32f10x_tim.o(i.TIM_TimeBaseStructInit)
    Timer_Init                               0x080029cd   Thumb Code   118  timer.o(i.Timer_Init)
    UART_Init                                0x08002a49   Thumb Code   484  usart.o(i.UART_Init)
    USART1_IRQHandler                        0x08002c41   Thumb Code   114  usart.o(i.USART1_IRQHandler)
    USART2_IRQHandler                        0x08002cc1   Thumb Code   356  usart.o(i.USART2_IRQHandler)
    USART3_IRQHandler                        0x08002e3d   Thumb Code    40  usart.o(i.USART3_IRQHandler)
    USART_ClearITPendingBit                  0x08002e69   Thumb Code    16  stm32f10x_usart.o(i.USART_ClearITPendingBit)
    USART_Cmd                                0x08002e79   Thumb Code    24  stm32f10x_usart.o(i.USART_Cmd)
    USART_GetFlagStatus                      0x08002e91   Thumb Code    14  stm32f10x_usart.o(i.USART_GetFlagStatus)
    USART_GetITStatus                        0x08002e9f   Thumb Code    64  stm32f10x_usart.o(i.USART_GetITStatus)
    USART_ITConfig                           0x08002edf   Thumb Code    54  stm32f10x_usart.o(i.USART_ITConfig)
    USART_Init                               0x08002f15   Thumb Code   182  stm32f10x_usart.o(i.USART_Init)
    USART_ReceiveData                        0x08002fd1   Thumb Code     8  stm32f10x_usart.o(i.USART_ReceiveData)
    USART_SendData                           0x08002fd9   Thumb Code     8  stm32f10x_usart.o(i.USART_SendData)
    USART_printf                             0x08002fe1   Thumb Code    74  usart.o(i.USART_printf)
    UsageFault_Handler                       0x0800302b   Thumb Code     2  stm32f10x_it.o(i.UsageFault_Handler)
    Xianfu_PWM1                              0x0800302d   Thumb Code    38  control.o(i.Xianfu_PWM1)
    Xianfu_Pwm                               0x08003059   Thumb Code    38  control.o(i.Xianfu_Pwm)
    __0printf                                0x08003085   Thumb Code    22  printfa.o(i.__0printf)
    __1printf                                0x08003085   Thumb Code     0  printfa.o(i.__0printf)
    __2printf                                0x08003085   Thumb Code     0  printfa.o(i.__0printf)
    __c89printf                              0x08003085   Thumb Code     0  printfa.o(i.__0printf)
    printf                                   0x08003085   Thumb Code     0  printfa.o(i.__0printf)
    __0vsnprintf                             0x080030a5   Thumb Code    40  printfa.o(i.__0vsnprintf)
    __1vsnprintf                             0x080030a5   Thumb Code     0  printfa.o(i.__0vsnprintf)
    __2vsnprintf                             0x080030a5   Thumb Code     0  printfa.o(i.__0vsnprintf)
    __c89vsnprintf                           0x080030a5   Thumb Code     0  printfa.o(i.__0vsnprintf)
    vsnprintf                                0x080030a5   Thumb Code     0  printfa.o(i.__0vsnprintf)
    __0vsprintf                              0x080030d1   Thumb Code    30  printfa.o(i.__0vsprintf)
    __1vsprintf                              0x080030d1   Thumb Code     0  printfa.o(i.__0vsprintf)
    __2vsprintf                              0x080030d1   Thumb Code     0  printfa.o(i.__0vsprintf)
    __c89vsprintf                            0x080030d1   Thumb Code     0  printfa.o(i.__0vsprintf)
    vsprintf                                 0x080030d1   Thumb Code     0  printfa.o(i.__0vsprintf)
    __scatterload_copy                       0x080030f5   Thumb Code    14  handlers.o(i.__scatterload_copy)
    __scatterload_null                       0x08003103   Thumb Code     2  handlers.o(i.__scatterload_null)
    __scatterload_zeroinit                   0x08003105   Thumb Code    14  handlers.o(i.__scatterload_zeroinit)
    delay_ms                                 0x080039e7   Thumb Code    24  delay.o(i.delay_ms)
    delay_us                                 0x080039ff   Thumb Code    32  delay.o(i.delay_us)
    enter_step                               0x08003a1f   Thumb Code    90  main.o(i.enter_step)
    fputc                                    0x08003a79   Thumb Code    30  usart.o(i.fputc)
    main                                     0x08003a9d   Thumb Code  2056  main.o(i.main)
    out_step                                 0x080042d1   Thumb Code    88  main.o(i.out_step)
    topic_select                             0x08004329   Thumb Code   104  gui_control.o(i.topic_select)
    asc2_0806                                0x080043b0   Data         552  oled.o(.constdata)
    asc2_1206                                0x080045d8   Data        1140  oled.o(.constdata)
    asc2_1608                                0x08004a4c   Data        1520  oled.o(.constdata)
    asc2_2412                                0x0800503c   Data        3420  oled.o(.constdata)
    Hzk1                                     0x08005d98   Data         352  oled.o(.constdata)
    Hzk2                                     0x08005ef8   Data          72  oled.o(.constdata)
    Hzk3                                     0x08005f40   Data         128  oled.o(.constdata)
    Hzk4                                     0x08005fc0   Data         512  oled.o(.constdata)
    Region$$Table$$Base                      0x080061c0   Number         0  anon$$obj.o(Region$$Table)
    Region$$Table$$Limit                     0x080061e0   Number         0  anon$$obj.o(Region$$Table)
    turn_flag                                0x20000014   Data           1  main.o(.data)
    Step                                     0x20000015   Data           1  main.o(.data)
    set_speed                                0x20000018   Data           4  main.o(.data)
    control_flag                             0x2000001c   Data           1  control.o(.data)
    Position_KP                              0x20000020   Data           4  control.o(.data)
    Position_KI                              0x20000024   Data           4  control.o(.data)
    Position_KD                              0x20000028   Data           4  control.o(.data)
    L_set                                    0x2000002c   Data           4  control.o(.data)
    R_set                                    0x20000030   Data           4  control.o(.data)
    speedL                                   0x20000034   Data           4  control.o(.data)
    speedR                                   0x20000038   Data           4  control.o(.data)
    MOTO1                                    0x2000003c   Data           4  control.o(.data)
    MOTO2                                    0x20000040   Data           4  control.o(.data)
    MOTOL                                    0x20000044   Data           4  control.o(.data)
    MOTOR                                    0x20000048   Data           4  control.o(.data)
    PWM_out1                                 0x2000004c   Data           4  control.o(.data)
    tim1                                     0x20000050   Data           4  control.o(.data)
    tim2                                     0x20000054   Data           4  control.o(.data)
    tim3                                     0x20000058   Data           4  control.o(.data)
    time2                                    0x2000005c   Data           4  control.o(.data)
    time3                                    0x20000060   Data           4  control.o(.data)
    time4                                    0x20000064   Data           4  control.o(.data)
    flag_time                                0x20000068   Data           4  control.o(.data)
    mod                                      0x200000b4   Data           1  gui_control.o(.data)
    page                                     0x200000b5   Data           1  gui_control.o(.data)
    topic_num                                0x200000b7   Data           1  gui_control.o(.data)
    p1                                       0x200000b8   Data           4  gui_control.o(.data)
    p2                                       0x200000bc   Data           4  gui_control.o(.data)
    p3                                       0x200000c0   Data           4  gui_control.o(.data)
    i1                                       0x200000c4   Data           4  gui_control.o(.data)
    i2                                       0x200000c8   Data           4  gui_control.o(.data)
    i3                                       0x200000cc   Data           4  gui_control.o(.data)
    d1                                       0x200000d0   Data           4  gui_control.o(.data)
    d2                                       0x200000d4   Data           4  gui_control.o(.data)
    d3                                       0x200000d8   Data           4  gui_control.o(.data)
    P1                                       0x200000dc   Data           4  gui_control.o(.data)
    P2                                       0x200000e0   Data           4  gui_control.o(.data)
    P3                                       0x200000e4   Data           4  gui_control.o(.data)
    I1                                       0x200000e8   Data           4  gui_control.o(.data)
    I2                                       0x200000ec   Data           4  gui_control.o(.data)
    I3                                       0x200000f0   Data           4  gui_control.o(.data)
    D1                                       0x200000f4   Data           4  gui_control.o(.data)
    D2                                       0x200000f8   Data           4  gui_control.o(.data)
    D3                                       0x200000fc   Data           4  gui_control.o(.data)
    reo                                      0x20000100   Data           1  usart.o(.data)
    flag                                     0x20000101   Data           1  usart.o(.data)
    RX1Flag                                  0x20000102   Data           1  usart.o(.data)
    tt_roe                                   0x20000108   Data           4  usart.o(.data)
    ttt_roe                                  0x2000010c   Data           4  usart.o(.data)
    last_roe                                 0x20000110   Data           4  usart.o(.data)
    TIM3CH1_CAPTURE_STA                      0x20000118   Data           1  ultrasonic.o(.data)
    TIM3CH2_CAPTURE_STA                      0x20000119   Data           1  ultrasonic.o(.data)
    TIM3CH3_CAPTURE_STA                      0x2000011a   Data           1  ultrasonic.o(.data)
    TIM3CH1_CAPTURE_VAL                      0x2000011c   Data           2  ultrasonic.o(.data)
    TIM3CH2_CAPTURE_VAL                      0x2000011e   Data           2  ultrasonic.o(.data)
    TIM3CH3_CAPTURE_VAL                      0x20000120   Data           2  ultrasonic.o(.data)
    time                                     0x20000124   Data           4  ultrasonic.o(.data)
    Distance                                 0x20000128   Data           4  ultrasonic.o(.data)
    Interrupt_flag                           0x2000012c   Data           1  find_flag.o(.data)
    line_num                                 0x20000130   Data           4  find_flag.o(.data)
    __stdout                                 0x20000134   Data           4  stdout.o(.data)
    RX1_Packet                               0x20000146   Data         256  usart.o(.bss)
    OLED_GRAM                                0x20000246   Data        1152  oled.o(.bss)
    __initial_sp                             0x20000ac8   Data           0  startup_stm32f10x_md.o(STACK)



==============================================================================

Memory Map of the image

  Image Entry point : 0x080000ed

  Load Region LR_IROM1 (Base: 0x08000000, Size: 0x00006318, Max: 0x00010000, ABSOLUTE, COMPRESSED[0x00006210])

    Execution Region ER_IROM1 (Exec base: 0x08000000, Load base: 0x08000000, Size: 0x000061e0, Max: 0x00010000, ABSOLUTE)

    Exec Addr    Load Addr    Size         Type   Attr      Idx    E Section Name        Object

    0x08000000   0x08000000   0x000000ec   Data   RO          132    RESET               startup_stm32f10x_md.o
    0x080000ec   0x080000ec   0x00000000   Code   RO         4717  * .ARM.Collect$$$$00000000  mc_w.l(entry.o)
    0x080000ec   0x080000ec   0x00000004   Code   RO         5058    .ARM.Collect$$$$00000001  mc_w.l(entry2.o)
    0x080000f0   0x080000f0   0x00000004   Code   RO         5061    .ARM.Collect$$$$00000004  mc_w.l(entry5.o)
    0x080000f4   0x080000f4   0x00000000   Code   RO         5063    .ARM.Collect$$$$00000008  mc_w.l(entry7b.o)
    0x080000f4   0x080000f4   0x00000000   Code   RO         5065    .ARM.Collect$$$$0000000A  mc_w.l(entry8b.o)
    0x080000f4   0x080000f4   0x00000008   Code   RO         5066    .ARM.Collect$$$$0000000B  mc_w.l(entry9a.o)
    0x080000fc   0x080000fc   0x00000000   Code   RO         5068    .ARM.Collect$$$$0000000D  mc_w.l(entry10a.o)
    0x080000fc   0x080000fc   0x00000000   Code   RO         5070    .ARM.Collect$$$$0000000F  mc_w.l(entry11a.o)
    0x080000fc   0x080000fc   0x00000004   Code   RO         5059    .ARM.Collect$$$$00002712  mc_w.l(entry2.o)
    0x08000100   0x08000100   0x00000024   Code   RO          133    .text               startup_stm32f10x_md.o
    0x08000124   0x08000124   0x00000024   Code   RO         4722    .text               mc_w.l(memseta.o)
    0x08000148   0x08000148   0x0000001c   Code   RO         4724    .text               mc_w.l(strcmp.o)
    0x08000164   0x08000164   0x000000b0   Code   RO         4989    .text               mf_w.l(fadd.o)
    0x08000214   0x08000214   0x00000064   Code   RO         4991    .text               mf_w.l(fmul.o)
    0x08000278   0x08000278   0x0000007c   Code   RO         4993    .text               mf_w.l(fdiv.o)
    0x080002f4   0x080002f4   0x0000014e   Code   RO         4997    .text               mf_w.l(dadd.o)
    0x08000442   0x08000442   0x000000e4   Code   RO         4999    .text               mf_w.l(dmul.o)
    0x08000526   0x08000526   0x000000de   Code   RO         5001    .text               mf_w.l(ddiv.o)
    0x08000604   0x08000604   0x00000012   Code   RO         5005    .text               mf_w.l(fflti.o)
    0x08000616   0x08000616   0x0000000a   Code   RO         5007    .text               mf_w.l(ffltui.o)
    0x08000620   0x08000620   0x00000032   Code   RO         5011    .text               mf_w.l(ffixi.o)
    0x08000652   0x08000652   0x0000002c   Code   RO         5073    .text               mc_w.l(uidiv.o)
    0x0800067e   0x0800067e   0x00000062   Code   RO         5075    .text               mc_w.l(uldiv.o)
    0x080006e0   0x080006e0   0x0000001e   Code   RO         5077    .text               mc_w.l(llshl.o)
    0x080006fe   0x080006fe   0x00000020   Code   RO         5079    .text               mc_w.l(llushr.o)
    0x0800071e   0x0800071e   0x00000024   Code   RO         5081    .text               mc_w.l(llsshr.o)
    0x08000742   0x08000742   0x00000000   Code   RO         5090    .text               mc_w.l(iusefp.o)
    0x08000742   0x08000742   0x0000006e   Code   RO         5091    .text               mf_w.l(fepilogue.o)
    0x080007b0   0x080007b0   0x000000ba   Code   RO         5093    .text               mf_w.l(depilogue.o)
    0x0800086a   0x0800086a   0x00000030   Code   RO         5095    .text               mf_w.l(dfixul.o)
    0x0800089a   0x0800089a   0x00000002   PAD
    0x0800089c   0x0800089c   0x00000030   Code   RO         5097    .text               mf_w.l(cdrcmple.o)
    0x080008cc   0x080008cc   0x00000024   Code   RO         5099    .text               mc_w.l(init.o)
    0x080008f0   0x080008f0   0x0000003a   Code   RO         5113    .text               mc_w.l(__dczerorl.o)
    0x0800092a   0x0800092a   0x00000002   Code   RO         3303    i.BusFault_Handler  stm32f10x_it.o
    0x0800092c   0x0800092c   0x00000002   Code   RO         3304    i.DebugMon_Handler  stm32f10x_it.o
    0x0800092e   0x0800092e   0x00000002   PAD
    0x08000930   0x08000930   0x00000028   Code   RO         4677    i.EXTI4_IRQHandler  find_flag.o
    0x08000958   0x08000958   0x0000000c   Code   RO          985    i.EXTI_ClearITPendingBit  stm32f10x_exti.o
    0x08000964   0x08000964   0x00000074   Code   RO          990    i.EXTI_Init         stm32f10x_exti.o
    0x080009d8   0x080009d8   0x0000003c   Code   RO         1046    i.FLASH_ErasePage   stm32f10x_flash.o
    0x08000a14   0x08000a14   0x00000028   Code   RO         1047    i.FLASH_GetBank1Status  stm32f10x_flash.o
    0x08000a3c   0x08000a3c   0x00000010   Code   RO         1056    i.FLASH_Lock        stm32f10x_flash.o
    0x08000a4c   0x08000a4c   0x0000005c   Code   RO         1061    i.FLASH_ProgramWord  stm32f10x_flash.o
    0x08000aa8   0x08000aa8   0x00000018   Code   RO         1064    i.FLASH_Unlock      stm32f10x_flash.o
    0x08000ac0   0x08000ac0   0x00000020   Code   RO         1068    i.FLASH_WaitForLastOperation  stm32f10x_flash.o
    0x08000ae0   0x08000ae0   0x00000070   Code   RO         4678    i.Find_line_init    find_flag.o
    0x08000b50   0x08000b50   0x00000028   Code   RO         1344    i.GPIO_EXTILineConfig  stm32f10x_gpio.o
    0x08000b78   0x08000b78   0x000000a6   Code   RO         1347    i.GPIO_Init         stm32f10x_gpio.o
    0x08000c1e   0x08000c1e   0x00000002   PAD
    0x08000c20   0x08000c20   0x0000005c   Code   RO         1349    i.GPIO_PinRemapConfig  stm32f10x_gpio.o
    0x08000c7c   0x08000c7c   0x0000000e   Code   RO         1351    i.GPIO_ReadInputDataBit  stm32f10x_gpio.o
    0x08000c8a   0x08000c8a   0x00000004   Code   RO         1354    i.GPIO_ResetBits    stm32f10x_gpio.o
    0x08000c8e   0x08000c8e   0x00000004   Code   RO         1355    i.GPIO_SetBits      stm32f10x_gpio.o
    0x08000c92   0x08000c92   0x00000002   PAD
    0x08000c94   0x08000c94   0x000006a4   Code   RO         3439    i.GUI_control_PID   gui_control.o
    0x08001338   0x08001338   0x00000014   Code   RO         3691    i.Go_Forward        motor.o
    0x0800134c   0x0800134c   0x00000002   Code   RO         3305    i.HardFault_Handler  stm32f10x_it.o
    0x0800134e   0x0800134e   0x00000002   PAD
    0x08001350   0x08001350   0x00000038   Code   RO         3808    i.I2C_Start         oled.o
    0x08001388   0x08001388   0x00000028   Code   RO         3809    i.I2C_Stop          oled.o
    0x080013b0   0x080013b0   0x00000030   Code   RO         3810    i.I2C_WaitAck       oled.o
    0x080013e0   0x080013e0   0x0000000a   Code   RO         3811    i.IIC_delay         oled.o
    0x080013ea   0x080013ea   0x00000044   Code   RO         3196    i.K210_turn         main.o
    0x0800142e   0x0800142e   0x00000002   PAD
    0x08001430   0x08001430   0x000000ec   Code   RO         3664    i.KEY_Scan          key.o
    0x0800151c   0x0800151c   0x0000002c   Code   RO         3665    i.Key_Init          key.o
    0x08001548   0x08001548   0x000000a4   Code   RO         3778    i.LEncoder_Init     encode.o
    0x080015ec   0x080015ec   0x00000048   Code   RO         3692    i.LMotor_Setspeed   motor.o
    0x08001634   0x08001634   0x00000050   Code   RO         3366    i.LPID_realize      control.o
    0x08001684   0x08001684   0x00000002   Code   RO         3306    i.MemManage_Handler  stm32f10x_it.o
    0x08001686   0x08001686   0x00000002   PAD
    0x08001688   0x08001688   0x000000d0   Code   RO         3197    i.Mod_Select        main.o
    0x08001758   0x08001758   0x00000048   Code   RO         3693    i.Motor_Init        motor.o
    0x080017a0   0x080017a0   0x00000004   Code   RO         3694    i.Motor_L           motor.o
    0x080017a4   0x080017a4   0x00000004   Code   RO         3695    i.Motor_R           motor.o
    0x080017a8   0x080017a8   0x00000002   Code   RO         3307    i.NMI_Handler       stm32f10x_it.o
    0x080017aa   0x080017aa   0x00000002   PAD
    0x080017ac   0x080017ac   0x00000064   Code   RO          137    i.NVIC_Init         misc.o
    0x08001810   0x08001810   0x00000014   Code   RO          138    i.NVIC_PriorityGroupConfig  misc.o
    0x08001824   0x08001824   0x0000002c   Code   RO         3812    i.OLED_Clear        oled.o
    0x08001850   0x08001850   0x00000030   Code   RO         3819    i.OLED_DrawPoint    oled.o
    0x08001880   0x08001880   0x00000138   Code   RO         3820    i.OLED_Init         oled.o
    0x080019b8   0x080019b8   0x00000010   Code   RO         3821    i.OLED_Pow          oled.o
    0x080019c8   0x080019c8   0x00000064   Code   RO         3822    i.OLED_Refresh      oled.o
    0x08001a2c   0x08001a2c   0x000000f8   Code   RO         3824    i.OLED_ShowChar     oled.o
    0x08001b24   0x08001b24   0x0000007a   Code   RO         3826    i.OLED_ShowNum      oled.o
    0x08001b9e   0x08001b9e   0x0000003c   Code   RO         3828    i.OLED_ShowString   oled.o
    0x08001bda   0x08001bda   0x0000003a   Code   RO         3829    i.OLED_WR_Byte      oled.o
    0x08001c14   0x08001c14   0x00000030   Code   RO         3830    i.OLED_clearare     oled.o
    0x08001c44   0x08001c44   0x00000038   Code   RO         3831    i.OLED_printf       oled.o
    0x08001c7c   0x08001c7c   0x000000ac   Code   RO         3530    i.PWM_Init          pwm.o
    0x08001d28   0x08001d28   0x0000000a   Code   RO         3531    i.PWM_SetCompare1   pwm.o
    0x08001d32   0x08001d32   0x0000000a   Code   RO         3532    i.PWM_SetCompare2   pwm.o
    0x08001d3c   0x08001d3c   0x00000002   Code   RO         3308    i.PendSV_Handler    stm32f10x_it.o
    0x08001d3e   0x08001d3e   0x00000002   PAD
    0x08001d40   0x08001d40   0x0000007c   Code   RO         3367    i.Position_PID      control.o
    0x08001dbc   0x08001dbc   0x0000001c   Code   RO         1775    i.RCC_APB1PeriphClockCmd  stm32f10x_rcc.o
    0x08001dd8   0x08001dd8   0x0000001c   Code   RO         1777    i.RCC_APB2PeriphClockCmd  stm32f10x_rcc.o
    0x08001df4   0x08001df4   0x000000ac   Code   RO         1785    i.RCC_GetClocksFreq  stm32f10x_rcc.o
    0x08001ea0   0x08001ea0   0x000000a4   Code   RO         3779    i.REncoder_Init     encode.o
    0x08001f44   0x08001f44   0x00000048   Code   RO         3696    i.RMotor_Setspeed   motor.o
    0x08001f8c   0x08001f8c   0x00000054   Code   RO         3368    i.RPID_realize      control.o
    0x08001fe0   0x08001fe0   0x00000014   Code   RO         3780    i.Read_EncoderL     encode.o
    0x08001ff4   0x08001ff4   0x00000014   Code   RO         3781    i.Read_EncoderR     encode.o
    0x08002008   0x08002008   0x00000002   Code   RO         3309    i.SVC_Handler       stm32f10x_it.o
    0x0800200a   0x0800200a   0x00000002   PAD
    0x0800200c   0x0800200c   0x00000048   Code   RO         3832    i.Send_Byte         oled.o
    0x08002054   0x08002054   0x00000004   Code   RO           17    i.SetSysClock       system_stm32f10x.o
    0x08002058   0x08002058   0x000000b0   Code   RO           18    i.SetSysClockTo72   system_stm32f10x.o
    0x08002108   0x08002108   0x00000014   Code   RO         3369    i.Set_Pwm           control.o
    0x0800211c   0x0800211c   0x00000068   Code   RO         3198    i.Show_roe          main.o
    0x08002184   0x08002184   0x00000002   Code   RO         3310    i.SysTick_Handler   stm32f10x_it.o
    0x08002186   0x08002186   0x00000002   PAD
    0x08002188   0x08002188   0x00000050   Code   RO           20    i.SystemInit        system_stm32f10x.o
    0x080021d8   0x080021d8   0x00000074   Code   RO         2405    i.TI1_Config        stm32f10x_tim.o
    0x0800224c   0x0800224c   0x0000007c   Code   RO         2406    i.TI2_Config        stm32f10x_tim.o
    0x080022c8   0x080022c8   0x00000078   Code   RO         2407    i.TI3_Config        stm32f10x_tim.o
    0x08002340   0x08002340   0x0000007c   Code   RO         2408    i.TI4_Config        stm32f10x_tim.o
    0x080023bc   0x080023bc   0x000000f4   Code   RO         3370    i.TIM1_UP_IRQHandler  control.o
    0x080024b0   0x080024b0   0x00000180   Code   RO         3742    i.TIM3_IRQHandler   ultrasonic.o
    0x08002630   0x08002630   0x00000006   Code   RO         2415    i.TIM_ClearFlag     stm32f10x_tim.o
    0x08002636   0x08002636   0x00000006   Code   RO         2416    i.TIM_ClearITPendingBit  stm32f10x_tim.o
    0x0800263c   0x0800263c   0x00000018   Code   RO         2421    i.TIM_Cmd           stm32f10x_tim.o
    0x08002654   0x08002654   0x00000032   Code   RO         2430    i.TIM_EncoderInterfaceConfig  stm32f10x_tim.o
    0x08002686   0x08002686   0x00000004   Code   RO         2436    i.TIM_GetCapture1   stm32f10x_tim.o
    0x0800268a   0x0800268a   0x00000004   Code   RO         2437    i.TIM_GetCapture2   stm32f10x_tim.o
    0x0800268e   0x0800268e   0x00000004   Code   RO         2438    i.TIM_GetCapture3   stm32f10x_tim.o
    0x08002692   0x08002692   0x00000018   Code   RO         2442    i.TIM_GetITStatus   stm32f10x_tim.o
    0x080026aa   0x080026aa   0x00000002   PAD
    0x080026ac   0x080026ac   0x0000008c   Code   RO         2444    i.TIM_ICInit        stm32f10x_tim.o
    0x08002738   0x08002738   0x00000010   Code   RO         2445    i.TIM_ICStructInit  stm32f10x_tim.o
    0x08002748   0x08002748   0x00000014   Code   RO         2446    i.TIM_ITConfig      stm32f10x_tim.o
    0x0800275c   0x0800275c   0x0000000a   Code   RO         2448    i.TIM_InternalClockConfig  stm32f10x_tim.o
    0x08002766   0x08002766   0x00000002   PAD
    0x08002768   0x08002768   0x00000088   Code   RO         2450    i.TIM_OC1Init       stm32f10x_tim.o
    0x080027f0   0x080027f0   0x0000000c   Code   RO         2452    i.TIM_OC1PolarityConfig  stm32f10x_tim.o
    0x080027fc   0x080027fc   0x00000088   Code   RO         2455    i.TIM_OC2Init       stm32f10x_tim.o
    0x08002884   0x08002884   0x00000014   Code   RO         2457    i.TIM_OC2PolarityConfig  stm32f10x_tim.o
    0x08002898   0x08002898   0x00000014   Code   RO         2462    i.TIM_OC3PolarityConfig  stm32f10x_tim.o
    0x080028ac   0x080028ac   0x00000014   Code   RO         2468    i.TIM_OCStructInit  stm32f10x_tim.o
    0x080028c0   0x080028c0   0x00000004   Code   RO         2482    i.TIM_SetCompare1   stm32f10x_tim.o
    0x080028c4   0x080028c4   0x00000004   Code   RO         2483    i.TIM_SetCompare2   stm32f10x_tim.o
    0x080028c8   0x080028c8   0x00000004   Code   RO         2486    i.TIM_SetCounter    stm32f10x_tim.o
    0x080028cc   0x080028cc   0x00000010   Code   RO         2487    i.TIM_SetIC1Prescaler  stm32f10x_tim.o
    0x080028dc   0x080028dc   0x00000018   Code   RO         2488    i.TIM_SetIC2Prescaler  stm32f10x_tim.o
    0x080028f4   0x080028f4   0x00000010   Code   RO         2489    i.TIM_SetIC3Prescaler  stm32f10x_tim.o
    0x08002904   0x08002904   0x00000018   Code   RO         2490    i.TIM_SetIC4Prescaler  stm32f10x_tim.o
    0x0800291c   0x0800291c   0x0000009c   Code   RO         2492    i.TIM_TimeBaseInit  stm32f10x_tim.o
    0x080029b8   0x080029b8   0x00000012   Code   RO         2493    i.TIM_TimeBaseStructInit  stm32f10x_tim.o
    0x080029ca   0x080029ca   0x00000002   PAD
    0x080029cc   0x080029cc   0x0000007c   Code   RO         3518    i.Timer_Init        timer.o
    0x08002a48   0x08002a48   0x000001f8   Code   RO         3566    i.UART_Init         usart.o
    0x08002c40   0x08002c40   0x00000080   Code   RO         3567    i.USART1_IRQHandler  usart.o
    0x08002cc0   0x08002cc0   0x0000017c   Code   RO         3568    i.USART2_IRQHandler  usart.o
    0x08002e3c   0x08002e3c   0x0000002c   Code   RO         3569    i.USART3_IRQHandler  usart.o
    0x08002e68   0x08002e68   0x00000010   Code   RO         2957    i.USART_ClearITPendingBit  stm32f10x_usart.o
    0x08002e78   0x08002e78   0x00000018   Code   RO         2960    i.USART_Cmd         stm32f10x_usart.o
    0x08002e90   0x08002e90   0x0000000e   Code   RO         2963    i.USART_GetFlagStatus  stm32f10x_usart.o
    0x08002e9e   0x08002e9e   0x00000040   Code   RO         2964    i.USART_GetITStatus  stm32f10x_usart.o
    0x08002ede   0x08002ede   0x00000036   Code   RO         2966    i.USART_ITConfig    stm32f10x_usart.o
    0x08002f14   0x08002f14   0x000000bc   Code   RO         2967    i.USART_Init        stm32f10x_usart.o
    0x08002fd0   0x08002fd0   0x00000008   Code   RO         2974    i.USART_ReceiveData  stm32f10x_usart.o
    0x08002fd8   0x08002fd8   0x00000008   Code   RO         2977    i.USART_SendData    stm32f10x_usart.o
    0x08002fe0   0x08002fe0   0x0000004a   Code   RO         3570    i.USART_printf      usart.o
    0x0800302a   0x0800302a   0x00000002   Code   RO         3311    i.UsageFault_Handler  stm32f10x_it.o
    0x0800302c   0x0800302c   0x0000002c   Code   RO         3371    i.Xianfu_PWM1       control.o
    0x08003058   0x08003058   0x0000002c   Code   RO         3372    i.Xianfu_Pwm        control.o
    0x08003084   0x08003084   0x00000020   Code   RO         4961    i.__0printf         mc_w.l(printfa.o)
    0x080030a4   0x080030a4   0x0000002c   Code   RO         4966    i.__0vsnprintf      mc_w.l(printfa.o)
    0x080030d0   0x080030d0   0x00000024   Code   RO         4967    i.__0vsprintf       mc_w.l(printfa.o)
    0x080030f4   0x080030f4   0x0000000e   Code   RO         5107    i.__scatterload_copy  mc_w.l(handlers.o)
    0x08003102   0x08003102   0x00000002   Code   RO         5108    i.__scatterload_null  mc_w.l(handlers.o)
    0x08003104   0x08003104   0x0000000e   Code   RO         5109    i.__scatterload_zeroinit  mc_w.l(handlers.o)
    0x08003112   0x08003112   0x00000002   PAD
    0x08003114   0x08003114   0x00000184   Code   RO         4968    i._fp_digits        mc_w.l(printfa.o)
    0x08003298   0x08003298   0x000006dc   Code   RO         4969    i._printf_core      mc_w.l(printfa.o)
    0x08003974   0x08003974   0x00000024   Code   RO         4970    i._printf_post_padding  mc_w.l(printfa.o)
    0x08003998   0x08003998   0x0000002e   Code   RO         4971    i._printf_pre_padding  mc_w.l(printfa.o)
    0x080039c6   0x080039c6   0x00000016   Code   RO         4972    i._snputc           mc_w.l(printfa.o)
    0x080039dc   0x080039dc   0x0000000a   Code   RO         4973    i._sputc            mc_w.l(printfa.o)
    0x080039e6   0x080039e6   0x00000018   Code   RO         3463    i.delay_ms          delay.o
    0x080039fe   0x080039fe   0x00000020   Code   RO         3465    i.delay_us          delay.o
    0x08003a1e   0x08003a1e   0x0000005a   Code   RO         3199    i.enter_step        main.o
    0x08003a78   0x08003a78   0x00000024   Code   RO         3575    i.fputc             usart.o
    0x08003a9c   0x08003a9c   0x00000834   Code   RO         3200    i.main              main.o
    0x080042d0   0x080042d0   0x00000058   Code   RO         3201    i.out_step          main.o
    0x08004328   0x08004328   0x00000088   Code   RO         3440    i.topic_select      gui_control.o
    0x080043b0   0x080043b0   0x00001e10   Data   RO         3834    .constdata          oled.o
    0x080061c0   0x080061c0   0x00000020   Data   RO         5105    Region$$Table       anon$$obj.o


    Execution Region RW_IRAM1 (Exec base: 0x20000000, Load base: 0x080061e0, Size: 0x00000ac8, Max: 0x00005000, ABSOLUTE, COMPRESSED[0x00000030])

    Exec Addr    Load Addr    Size         Type   Attr      Idx    E Section Name        Object

    0x20000000   COMPRESSED   0x00000014   Data   RW         1805    .data               stm32f10x_rcc.o
    0x20000014   COMPRESSED   0x00000008   Data   RW         3203    .data               main.o
    0x2000001c   COMPRESSED   0x00000098   Data   RW         3373    .data               control.o
    0x200000b4   COMPRESSED   0x0000004c   Data   RW         3441    .data               gui_control.o
    0x20000100   COMPRESSED   0x00000014   Data   RW         3577    .data               usart.o
    0x20000114   COMPRESSED   0x00000001   Data   RW         3666    .data               key.o
    0x20000115   COMPRESSED   0x00000003   PAD
    0x20000118   COMPRESSED   0x00000014   Data   RW         3744    .data               ultrasonic.o
    0x2000012c   COMPRESSED   0x00000008   Data   RW         4679    .data               find_flag.o
    0x20000134   COMPRESSED   0x00000004   Data   RW         5072    .data               mc_w.l(stdout.o)
    0x20000138        -       0x0000010e   Zero   RW         3576    .bss                usart.o
    0x20000246        -       0x00000480   Zero   RW         3833    .bss                oled.o
    0x200006c6   COMPRESSED   0x00000002   PAD
    0x200006c8        -       0x00000400   Zero   RW          130    STACK               startup_stm32f10x_md.o


==============================================================================

Image component sizes


      Code (inc. data)   RO Data    RW Data    ZI Data      Debug   Object Name

       640         50          0        152          0       5021   control.o
         0          0          0          0          0       4540   core_cm3.o
        56          0          0          0          0        926   delay.o
       368         24          0          0          0       2264   encode.o
       152         14          0          8          0       1294   find_flag.o
      1836         74          0         76          0       3080   gui_control.o
       280         14          0          1          0       1218   key.o
      2658        412          0          8          0       4857   main.o
       120         14          0          0          0     206919   misc.o
       244         22          0          0          0       2974   motor.o
      1338         60       7696          0       1152      10999   oled.o
       192          6          0          0          0       1515   pwm.o
        36          8        236          0       1024        780   startup_stm32f10x_md.o
         0          0          0          0          0       1652   stm32f10x_adc.o
       128         12          0          0          0       3609   stm32f10x_exti.o
       264         32          0          0          0      11078   stm32f10x_flash.o
       320         12          0          0          0      13240   stm32f10x_gpio.o
        18          0          0          0          0       3670   stm32f10x_it.o
       228         30          0         20          0      13110   stm32f10x_rcc.o
      1402        178          0          0          0      39320   stm32f10x_tim.o
       376          6          0          0          0      12751   stm32f10x_usart.o
       260         26          0          0          0      45149   system_stm32f10x.o
       124          6          0          0          0        545   timer.o
       384         10          0         20          0       1439   ultrasonic.o
      1166         68          0         20        270       7117   usart.o

    ----------------------------------------------------------------------
     12616       1078       7964        308       2448     399067   Object Totals
         0          0         32          0          0          0   (incl. Generated)
        26          0          0          3          2          0   (incl. Padding)

    ----------------------------------------------------------------------

      Code (inc. data)   RO Data    RW Data    ZI Data      Debug   Library Member Name

        58          0          0          0          0          0   __dczerorl.o
         0          0          0          0          0          0   entry.o
         0          0          0          0          0          0   entry10a.o
         0          0          0          0          0          0   entry11a.o
         8          4          0          0          0          0   entry2.o
         4          0          0          0          0          0   entry5.o
         0          0          0          0          0          0   entry7b.o
         0          0          0          0          0          0   entry8b.o
         8          4          0          0          0          0   entry9a.o
        30          0          0          0          0          0   handlers.o
        36          8          0          0          0         68   init.o
         0          0          0          0          0          0   iusefp.o
        30          0          0          0          0         68   llshl.o
        36          0          0          0          0         68   llsshr.o
        32          0          0          0          0         68   llushr.o
        36          0          0          0          0        108   memseta.o
      2370        100          0          0          0        748   printfa.o
         0          0          0          4          0          0   stdout.o
        28          0          0          0          0         76   strcmp.o
        44          0          0          0          0         80   uidiv.o
        98          0          0          0          0         92   uldiv.o
        48          0          0          0          0         68   cdrcmple.o
       334          0          0          0          0        148   dadd.o
       222          0          0          0          0        100   ddiv.o
       186          0          0          0          0        176   depilogue.o
        48          0          0          0          0         68   dfixul.o
       228          0          0          0          0         96   dmul.o
       176          0          0          0          0        140   fadd.o
       124          0          0          0          0         88   fdiv.o
       110          0          0          0          0        168   fepilogue.o
        50          0          0          0          0         68   ffixi.o
        18          0          0          0          0         68   fflti.o
        10          0          0          0          0         68   ffltui.o
       100          0          0          0          0         76   fmul.o

    ----------------------------------------------------------------------
      4476        116          0          4          0       2708   Library Totals
         4          0          0          0          0          0   (incl. Padding)

    ----------------------------------------------------------------------

      Code (inc. data)   RO Data    RW Data    ZI Data      Debug   Library Name

      2818        116          0          4          0       1376   mc_w.l
      1654          0          0          0          0       1332   mf_w.l

    ----------------------------------------------------------------------
      4476        116          0          4          0       2708   Library Totals

    ----------------------------------------------------------------------

==============================================================================


      Code (inc. data)   RO Data    RW Data    ZI Data      Debug   

     17092       1194       7964        312       2448     394155   Grand Totals
     17092       1194       7964         48       2448     394155   ELF Image Totals (compressed)
     17092       1194       7964         48          0          0   ROM Totals

==============================================================================

    Total RO  Size (Code + RO Data)                25056 (  24.47kB)
    Total RW  Size (RW Data + ZI Data)              2760 (   2.70kB)
    Total ROM Size (Code + RO Data + RW Data)      25104 (  24.52kB)

==============================================================================

