<html>
<body>
<pre>
<h1>µVision Build Log</h1>
<h2>Tool Versions:</h2>
IDE-Version: ¦ÌVision V5.24.2.0
Copyright (C) 2017 ARM Ltd and ARM Germany GmbH. All rights reserved.
License Information: y z, f, LIC=WHYH9-4IQGN-2ZRW4-FPD06-2TW51-WA3PV
 
Tool Versions:
Toolchain:       MDK-ARM Plus  Version: 5.24.1
Toolchain Path:  D:\keil5 mdk\ARM\ARMCC\Bin
C Compiler:      Armcc.exe V5.06 update 5 (build 528)
Assembler:       Armasm.exe V5.06 update 5 (build 528)
Linker/Locator:  ArmLink.exe V5.06 update 5 (build 528)
Library Manager: ArmAr.exe V5.06 update 5 (build 528)
Hex Converter:   FromElf.exe V5.06 update 5 (build 528)
CPU DLL:         SARMCM3.DLL V5.24.1
Dialog DLL:      DARMSTM.DLL V1.68.0.0
Target DLL:      STLink\ST-LINKIII-KEIL_SWO.dll V3.0.1.0
Dialog DLL:      TARMSTM.DLL V1.66.0.0
 
<h2>Project:</h2>
D:\desktop\two-car-overtaking\overtaking\Openmv_Backup\Project.uvprojx
Project File Date:  05/22/2023

<h2>Output:</h2>
*** Using Compiler 'V5.06 update 5 (build 528)', folder: 'D:\keil5 mdk\ARM\ARMCC\Bin'
Rebuild target 'Target 1'
assembling startup_stm32f10x_md.s...
compiling stm32f10x_crc.c...
compiling system_stm32f10x.c...
compiling core_cm3.c...
compiling stm32f10x_dbgmcu.c...
compiling stm32f10x_cec.c...
compiling stm32f10x_dac.c...
compiling misc.c...
compiling stm32f10x_adc.c...
compiling stm32f10x_bkp.c...
compiling stm32f10x_can.c...
compiling stm32f10x_dma.c...
compiling stm32f10x_exti.c...
compiling stm32f10x_flash.c...
compiling stm32f10x_fsmc.c...
compiling stm32f10x_gpio.c...
compiling stm32f10x_iwdg.c...
compiling stm32f10x_i2c.c...
compiling stm32f10x_pwr.c...
compiling stm32f10x_rtc.c...
compiling stm32f10x_rcc.c...
compiling stm32f10x_sdio.c...
compiling stm32f10x_spi.c...
compiling stm32f10x_usart.c...
compiling stm32f10x_wwdg.c...
compiling stm32f10x_tim.c...
compiling stm32f10x_it.c...
compiling control.c...
compiling sys.c...
compiling Delay.c...
compiling Timer.c...
compiling GUI_control.c...
compiling main.c...
compiling PWM.c...
compiling usart.c...
System\usart.c(395): warning:  #550-D: variable "RX_Data3"  was set but never used
  	uint8_t RX_Data3;
System\usart.c(396): warning:  #550-D: variable "Flag"  was set but never used
    uint8_t Flag;
System\usart.c: 2 warnings, 0 errors
compiling Motor.c...
compiling ADC.c...
compiling Key.c...
compiling encode.c...
Hardware\encode.c(38): warning:  #177-D: variable "Speed"  was declared but never referenced
  	float Speed = 0.0;  
Hardware\encode.c(82): warning:  #177-D: variable "Speed"  was declared but never referenced
  	float Speed = 0.0;  
Hardware\encode.c: 2 warnings, 0 errors
compiling Ultrasonic.c...
compiling Trail.c...
compiling oled.c...
compiling inv_mpu_dmp_motion_driver.c...
compiling mpu6050.c...
compiling inv_mpu.c...
compiling Find_flag.c...
compiling mpuiic.c...
linking...
Program Size: Code=16812 RO-data=7964 RW-data=312 ZI-data=2296  
".\Objects\Project.axf" - 0 Error(s), 4 Warning(s).

<h2>Software Packages used:</h2>

Package Vendor: Keil
                http://www.keil.com/pack/Keil.STM32F1xx_DFP.2.2.0.pack
                Keil.STM32F1xx_DFP.2.2.0
                STMicroelectronics STM32F1 Series Device Support, Drivers and Examples

<h2>Collection of Component include folders:</h2>
  .\RTE\_Target_1
  D:\keil5 mdk\ARM\PACK\Keil\STM32F1xx_DFP\2.2.0\Device\Include

<h2>Collection of Component Files used:</h2>
Build Time Elapsed:  00:00:07
</pre>
</body>
</html>
